Archive member included to satisfy reference by file (symbol)

d:/programs/atollic truestudio/truestudio for stm32 9.3.0/armtools/bin/../lib/gcc/arm-atollic-eabi/6.3.1/../../../../arm-atollic-eabi/lib/armv7-m\libc_nano.a(lib_a-errno.o)
                              Core\Src\syscalls.o (__errno)
d:/programs/atollic truestudio/truestudio for stm32 9.3.0/armtools/bin/../lib/gcc/arm-atollic-eabi/6.3.1/../../../../arm-atollic-eabi/lib/armv7-m\libc_nano.a(lib_a-impure.o)
                              d:/programs/atollic truestudio/truestudio for stm32 9.3.0/armtools/bin/../lib/gcc/arm-atollic-eabi/6.3.1/../../../../arm-atollic-eabi/lib/armv7-m\libc_nano.a(lib_a-errno.o) (_impure_ptr)
d:/programs/atollic truestudio/truestudio for stm32 9.3.0/armtools/bin/../lib/gcc/arm-atollic-eabi/6.3.1/../../../../arm-atollic-eabi/lib/armv7-m\libc_nano.a(lib_a-init.o)
                              startup\startup_stm32f103xb.o (__libc_init_array)
d:/programs/atollic truestudio/truestudio for stm32 9.3.0/armtools/bin/../lib/gcc/arm-atollic-eabi/6.3.1/../../../../arm-atollic-eabi/lib/armv7-m\libc_nano.a(lib_a-memcpy-stub.o)
                              Middlewares\Third_Party\FreeRTOS\Source\queue.o (memcpy)
d:/programs/atollic truestudio/truestudio for stm32 9.3.0/armtools/bin/../lib/gcc/arm-atollic-eabi/6.3.1/../../../../arm-atollic-eabi/lib/armv7-m\libc_nano.a(lib_a-memset.o)
                              Core\Src\adc.o (memset)
d:/programs/atollic truestudio/truestudio for stm32 9.3.0/armtools/bin/../lib/gcc/arm-atollic-eabi/6.3.1/armv7-m\libgcc.a(_lshrdi3.o)
                              Drivers\STM32F1xx_HAL_Driver\Src\stm32f1xx_hal_flash.o (__aeabi_llsr)
d:/programs/atollic truestudio/truestudio for stm32 9.3.0/armtools/bin/../lib/gcc/arm-atollic-eabi/6.3.1/armv7-m\libgcc.a(unwind-arm.o)
                              Core\Src\main.o (__aeabi_unwind_cpp_pr0)
d:/programs/atollic truestudio/truestudio for stm32 9.3.0/armtools/bin/../lib/gcc/arm-atollic-eabi/6.3.1/armv7-m\libgcc.a(libunwind.o)
                              d:/programs/atollic truestudio/truestudio for stm32 9.3.0/armtools/bin/../lib/gcc/arm-atollic-eabi/6.3.1/armv7-m\libgcc.a(unwind-arm.o) (restore_core_regs)
d:/programs/atollic truestudio/truestudio for stm32 9.3.0/armtools/bin/../lib/gcc/arm-atollic-eabi/6.3.1/armv7-m\libgcc.a(pr-support.o)
                              d:/programs/atollic truestudio/truestudio for stm32 9.3.0/armtools/bin/../lib/gcc/arm-atollic-eabi/6.3.1/armv7-m\libgcc.a(unwind-arm.o) (__gnu_unwind_execute)
d:/programs/atollic truestudio/truestudio for stm32 9.3.0/armtools/bin/../lib/gcc/arm-atollic-eabi/6.3.1/../../../../arm-atollic-eabi/lib/armv7-m\libc_nano.a(lib_a-abort.o)
                              d:/programs/atollic truestudio/truestudio for stm32 9.3.0/armtools/bin/../lib/gcc/arm-atollic-eabi/6.3.1/armv7-m\libgcc.a(unwind-arm.o) (abort)
d:/programs/atollic truestudio/truestudio for stm32 9.3.0/armtools/bin/../lib/gcc/arm-atollic-eabi/6.3.1/../../../../arm-atollic-eabi/lib/armv7-m\libc_nano.a(lib_a-signal.o)
                              d:/programs/atollic truestudio/truestudio for stm32 9.3.0/armtools/bin/../lib/gcc/arm-atollic-eabi/6.3.1/../../../../arm-atollic-eabi/lib/armv7-m\libc_nano.a(lib_a-abort.o) (raise)
d:/programs/atollic truestudio/truestudio for stm32 9.3.0/armtools/bin/../lib/gcc/arm-atollic-eabi/6.3.1/../../../../arm-atollic-eabi/lib/armv7-m\libc_nano.a(lib_a-signalr.o)
                              d:/programs/atollic truestudio/truestudio for stm32 9.3.0/armtools/bin/../lib/gcc/arm-atollic-eabi/6.3.1/../../../../arm-atollic-eabi/lib/armv7-m\libc_nano.a(lib_a-signal.o) (_kill_r)
d:/programs/atollic truestudio/truestudio for stm32 9.3.0/armtools/bin/../lib/gcc/arm-atollic-eabi/6.3.1/../../../../arm-atollic-eabi/lib/armv7-m\libc_nano.a(lib_a-nano-mallocr.o)
                              d:/programs/atollic truestudio/truestudio for stm32 9.3.0/armtools/bin/../lib/gcc/arm-atollic-eabi/6.3.1/../../../../arm-atollic-eabi/lib/armv7-m\libc_nano.a(lib_a-signal.o) (_malloc_r)
d:/programs/atollic truestudio/truestudio for stm32 9.3.0/armtools/bin/../lib/gcc/arm-atollic-eabi/6.3.1/../../../../arm-atollic-eabi/lib/armv7-m\libc_nano.a(lib_a-reent.o)
                              d:/programs/atollic truestudio/truestudio for stm32 9.3.0/armtools/bin/../lib/gcc/arm-atollic-eabi/6.3.1/../../../../arm-atollic-eabi/lib/armv7-m\libc_nano.a(lib_a-signalr.o) (errno)
d:/programs/atollic truestudio/truestudio for stm32 9.3.0/armtools/bin/../lib/gcc/arm-atollic-eabi/6.3.1/../../../../arm-atollic-eabi/lib/armv7-m\libc_nano.a(lib_a-sbrkr.o)
                              d:/programs/atollic truestudio/truestudio for stm32 9.3.0/armtools/bin/../lib/gcc/arm-atollic-eabi/6.3.1/../../../../arm-atollic-eabi/lib/armv7-m\libc_nano.a(lib_a-nano-mallocr.o) (_sbrk_r)
d:/programs/atollic truestudio/truestudio for stm32 9.3.0/armtools/bin/../lib/gcc/arm-atollic-eabi/6.3.1/../../../../arm-atollic-eabi/lib/armv7-m\libc_nano.a(lib_a-mlock.o)
[...]
Memory Configuration

Name             Origin             Length             Attributes
RAM              0x20000000         0x00005000         xrw
FLASH            0x08000000         0x00020000         xr
*default*        0x00000000         0xffffffff

Linker script and memory map

LOAD d:/programs/atollic truestudio/truestudio for stm32 9.3.0/armtools/bin/../lib/gcc/arm-atollic-eabi/6.3.1/armv7-m/crti.o
LOAD d:/programs/atollic truestudio/truestudio for stm32 9.3.0/armtools/bin/../lib/gcc/arm-atollic-eabi/6.3.1/armv7-m/crtbegin.o
LOAD Core\Src\adc.o
LOAD Core\Src\dma.o
LOAD Core\Src\freertos.o
LOAD Core\Src\gpio.o
LOAD Core\Src\main.o
LOAD Core\Src\stm32f1xx_hal_msp.o
LOAD Core\Src\stm32f1xx_hal_timebase_tim.o
LOAD Core\Src\stm32f1xx_it.o
LOAD Core\Src\syscalls.o
LOAD Core\Src\system_stm32f1xx.o
LOAD Core\Src\usart.o
LOAD Drivers\STM32F1xx_HAL_Driver\Src\stm32f1xx_hal.o
LOAD Drivers\STM32F1xx_HAL_Driver\Src\stm32f1xx_hal_adc.o
LOAD Drivers\STM32F1xx_HAL_Driver\Src\stm32f1xx_hal_adc_ex.o
LOAD Drivers\STM32F1xx_HAL_Driver\Src\stm32f1xx_hal_cortex.o
LOAD Drivers\STM32F1xx_HAL_Driver\Src\stm32f1xx_hal_dma.o
LOAD Drivers\STM32F1xx_HAL_Driver\Src\stm32f1xx_hal_exti.o
LOAD Drivers\STM32F1xx_HAL_Driver\Src\stm32f1xx_hal_flash.o
LOAD Drivers\STM32F1xx_HAL_Driver\Src\stm32f1xx_hal_flash_ex.o
LOAD Drivers\STM32F1xx_HAL_Driver\Src\stm32f1xx_hal_gpio.o
LOAD Drivers\STM32F1xx_HAL_Driver\Src\stm32f1xx_hal_gpio_ex.o
LOAD Drivers\STM32F1xx_HAL_Driver\Src\stm32f1xx_hal_pwr.o
LOAD Drivers\STM32F1xx_HAL_Driver\Src\stm32f1xx_hal_rcc.o
LOAD Drivers\STM32F1xx_HAL_Driver\Src\stm32f1xx_hal_rcc_ex.o
LOAD Drivers\STM32F1xx_HAL_Driver\Src\stm32f1xx_hal_tim.o
LOAD Drivers\STM32F1xx_HAL_Driver\Src\stm32f1xx_hal_tim_ex.o
LOAD Drivers\STM32F1xx_HAL_Driver\Src\stm32f1xx_hal_uart.o
LOAD Middlewares\Third_Party\FreeRTOS\Source\CMSIS_RTOS\cmsis_os.o
LOAD Middlewares\Third_Party\FreeRTOS\Source\croutine.o
LOAD Middlewares\Third_Party\FreeRTOS\Source\event_groups.o
LOAD Middlewares\Third_Party\FreeRTOS\Source\list.o
LOAD Middlewares\Third_Party\FreeRTOS\Source\portable\GCC\ARM_CM3\port.o
LOAD Middlewares\Third_Party\FreeRTOS\Source\portable\MemMang\heap_4.o
LOAD Middlewares\Third_Party\FreeRTOS\Source\queue.o
LOAD Middlewares\Third_Party\FreeRTOS\Source\stream_buffer.o
LOAD Middlewares\Third_Party\FreeRTOS\Source\tasks.o
LOAD Middlewares\Third_Party\FreeRTOS\Source\timers.o
LOAD startup\startup_stm32f103xb.o
                0x00001000                malloc_getpagesize_P = 0x1000
START GROUP
LOAD d:/programs/atollic truestudio/truestudio for stm32 9.3.0/armtools/bin/../lib/gcc/arm-atollic-eabi/6.3.1/../../../../arm-atollic-eabi/lib/armv7-m\libstdc++_nano.a
LOAD d:/programs/atollic truestudio/truestudio for stm32 9.3.0/armtools/bin/../lib/gcc/arm-atollic-eabi/6.3.1/../../../../arm-atollic-eabi/lib/armv7-m\libsupc++_nano.a
END GROUP
LOAD d:/programs/atollic truestudio/truestudio for stm32 9.3.0/armtools/bin/../lib/gcc/arm-atollic-eabi/6.3.1/../../../../arm-atollic-eabi/lib/armv7-m\libstdc++_nano.a
LOAD d:/programs/atollic truestudio/truestudio for stm32 9.3.0/armtools/bin/../lib/gcc/arm-atollic-eabi/6.3.1/../../../../arm-atollic-eabi/lib/armv7-m\libm.a
LOAD d:/programs/atollic truestudio/truestudio for stm32 9.3.0/armtools/bin/../lib/gcc/arm-atollic-eabi/6.3.1/../../../../arm-atollic-eabi/lib/armv7-m\libc_nano.a
START GROUP
LOAD d:/programs/atollic truestudio/truestudio for stm32 9.3.0/armtools/bin/../lib/gcc/arm-atollic-eabi/6.3.1/armv7-m\libgcc.a
LOAD d:/programs/atollic truestudio/truestudio for stm32 9.3.0/armtools/bin/../lib/gcc/arm-atollic-eabi/6.3.1/../../../../arm-atollic-eabi/lib/armv7-m\libc_nano.a
END GROUP
START GROUP
LOAD d:/programs/atollic truestudio/truestudio for stm32 9.3.0/armtools/bin/../lib/gcc/arm-atollic-eabi/6.3.1/armv7-m\libgcc.a
LOAD d:/programs/atollic truestudio/truestudio for stm32 9.3.0/armtools/bin/../lib/gcc/arm-atollic-eabi/6.3.1/../../../../arm-atollic-eabi/lib/armv7-m\libc_nano.a
LOAD d:/programs/atollic truestudio/truestudio for stm32 9.3.0/armtools/bin/../lib/gcc/arm-atollic-eabi/6.3.1/../../../../arm-atollic-eabi/lib/armv7-m\libnosys.a
END GROUP
START GROUP
LOAD d:/programs/atollic truestudio/truestudio for stm32 9.3.0/armtools/bin/../lib/gcc/arm-atollic-eabi/6.3.1/armv7-m\libgcc.a
LOAD d:/programs/atollic truestudio/truestudio for stm32 9.3.0/armtools/bin/../lib/gcc/arm-atollic-eabi/6.3.1/../../../../arm-atollic-eabi/lib/armv7-m\libc_nano.a
LOAD d:/programs/atollic truestudio/truestudio for stm32 9.3.0/armtools/bin/../lib/gcc/arm-atollic-eabi/6.3.1/../../../../arm-atollic-eabi/lib/armv7-m\libnosys.a
END GROUP
LOAD d:/programs/atollic truestudio/truestudio for stm32 9.3.0/armtools/bin/../lib/gcc/arm-atollic-eabi/6.3.1/armv7-m/crtend.o
LOAD d:/programs/atollic truestudio/truestudio for stm32 9.3.0/armtools/bin/../lib/gcc/arm-atollic-eabi/6.3.1/armv7-m/crtn.o
                0x20005000                _estack = 0x20005000
                0x00000200                _Min_Heap_Size = 0x200
                0x00000400                _Min_Stack_Size = 0x400

.isr_vector     0x08000000      0x10c
                0x08000000                . = ALIGN (0x4)
 *(.isr_vector)
 .isr_vector    0x08000000      0x10c startup\startup_stm32f103xb.o
                0x08000000                g_pfnVectors
                0x0800010c                . = ALIGN (0x4)

.text           0x08000110     0x3268
                0x08000110                . = ALIGN (0x4)
 *(.text)
 .text          0x08000110       0x40 d:/programs/atollic truestudio/truestudio for stm32 9.3.0/armtools/bin/../lib/gcc/arm-atollic-eabi/6.3.1/armv7-m/crtbegin.o
 .text          0x08000150      0x9dc d:/programs/atollic truestudio/truestudio for stm32 9.3.0/armtools/bin/../lib/gcc/arm-atollic-eabi/6.3.1/armv7-m\libgcc.a(unwind-arm.o)
                0x08000414                _Unwind_GetCFA
                0x08000418                __gnu_Unwind_RaiseException
                0x08000478                __gnu_Unwind_ForcedUnwind
                0x0800048c                __gnu_Unwind_Resume
                0x080004d0                __gnu_Unwind_Resume_or_Rethrow
                0x080004e4                _Unwind_Complete
                0x080004e8                _Unwind_DeleteException
                0x080004f4                _Unwind_VRS_Get
                0x08000540                _Unwind_VRS_Set
                0x08000590                __gnu_Unwind_Backtrace
                0x080008d4                __aeabi_unwind_cpp_pr0
                0x080008d8                __aeabi_unwind_cpp_pr1
                0x080008dc                __aeabi_unwind_cpp_pr2
                0x080008e0                _Unwind_VRS_Pop
 .text          0x08000b2c      0x1ac d:/programs/atollic truestudio/truestudio for stm32 9.3.0/armtools/bin/../lib/gcc/arm-atollic-eabi/6.3.1/armv7-m\libgcc.a(libunwind.o)
                0x08000b2c                __restore_core_regs
                0x08000b2c                restore_core_regs
                0x08000b44                __gnu_Unwind_Restore_VFP
                0x08000b4c                __gnu_Unwind_Save_VFP
                0x08000b54                __gnu_Unwind_Restore_VFP_D
                0x08000b5c                __gnu_Unwind_Save_VFP_D
                0x08000b64                __gnu_Unwind_Restore_VFP_D_16_to_31
                0x08000b6c                __gnu_Unwind_Save_VFP_D_16_to_31
                0x08000b74                __gnu_Unwind_Restore_WMMXD
                0x08000bb8                __gnu_Unwind_Save_WMMXD
                0x08000bfc                __gnu_Unwind_Restore_WMMXC
                0x08000c10                __gnu_Unwind_Save_WMMXC
                0x08000c24                ___Unwind_RaiseException
                0x08000c24                _Unwind_RaiseException
                0x08000c48                _Unwind_Resume
                0x08000c48                ___Unwind_Resume
                0x08000c6c                _Unwind_Resume_or_Rethrow
                0x08000c6c                ___Unwind_Resume_or_Rethrow
                0x08000c90                _Unwind_ForcedUnwind
                0x08000c90                ___Unwind_ForcedUnwind
                0x08000cb4                ___Unwind_Backtrace
                0x08000cb4                _Unwind_Backtrace
 .text          0x08000cd8      0x384 d:/programs/atollic truestudio/truestudio for stm32 9.3.0/armtools/bin/../lib/gcc/arm-atollic-eabi/6.3.1/armv7-m\libgcc.a(pr-support.o)
                0x08000d30                __gnu_unwind_execute
                0x08001000                __gnu_unwind_frame
                0x0800102c                _Unwind_GetRegionStart
                0x08001038                _Unwind_GetLanguageSpecificData
                0x0800104c                _Unwind_GetTextRelBase
                0x08001054                _Unwind_GetDataRelBase
 *(.text*)
 .text.MX_ADC1_Init
                0x0800105c       0x6c Core\Src\adc.o
                0x0800105c                MX_ADC1_Init
 .text.HAL_ADC_MspInit
                0x080010c8       0x94 Core\Src\adc.o
                0x080010c8                HAL_ADC_MspInit
 .text.MX_DMA_Init
                0x0800115c       0x30 Core\Src\dma.o
                0x0800115c                MX_DMA_Init
 .text.vApplicationGetIdleTaskMemory
                0x0800118c       0x30 Core\Src\freertos.o
                0x0800118c                vApplicationGetIdleTaskMemory
 .text.MX_FREERTOS_Init
                0x080011bc       0x38 Core\Src\freertos.o
                0x080011bc                MX_FREERTOS_Init
 .text.StartDefaultTask
                0x080011f4       0x10 Core\Src\freertos.o
                0x080011f4                StartDefaultTask
 .text.MX_GPIO_Init
                0x08001204       0xc8 Core\Src\gpio.o
                0x08001204                MX_GPIO_Init
 .text.main     0x080012cc       0x26 Core\Src\main.o
                0x080012cc                main
 .text.SystemClock_Config
                0x080012f2       0xc8 Core\Src\main.o
                0x080012f2                SystemClock_Config
 *fill*         0x080013ba        0x2 
 .text.HAL_TIM_PeriodElapsedCallback
                0x080013bc       0x24 Core\Src\main.o
                0x080013bc                HAL_TIM_PeriodElapsedCallback
 .text.Error_Handler
                0x080013e0        0xc Core\Src\main.o
                0x080013e0                Error_Handler
 .text.HAL_MspInit
                0x080013ec       0x50 Core\Src\stm32f1xx_hal_msp.o
                0x080013ec                HAL_MspInit
 .text.HAL_InitTick
                0x0800143c       0x78 Core\Src\stm32f1xx_hal_timebase_tim.o
                0x0800143c                HAL_InitTick
 .text.NMI_Handler
                0x080014b4        0x2 Core\Src\stm32f1xx_it.o
                0x080014b4                NMI_Handler
 .text.HardFault_Handler
                0x080014b6        0x2 Core\Src\stm32f1xx_it.o
                0x080014b6                HardFault_Handler
 .text.MemManage_Handler
                0x080014b8        0x2 Core\Src\stm32f1xx_it.o
                0x080014b8                MemManage_Handler
 .text.BusFault_Handler
                0x080014ba        0x2 Core\Src\stm32f1xx_it.o
                0x080014ba                BusFault_Handler
 .text.UsageFault_Handler
                0x080014bc        0x2 Core\Src\stm32f1xx_it.o
                0x080014bc                UsageFault_Handler
 .text.DebugMon_Handler
                0x080014be        0x2 Core\Src\stm32f1xx_it.o
                0x080014be                DebugMon_Handler
 .text.DMA1_Channel1_IRQHandler
                0x080014c0        0xc Core\Src\stm32f1xx_it.o
                0x080014c0                DMA1_Channel1_IRQHandler
 .text.TIM1_UP_IRQHandler
                0x080014cc        0xc Core\Src\stm32f1xx_it.o
                0x080014cc                TIM1_UP_IRQHandler
 .text.EXTI15_10_IRQHandler
                0x080014d8        0x8 Core\Src\stm32f1xx_it.o
                0x080014d8                EXTI15_10_IRQHandler
 .text._getpid  0x080014e0        0x4 Core\Src\syscalls.o
                0x080014e0                _getpid
 .text._kill    0x080014e4       0x10 Core\Src\syscalls.o
                0x080014e4                _kill
 .text._exit    0x080014f4        0xc Core\Src\syscalls.o
                0x080014f4                _exit
 .text.SystemInit
                0x08001500        0x2 Core\Src\system_stm32f1xx.o
                0x08001500                SystemInit
 *fill*         0x08001502        0x2 
 .text.MX_USART3_UART_Init
                0x08001504       0x38 Core\Src\usart.o
                0x08001504                MX_USART3_UART_Init
 .text.HAL_UART_MspInit
                0x0800153c       0x78 Core\Src\usart.o
                0x0800153c                HAL_UART_MspInit
 .text.HAL_Init
                0x080015b4       0x24 Drivers\STM32F1xx_HAL_Driver\Src\stm32f1xx_hal.o
                0x080015b4                HAL_Init
 .text.HAL_IncTick
                0x080015d8       0x18 Drivers\STM32F1xx_HAL_Driver\Src\stm32f1xx_hal.o
                0x080015d8                HAL_IncTick
 .text.HAL_GetTick
                0x080015f0        0xc Drivers\STM32F1xx_HAL_Driver\Src\stm32f1xx_hal.o
                0x080015f0                HAL_GetTick
 .text.HAL_ADC_ConfigChannel
                0x080015fc      0x108 Drivers\STM32F1xx_HAL_Driver\Src\stm32f1xx_hal_adc.o
                0x080015fc                HAL_ADC_ConfigChannel
 .text.ADC_ConversionStop_Disable
                0x08001704       0x44 Drivers\STM32F1xx_HAL_Driver\Src\stm32f1xx_hal_adc.o
                0x08001704                ADC_ConversionStop_Disable
 .text.HAL_ADC_Init
                0x08001748      0x100 Drivers\STM32F1xx_HAL_Driver\Src\stm32f1xx_hal_adc.o
                0x08001748                HAL_ADC_Init
 .text.HAL_NVIC_SetPriorityGrouping
                0x08001848       0x24 Drivers\STM32F1xx_HAL_Driver\Src\stm32f1xx_hal_cortex.o
                0x08001848                HAL_NVIC_SetPriorityGrouping
 .text.HAL_NVIC_SetPriority
                0x0800186c       0x68 Drivers\STM32F1xx_HAL_Driver\Src\stm32f1xx_hal_cortex.o
                0x0800186c                HAL_NVIC_SetPriority
 .text.HAL_NVIC_EnableIRQ
                0x080018d4       0x1c Drivers\STM32F1xx_HAL_Driver\Src\stm32f1xx_hal_cortex.o
                0x080018d4                HAL_NVIC_EnableIRQ
 .text.HAL_DMA_Init
                0x080018f0       0x60 Drivers\STM32F1xx_HAL_Driver\Src\stm32f1xx_hal_dma.o
                0x080018f0                HAL_DMA_Init
 .text.HAL_DMA_IRQHandler
                0x08001950      0x128 Drivers\STM32F1xx_HAL_Driver\Src\stm32f1xx_hal_dma.o
                0x08001950                HAL_DMA_IRQHandler
 .text.HAL_GPIO_Init
                0x08001a78      0x1c4 Drivers\STM32F1xx_HAL_Driver\Src\stm32f1xx_hal_gpio.o
                0x08001a78                HAL_GPIO_Init
 .text.HAL_GPIO_WritePin
                0x08001c3c        0xa Drivers\STM32F1xx_HAL_Driver\Src\stm32f1xx_hal_gpio.o
                0x08001c3c                HAL_GPIO_WritePin
 .text.HAL_GPIO_EXTI_Callback
                0x08001c46        0x2 Drivers\STM32F1xx_HAL_Driver\Src\stm32f1xx_hal_gpio.o
                0x08001c46                HAL_GPIO_EXTI_Callback
 .text.HAL_GPIO_EXTI_IRQHandler
                0x08001c48       0x18 Drivers\STM32F1xx_HAL_Driver\Src\stm32f1xx_hal_gpio.o
                0x08001c48                HAL_GPIO_EXTI_IRQHandler
 .text.HAL_RCC_OscConfig
                0x08001c60      0x33c Drivers\STM32F1xx_HAL_Driver\Src\stm32f1xx_hal_rcc.o
                0x08001c60                HAL_RCC_OscConfig
 .text.HAL_RCC_GetSysClockFreq
                0x08001f9c       0x78 Drivers\STM32F1xx_HAL_Driver\Src\stm32f1xx_hal_rcc.o
                0x08001f9c                HAL_RCC_GetSysClockFreq
 .text.HAL_RCC_ClockConfig
                0x08002014      0x13c Drivers\STM32F1xx_HAL_Driver\Src\stm32f1xx_hal_rcc.o
                0x08002014                HAL_RCC_ClockConfig
 .text.HAL_RCC_GetPCLK1Freq
                0x08002150       0x20 Drivers\STM32F1xx_HAL_Driver\Src\stm32f1xx_hal_rcc.o
                0x08002150                HAL_RCC_GetPCLK1Freq
 .text.HAL_RCC_GetPCLK2Freq
                0x08002170       0x20 Drivers\STM32F1xx_HAL_Driver\Src\stm32f1xx_hal_rcc.o
                0x08002170                HAL_RCC_GetPCLK2Freq
 .text.HAL_RCC_GetClockConfig
                0x08002190       0x3c Drivers\STM32F1xx_HAL_Driver\Src\stm32f1xx_hal_rcc.o
                0x08002190                HAL_RCC_GetClockConfig
 .text.HAL_RCCEx_PeriphCLKConfig
                0x080021cc       0xf0 Drivers\STM32F1xx_HAL_Driver\Src\stm32f1xx_hal_rcc_ex.o
                0x080021cc                HAL_RCCEx_PeriphCLKConfig
 .text.HAL_TIM_Base_MspInit
                0x080022bc        0x2 Drivers\STM32F1xx_HAL_Driver\Src\stm32f1xx_hal_tim.o
                0x080022bc                HAL_TIM_Base_MspInit
 *fill*         0x080022be        0x2 
 .text.HAL_TIM_Base_Start_IT
                0x080022c0       0x54 Drivers\STM32F1xx_HAL_Driver\Src\stm32f1xx_hal_tim.o
                0x080022c0                HAL_TIM_Base_Start_IT
 .text.HAL_TIM_OC_DelayElapsedCallback
                0x08002314        0x2 Drivers\STM32F1xx_HAL_Driver\Src\stm32f1xx_hal_tim.o
                0x08002314                HAL_TIM_OC_DelayElapsedCallback
 .text.HAL_TIM_IC_CaptureCallback
                0x08002316        0x2 Drivers\STM32F1xx_HAL_Driver\Src\stm32f1xx_hal_tim.o
                0x08002316                HAL_TIM_IC_CaptureCallback
 .text.HAL_TIM_PWM_PulseFinishedCallback
                0x08002318        0x2 Drivers\STM32F1xx_HAL_Driver\Src\stm32f1xx_hal_tim.o
                0x08002318                HAL_TIM_PWM_PulseFinishedCallback
 .text.HAL_TIM_TriggerCallback
                0x0800231a        0x2 Drivers\STM32F1xx_HAL_Driver\Src\stm32f1xx_hal_tim.o
                0x0800231a                HAL_TIM_TriggerCallback
 .text.HAL_TIM_IRQHandler
                0x0800231c      0x144 Drivers\STM32F1xx_HAL_Driver\Src\stm32f1xx_hal_tim.o
                0x0800231c                HAL_TIM_IRQHandler
 .text.TIM_Base_SetConfig
                0x08002460       0x70 Drivers\STM32F1xx_HAL_Driver\Src\stm32f1xx_hal_tim.o
                0x08002460                TIM_Base_SetConfig
 .text.HAL_TIM_Base_Init
                0x080024d0       0x58 Drivers\STM32F1xx_HAL_Driver\Src\stm32f1xx_hal_tim.o
                0x080024d0                HAL_TIM_Base_Init
 .text.HAL_TIMEx_CommutCallback
                0x08002528        0x2 Drivers\STM32F1xx_HAL_Driver\Src\stm32f1xx_hal_tim_ex.o
                0x08002528                HAL_TIMEx_CommutCallback
 .text.HAL_TIMEx_BreakCallback
                0x0800252a        0x2 Drivers\STM32F1xx_HAL_Driver\Src\stm32f1xx_hal_tim_ex.o
                0x0800252a                HAL_TIMEx_BreakCallback
 .text.UART_SetConfig
                0x0800252c       0x74 Drivers\STM32F1xx_HAL_Driver\Src\stm32f1xx_hal_uart.o
 .text.HAL_UART_Init
                0x080025a0       0x5c Drivers\STM32F1xx_HAL_Driver\Src\stm32f1xx_hal_uart.o
                0x080025a0                HAL_UART_Init
 .text.osKernelStart
                0x080025fc        0xa Middlewares\Third_Party\FreeRTOS\Source\CMSIS_RTOS\cmsis_os.o
                0x080025fc                osKernelStart
 .text.osThreadCreate
                0x08002606       0x50 Middlewares\Third_Party\FreeRTOS\Source\CMSIS_RTOS\cmsis_os.o
                0x08002606                osThreadCreate
 .text.osDelay  0x08002656       0x10 Middlewares\Third_Party\FreeRTOS\Source\CMSIS_RTOS\cmsis_os.o
                0x08002656                osDelay
 .text.vListInitialise
                0x08002666       0x16 Middlewares\Third_Party\FreeRTOS\Source\list.o
                0x08002666                vListInitialise
 .text.vListInitialiseItem
                0x0800267c        0x6 Middlewares\Third_Party\FreeRTOS\Source\list.o
                0x0800267c                vListInitialiseItem
 .text.vListInsertEnd
                0x08002682       0x18 Middlewares\Third_Party\FreeRTOS\Source\list.o
                0x08002682                vListInsertEnd
 .text.vListInsert
                0x0800269a       0x2e Middlewares\Third_Party\FreeRTOS\Source\list.o
                0x0800269a                vListInsert
 .text.uxListRemove
                0x080026c8       0x22 Middlewares\Third_Party\FreeRTOS\Source\list.o
                0x080026c8                uxListRemove
 *fill*         0x080026ea        0x2 
 .text.prvTaskExitError
                0x080026ec       0x40 Middlewares\Third_Party\FreeRTOS\Source\portable\GCC\ARM_CM3\port.o
 .text.unlikely.prvPortStartFirstTask
                0x0800272c       0x20 Middlewares\Third_Party\FreeRTOS\Source\portable\GCC\ARM_CM3\port.o
 .text.pxPortInitialiseStack
                0x0800274c       0x24 Middlewares\Third_Party\FreeRTOS\Source\portable\GCC\ARM_CM3\port.o
                0x0800274c                pxPortInitialiseStack
 .text.SVC_Handler
                0x08002770       0x24 Middlewares\Third_Party\FreeRTOS\Source\portable\GCC\ARM_CM3\port.o
                0x08002770                SVC_Handler
 .text.vPortEnterCritical
                0x08002794       0x44 Middlewares\Third_Party\FreeRTOS\Source\portable\GCC\ARM_CM3\port.o
                0x08002794                vPortEnterCritical
 .text.vPortExitCritical
                0x080027d8       0x28 Middlewares\Third_Party\FreeRTOS\Source\portable\GCC\ARM_CM3\port.o
                0x080027d8                vPortExitCritical
 .text.PendSV_Handler
                0x08002800       0x44 Middlewares\Third_Party\FreeRTOS\Source\portable\GCC\ARM_CM3\port.o
                0x08002800                PendSV_Handler
 .text.SysTick_Handler
                0x08002844       0x2c Middlewares\Third_Party\FreeRTOS\Source\portable\GCC\ARM_CM3\port.o
                0x08002844                SysTick_Handler
 .text.vPortSetupTimerInterrupt
                0x08002870       0x34 Middlewares\Third_Party\FreeRTOS\Source\portable\GCC\ARM_CM3\port.o
                0x08002870                vPortSetupTimerInterrupt
 .text.xPortStartScheduler
                0x080028a4       0xb4 Middlewares\Third_Party\FreeRTOS\Source\portable\GCC\ARM_CM3\port.o
                0x080028a4                xPortStartScheduler
 .text.unlikely.prvInsertBlockIntoFreeList
                0x08002958       0x48 Middlewares\Third_Party\FreeRTOS\Source\portable\MemMang\heap_4.o
 .text.pvPortMalloc
                0x080029a0      0x11c Middlewares\Third_Party\FreeRTOS\Source\portable\MemMang\heap_4.o
                0x080029a0                pvPortMalloc
 .text.vPortFree
                0x08002abc       0x70 Middlewares\Third_Party\FreeRTOS\Source\portable\MemMang\heap_4.o
                0x08002abc                vPortFree
 .text.prvAddNewTaskToReadyList
                0x08002b2c       0xf8 Middlewares\Third_Party\FreeRTOS\Source\tasks.o
 .text.prvResetNextTaskUnblockTime
                0x08002c24       0x24 Middlewares\Third_Party\FreeRTOS\Source\tasks.o
 .text.prvInitialiseNewTask.isra.2
                0x08002c48       0x82 Middlewares\Third_Party\FreeRTOS\Source\tasks.o
 .text.prvDeleteTCB
                0x08002cca       0x36 Middlewares\Third_Party\FreeRTOS\Source\tasks.o
 .text.prvIdleTask
                0x08002d00       0x64 Middlewares\Third_Party\FreeRTOS\Source\tasks.o
 .text.prvAddCurrentTaskToDelayedList
                0x08002d64       0x8c Middlewares\Third_Party\FreeRTOS\Source\tasks.o
 .text.xTaskCreateStatic
                0x08002df0       0x6e Middlewares\Third_Party\FreeRTOS\Source\tasks.o
                0x08002df0                xTaskCreateStatic
 .text.xTaskCreate
                0x08002e5e       0x5a Middlewares\Third_Party\FreeRTOS\Source\tasks.o
                0x08002e5e                xTaskCreate
 .text.vTaskStartScheduler
                0x08002eb8       0x6c Middlewares\Third_Party\FreeRTOS\Source\tasks.o
                0x08002eb8                vTaskStartScheduler
 .text.vTaskSuspendAll
                0x08002f24       0x10 Middlewares\Third_Party\FreeRTOS\Source\tasks.o
                0x08002f24                vTaskSuspendAll
 .text.xTaskIncrementTick
                0x08002f34      0x124 Middlewares\Third_Party\FreeRTOS\Source\tasks.o
                0x08002f34                xTaskIncrementTick
 .text.xTaskResumeAll
                0x08003058       0xf0 Middlewares\Third_Party\FreeRTOS\Source\tasks.o
                0x08003058                xTaskResumeAll
 .text.vTaskDelay
                0x08003148       0x48 Middlewares\Third_Party\FreeRTOS\Source\tasks.o
                0x08003148                vTaskDelay
 .text.vTaskSwitchContext
                0x08003190       0x74 Middlewares\Third_Party\FreeRTOS\Source\tasks.o
                0x08003190                vTaskSwitchContext
 .text.Reset_Handler
                0x08003204       0x48 startup\startup_stm32f103xb.o
                0x08003204                Reset_Handler
 .text.Default_Handler
                0x0800324c        0x2 startup\startup_stm32f103xb.o
                0x0800324c                RTC_Alarm_IRQHandler
                0x0800324c                EXTI2_IRQHandler
                0x0800324c                TIM1_CC_IRQHandler
                0x0800324c                PVD_IRQHandler
                0x0800324c                EXTI3_IRQHandler
                0x0800324c                EXTI0_IRQHandler
                0x0800324c                I2C2_EV_IRQHandler
                0x0800324c                ADC1_2_IRQHandler
                0x0800324c                SPI1_IRQHandler
                0x0800324c                TAMPER_IRQHandler
                0x0800324c                DMA1_Channel4_IRQHandler
                0x0800324c                USART3_IRQHandler
                0x0800324c                RTC_IRQHandler
                0x0800324c                DMA1_Channel7_IRQHandler
                0x0800324c                CAN1_RX1_IRQHandler
                0x0800324c                TIM4_IRQHandler
                0x0800324c                I2C1_EV_IRQHandler
                0x0800324c                DMA1_Channel6_IRQHandler
                0x0800324c                TIM3_IRQHandler
                0x0800324c                RCC_IRQHandler
                0x0800324c                TIM1_TRG_COM_IRQHandler
                0x0800324c                Default_Handler
                0x0800324c                EXTI9_5_IRQHandler
                0x0800324c                SPI2_IRQHandler
                0x0800324c                DMA1_Channel5_IRQHandler
                0x0800324c                EXTI4_IRQHandler
                0x0800324c                USB_LP_CAN1_RX0_IRQHandler
                0x0800324c                USB_HP_CAN1_TX_IRQHandler
                0x0800324c                DMA1_Channel3_IRQHandler
                0x0800324c                WWDG_IRQHandler
                0x0800324c                TIM2_IRQHandler
                0x0800324c                TIM1_BRK_IRQHandler
                0x0800324c                EXTI1_IRQHandler
                0x0800324c                USART2_IRQHandler
                0x0800324c                I2C2_ER_IRQHandler
                0x0800324c                DMA1_Channel2_IRQHandler
                0x0800324c                CAN1_SCE_IRQHandler
                0x0800324c                FLASH_IRQHandler
                0x0800324c                USART1_IRQHandler
                0x0800324c                I2C1_ER_IRQHandler
                0x0800324c                USBWakeUp_IRQHandler
 *fill*         0x0800324e        0x2 
 .text.__errno  0x08003250        0xc d:/programs/atollic truestudio/truestudio for stm32 9.3.0/armtools/bin/../lib/gcc/arm-atollic-eabi/6.3.1/../../../../arm-atollic-eabi/lib/armv7-m\libc_nano.a(lib_a-errno.o)
                0x08003250                __errno
 .text.__libc_init_array
                0x0800325c       0x48 d:/programs/atollic truestudio/truestudio for stm32 9.3.0/armtools/bin/../lib/gcc/arm-atollic-eabi/6.3.1/../../../../arm-atollic-eabi/lib/armv7-m\libc_nano.a(lib_a-init.o)
                0x0800325c                __libc_init_array
 .text.memcpy   0x080032a4       0x16 d:/programs/atollic truestudio/truestudio for stm32 9.3.0/armtools/bin/../lib/gcc/arm-atollic-eabi/6.3.1/../../../../arm-atollic-eabi/lib/armv7-m\libc_nano.a(lib_a-memcpy-stub.o)
                0x080032a4                memcpy
 .text.memset   0x080032ba       0x10 d:/programs/atollic truestudio/truestudio for stm32 9.3.0/armtools/bin/../lib/gcc/arm-atollic-eabi/6.3.1/../../../../arm-atollic-eabi/lib/armv7-m\libc_nano.a(lib_a-memset.o)
                0x080032ba                memset
 .text.abort    0x080032ca        0xe d:/programs/atollic truestudio/truestudio for stm32 9.3.0/armtools/bin/../lib/gcc/arm-atollic-eabi/6.3.1/../../../../arm-atollic-eabi/lib/armv7-m\libc_nano.a(lib_a-abort.o)
                0x080032ca                abort
 .text._raise_r
                0x080032d8       0x50 d:/programs/atollic truestudio/truestudio for stm32 9.3.0/armtools/bin/../lib/gcc/arm-atollic-eabi/6.3.1/../../../../arm-atollic-eabi/lib/armv7-m\libc_nano.a(lib_a-signal.o)
                0x080032d8                _raise_r
 .text.raise    0x08003328       0x10 d:/programs/atollic truestudio/truestudio for stm32 9.3.0/armtools/bin/../lib/gcc/arm-atollic-eabi/6.3.1/../../../../arm-atollic-eabi/lib/armv7-m\libc_nano.a(lib_a-signal.o)
                0x08003328                raise
 .text._kill_r  0x08003338       0x24 d:/programs/atollic truestudio/truestudio for stm32 9.3.0/armtools/bin/../lib/gcc/arm-atollic-eabi/6.3.1/../../../../arm-atollic-eabi/lib/armv7-m\libc_nano.a(lib_a-signalr.o)
                0x08003338                _kill_r
 .text._getpid_r
                0x0800335c        0x4 d:/programs/atollic truestudio/truestudio for stm32 9.3.0/armtools/bin/../lib/gcc/arm-atollic-eabi/6.3.1/../../../../arm-atollic-eabi/lib/armv7-m\libc_nano.a(lib_a-signalr.o)
                0x0800335c                _getpid_r
 *(.glue_7)
 .glue_7        0x08003360        0x0 linker stubs
 *(.glue_7t)
 .glue_7t       0x08003360        0x0 linker stubs
 *(.eh_frame)
 .eh_frame      0x08003360        0x0 d:/programs/atollic truestudio/truestudio for stm32 9.3.0/armtools/bin/../lib/gcc/arm-atollic-eabi/6.3.1/armv7-m/crtbegin.o
 *(.init)
 .init          0x08003360        0x4 d:/programs/atollic truestudio/truestudio for stm32 9.3.0/armtools/bin/../lib/gcc/arm-atollic-eabi/6.3.1/armv7-m/crti.o
                0x08003360                _init
 .init          0x08003364        0x8 d:/programs/atollic truestudio/truestudio for stm32 9.3.0/armtools/bin/../lib/gcc/arm-atollic-eabi/6.3.1/armv7-m/crtn.o
 *(.fini)
 .fini          0x0800336c        0x4 d:/programs/atollic truestudio/truestudio for stm32 9.3.0/armtools/bin/../lib/gcc/arm-atollic-eabi/6.3.1/armv7-m/crti.o
                0x0800336c                _fini
 .fini          0x08003370        0x8 d:/programs/atollic truestudio/truestudio for stm32 9.3.0/armtools/bin/../lib/gcc/arm-atollic-eabi/6.3.1/armv7-m/crtn.o
                0x08003378                . = ALIGN (0x4)
                0x08003378                _etext = .

.vfp11_veneer   0x08003378        0x0
 .vfp11_veneer  0x08003378        0x0 linker stubs

.v4_bx          0x08003378        0x0
 .v4_bx         0x08003378        0x0 linker stubs

.iplt           0x08003378        0x0
 .iplt          0x08003378        0x0 d:/programs/atollic truestudio/truestudio for stm32 9.3.0/armtools/bin/../lib/gcc/arm-atollic-eabi/6.3.1/armv7-m/crtbegin.o

.rodata         0x08003378       0x58
                0x08003378                . = ALIGN (0x4)
 *(.rodata)
 .rodata        0x08003378       0x28 Core\Src\freertos.o
 .rodata        0x080033a0       0x10 Drivers\STM32F1xx_HAL_Driver\Src\stm32f1xx_hal_rcc.o
 *(.rodata*)
 .rodata.AHBPrescTable
                0x080033b0       0x10 Core\Src\system_stm32f1xx.o
                0x080033b0                AHBPrescTable
 .rodata.APBPrescTable
                0x080033c0        0x8 Core\Src\system_stm32f1xx.o
                0x080033c0                APBPrescTable
 .rodata.vTaskStartScheduler.str1.1
                0x080033c8        0x5 Middlewares\Third_Party\FreeRTOS\Source\tasks.o
                0x080033d0                . = ALIGN (0x4)
 *fill*         0x080033cd        0x3 

.ARM.extab      0x080033d0       0x48
 *(.ARM.extab* .gnu.linkonce.armextab.*)
 .ARM.extab.text.MX_FREERTOS_Init
                0x080033d0        0xc Core\Src\freertos.o
 .ARM.extab.text.StartDefaultTask
                0x080033dc        0xc Core\Src\freertos.o
 .ARM.extab.text.SystemClock_Config
                0x080033e8        0xc Core\Src\main.o
 .ARM.extab.text.HAL_TIM_PeriodElapsedCallback
                0x080033f4        0xc Core\Src\main.o
 .ARM.extab     0x08003400       0x18 d:/programs/atollic truestudio/truestudio for stm32 9.3.0/armtools/bin/../lib/gcc/arm-atollic-eabi/6.3.1/armv7-m\libgcc.a(pr-support.o)

.ARM            0x08003418       0xf0
                0x08003418                __exidx_start = .
 *(.ARM.exidx*)
 .ARM.exidx.text.vApplicationGetIdleTaskMemory
                0x080034d0        0x0 Core\Src\freertos.o
                                  0x8 (size before relaxing)
 .ARM.exidx.text.MX_FREERTOS_Init
                0x080034d0        0x8 Core\Src\freertos.o
 .ARM.exidx.text.StartDefaultTask
                0x080034d8       0x10 Core\Src\freertos.o
                                  0x8 (size before relaxing)
 .ARM.exidx.text.main
                0x080034e8        0x8 Core\Src\main.o
 .ARM.exidx.text.SystemClock_Config
                0x080034f0        0x8 Core\Src\main.o
 .ARM.exidx.text.HAL_TIM_PeriodElapsedCallback
                0x080034f8        0x8 Core\Src\main.o
 .ARM.exidx.text.Error_Handler
                0x08003500        0x8 Core\Src\main.o
 .ARM.exidx     0x08003418       0x80 d:/programs/atollic truestudio/truestudio for stm32 9.3.0/armtools/bin/../lib/gcc/arm-atollic-eabi/6.3.1/armv7-m\libgcc.a(unwind-arm.o)
                                 0xd8 (size before relaxing)
 .ARM.exidx     0x08003498       0x38 d:/programs/atollic truestudio/truestudio for stm32 9.3.0/armtools/bin/../lib/gcc/arm-atollic-eabi/6.3.1/armv7-m\libgcc.a(pr-support.o)
                                 0x48 (size before relaxing)
                0x08003508                __exidx_end = .

.rel.dyn        0x08003508        0x0
 .rel.iplt      0x08003508        0x0 d:/programs/atollic truestudio/truestudio for stm32 9.3.0/armtools/bin/../lib/gcc/arm-atollic-eabi/6.3.1/armv7-m/crtbegin.o

.preinit_array  0x08003508        0x0
                0x08003508                PROVIDE (__preinit_array_start, .)
 *(.preinit_array*)
                0x08003508                PROVIDE (__preinit_array_end, .)

.init_array     0x08003508        0x4
                0x08003508                PROVIDE (__init_array_start, .)
 *(SORT(.init_array.*))
 *(.init_array*)
 .init_array    0x08003508        0x4 d:/programs/atollic truestudio/truestudio for stm32 9.3.0/armtools/bin/../lib/gcc/arm-atollic-eabi/6.3.1/armv7-m/crtbegin.o
                0x0800350c                PROVIDE (__init_array_end, .)

.fini_array     0x0800350c        0x4
                [!provide]                PROVIDE (__fini_array_start, .)
 *(SORT(.fini_array.*))
 *(.fini_array*)
 .fini_array    0x0800350c        0x4 d:/programs/atollic truestudio/truestudio for stm32 9.3.0/armtools/bin/../lib/gcc/arm-atollic-eabi/6.3.1/armv7-m/crtbegin.o
                [!provide]                PROVIDE (__fini_array_end, .)
                0x08003510                _sidata = LOADADDR (.data)

.data           0x20000000       0x74 load address 0x08003510
                0x20000000                . = ALIGN (0x4)
                0x20000000                _sdata = .
 *(.data)
 *(.data*)
 .data.SystemCoreClock
                0x20000000        0x4 Core\Src\system_stm32f1xx.o
                0x20000000                SystemCoreClock
 .data.uwTickFreq
                0x20000004        0x1 Drivers\STM32F1xx_HAL_Driver\Src\stm32f1xx_hal.o
                0x20000004                uwTickFreq
 *fill*         0x20000005        0x3 
 .data.uwTickPrio
                0x20000008        0x4 Drivers\STM32F1xx_HAL_Driver\Src\stm32f1xx_hal.o
                0x20000008                uwTickPrio
 .data.uxCriticalNesting
                0x2000000c        0x4 Middlewares\Third_Party\FreeRTOS\Source\portable\GCC\ARM_CM3\port.o
 .data._impure_ptr
                0x20000010        0x4 d:/programs/atollic truestudio/truestudio for stm32 9.3.0/armtools/bin/../lib/gcc/arm-atollic-eabi/6.3.1/../../../../arm-atollic-eabi/lib/armv7-m\libc_nano.a(lib_a-impure.o)
                0x20000010                _impure_ptr
 .data.impure_data
                0x20000014       0x60 d:/programs/atollic truestudio/truestudio for stm32 9.3.0/armtools/bin/../lib/gcc/arm-atollic-eabi/6.3.1/../../../../arm-atollic-eabi/lib/armv7-m\libc_nano.a(lib_a-impure.o)
                0x20000074                . = ALIGN (0x4)
                0x20000074                _edata = .

.igot.plt       0x20000074        0x0 load address 0x08003584
 .igot.plt      0x20000074        0x0 d:/programs/atollic truestudio/truestudio for stm32 9.3.0/armtools/bin/../lib/gcc/arm-atollic-eabi/6.3.1/armv7-m/crtbegin.o
                0x20000074                . = ALIGN (0x4)

.bss            0x20000074     0x10c0 load address 0x08003584
                0x20000074                _sbss = .
                0x20000074                __bss_start__ = _sbss
 *(.bss)
 .bss           0x20000074       0x1c d:/programs/atollic truestudio/truestudio for stm32 9.3.0/armtools/bin/../lib/gcc/arm-atollic-eabi/6.3.1/armv7-m/crtbegin.o
 .bss           0x20000090      0x258 Core\Src\freertos.o
                0x20000090                defaultTaskHandle
 *(.bss*)
 .bss.ucMaxSysCallPriority
                0x200002e8        0x1 Middlewares\Third_Party\FreeRTOS\Source\portable\GCC\ARM_CM3\port.o
 *fill*         0x200002e9        0x3 
 .bss.ulMaxPRIGROUPValue
                0x200002ec        0x4 Middlewares\Third_Party\FreeRTOS\Source\portable\GCC\ARM_CM3\port.o
 .bss.pxEnd     0x200002f0        0x4 Middlewares\Third_Party\FreeRTOS\Source\portable\MemMang\heap_4.o
 .bss.ucHeap    0x200002f4      0xc00 Middlewares\Third_Party\FreeRTOS\Source\portable\MemMang\heap_4.o
 .bss.xBlockAllocatedBit
                0x20000ef4        0x4 Middlewares\Third_Party\FreeRTOS\Source\portable\MemMang\heap_4.o
 .bss.xFreeBytesRemaining
                0x20000ef8        0x4 Middlewares\Third_Party\FreeRTOS\Source\portable\MemMang\heap_4.o
 .bss.xMinimumEverFreeBytesRemaining
                0x20000efc        0x4 Middlewares\Third_Party\FreeRTOS\Source\portable\MemMang\heap_4.o
 .bss.xStart    0x20000f00        0x8 Middlewares\Third_Party\FreeRTOS\Source\portable\MemMang\heap_4.o
 .bss.pxCurrentTCB
                0x20000f08        0x4 Middlewares\Third_Party\FreeRTOS\Source\tasks.o
                0x20000f08                pxCurrentTCB
 .bss.pxDelayedTaskList
                0x20000f0c        0x4 Middlewares\Third_Party\FreeRTOS\Source\tasks.o
 .bss.pxOverflowDelayedTaskList
                0x20000f10        0x4 Middlewares\Third_Party\FreeRTOS\Source\tasks.o
 .bss.pxReadyTasksLists
                0x20000f14       0x8c Middlewares\Third_Party\FreeRTOS\Source\tasks.o
 .bss.uxCurrentNumberOfTasks
                0x20000fa0        0x4 Middlewares\Third_Party\FreeRTOS\Source\tasks.o
 .bss.uxDeletedTasksWaitingCleanUp
                0x20000fa4        0x4 Middlewares\Third_Party\FreeRTOS\Source\tasks.o
 .bss.uxPendedTicks
                0x20000fa8        0x4 Middlewares\Third_Party\FreeRTOS\Source\tasks.o
 .bss.uxSchedulerSuspended
                0x20000fac        0x4 Middlewares\Third_Party\FreeRTOS\Source\tasks.o
 .bss.uxTaskNumber
                0x20000fb0        0x4 Middlewares\Third_Party\FreeRTOS\Source\tasks.o
 .bss.uxTopReadyPriority
                0x20000fb4        0x4 Middlewares\Third_Party\FreeRTOS\Source\tasks.o
 .bss.xDelayedTaskList1
                0x20000fb8       0x14 Middlewares\Third_Party\FreeRTOS\Source\tasks.o
 .bss.xDelayedTaskList2
                0x20000fcc       0x14 Middlewares\Third_Party\FreeRTOS\Source\tasks.o
 .bss.xNextTaskUnblockTime
                0x20000fe0        0x4 Middlewares\Third_Party\FreeRTOS\Source\tasks.o
 .bss.xNumOfOverflows
                0x20000fe4        0x4 Middlewares\Third_Party\FreeRTOS\Source\tasks.o
 .bss.xPendingReadyList
                0x20000fe8       0x14 Middlewares\Third_Party\FreeRTOS\Source\tasks.o
 .bss.xSchedulerRunning
                0x20000ffc        0x4 Middlewares\Third_Party\FreeRTOS\Source\tasks.o
 .bss.xSuspendedTaskList
                0x20001000       0x14 Middlewares\Third_Party\FreeRTOS\Source\tasks.o
 .bss.xTasksWaitingTermination
                0x20001014       0x14 Middlewares\Third_Party\FreeRTOS\Source\tasks.o
 .bss.xTickCount
                0x20001028        0x4 Middlewares\Third_Party\FreeRTOS\Source\tasks.o
 .bss.xYieldPending
                0x2000102c        0x4 Middlewares\Third_Party\FreeRTOS\Source\tasks.o
 *(COMMON)
 COMMON         0x20001030       0x74 Core\Src\adc.o
                0x20001030                hadc1
                0x20001060                hdma_adc1
 COMMON         0x200010a4       0x48 Core\Src\stm32f1xx_hal_timebase_tim.o
                0x200010a4                htim1
 COMMON         0x200010ec       0x40 Core\Src\usart.o
                0x200010ec                huart3
 COMMON         0x2000112c        0x4 Drivers\STM32F1xx_HAL_Driver\Src\stm32f1xx_hal.o
                0x2000112c                uwTick
 COMMON         0x20001130        0x4 d:/programs/atollic truestudio/truestudio for stm32 9.3.0/armtools/bin/../lib/gcc/arm-atollic-eabi/6.3.1/../../../../arm-atollic-eabi/lib/armv7-m\libc_nano.a(lib_a-reent.o)
                0x20001130                errno
                0x20001134                . = ALIGN (0x4)
                0x20001134                _ebss = .
                0x20001134                __bss_end__ = _ebss

._user_heap_stack
                0x20001134      0x600 load address 0x08003584
                0x20001134                . = ALIGN (0x4)
                0x20001134                PROVIDE (end, .)
                [!provide]                PROVIDE (_end, .)
                0x20001334                . = (. + _Min_Heap_Size)
 *fill*         0x20001134      0x200 
                0x20001734                . = (. + _Min_Stack_Size)
 *fill*         0x20001334      0x400 
                0x20001734                . = ALIGN (0x4)

/DISCARD/
 libc.a(*)
 libm.a(*)
 libgcc.a(*)

.ARM.attributes
                0x00000000       0x29
 *(.ARM.attributes)
 .ARM.attributes
                0x00000000       0x1d d:/programs/atollic truestudio/truestudio for stm32 9.3.0/armtools/bin/../lib/gcc/arm-atollic-eabi/6.3.1/armv7-m/crti.o
 .ARM.attributes
                0x0000001d       0x2d d:/programs/atollic truestudio/truestudio for stm32 9.3.0/armtools/bin/../lib/gcc/arm-atollic-eabi/6.3.1/armv7-m/crtbegin.o
 .ARM.attributes
                0x0000004a       0x33 Core\Src\adc.o
 .ARM.attributes
                0x0000007d       0x33 Core\Src\dma.o
 .ARM.attributes
                0x000000b0       0x33 Core\Src\freertos.o
 .ARM.attributes
                0x000000e3       0x33 Core\Src\gpio.o
 .ARM.attributes
                0x00000116       0x33 Core\Src\main.o
 .ARM.attributes
                0x00000149       0x33 Core\Src\stm32f1xx_hal_msp.o
 .ARM.attributes
                0x0000017c       0x33 Core\Src\stm32f1xx_hal_timebase_tim.o
 .ARM.attributes
                0x000001af       0x33 Core\Src\stm32f1xx_it.o
 .ARM.attributes
                0x000001e2       0x33 Core\Src\system_stm32f1xx.o
 .ARM.attributes
                0x00000215       0x33 Core\Src\usart.o
 .ARM.attributes
                0x00000248       0x33 Drivers\STM32F1xx_HAL_Driver\Src\stm32f1xx_hal.o
 .ARM.attributes
                0x0000027b       0x33 Drivers\STM32F1xx_HAL_Driver\Src\stm32f1xx_hal_adc.o
 .ARM.attributes
                0x000002ae       0x33 Drivers\STM32F1xx_HAL_Driver\Src\stm32f1xx_hal_cortex.o
 .ARM.attributes
                0x000002e1       0x33 Drivers\STM32F1xx_HAL_Driver\Src\stm32f1xx_hal_dma.o
 .ARM.attributes
                0x00000314       0x33 Drivers\STM32F1xx_HAL_Driver\Src\stm32f1xx_hal_gpio.o
 .ARM.attributes
                0x00000347       0x33 Drivers\STM32F1xx_HAL_Driver\Src\stm32f1xx_hal_rcc.o
 .ARM.attributes
                0x0000037a       0x33 Drivers\STM32F1xx_HAL_Driver\Src\stm32f1xx_hal_rcc_ex.o
 .ARM.attributes
                0x000003ad       0x33 Drivers\STM32F1xx_HAL_Driver\Src\stm32f1xx_hal_tim.o
 .ARM.attributes
                0x000003e0       0x33 Drivers\STM32F1xx_HAL_Driver\Src\stm32f1xx_hal_tim_ex.o
 .ARM.attributes
                0x00000413       0x33 Drivers\STM32F1xx_HAL_Driver\Src\stm32f1xx_hal_uart.o
 .ARM.attributes
                0x00000446       0x33 Middlewares\Third_Party\FreeRTOS\Source\CMSIS_RTOS\cmsis_os.o
 .ARM.attributes
                0x00000479       0x33 Middlewares\Third_Party\FreeRTOS\Source\list.o
 .ARM.attributes
                0x000004ac       0x33 Middlewares\Third_Party\FreeRTOS\Source\portable\GCC\ARM_CM3\port.o
 .ARM.attributes
                0x000004df       0x33 Middlewares\Third_Party\FreeRTOS\Source\portable\MemMang\heap_4.o
 .ARM.attributes
                0x00000512       0x33 Middlewares\Third_Party\FreeRTOS\Source\tasks.o
 .ARM.attributes
                0x00000545       0x21 startup\startup_stm32f103xb.o
 .ARM.attributes
                0x00000566       0x2d d:/programs/atollic truestudio/truestudio for stm32 9.3.0/armtools/bin/../lib/gcc/arm-atollic-eabi/6.3.1/../../../../arm-atollic-eabi/lib/armv7-m\libc_nano.a(lib_a-init.o)
 .ARM.attributes
                0x00000593       0x2d d:/programs/atollic truestudio/truestudio for stm32 9.3.0/armtools/bin/../lib/gcc/arm-atollic-eabi/6.3.1/../../../../arm-atollic-eabi/lib/armv7-m\libc_nano.a(lib_a-memset.o)
 .ARM.attributes
                0x000005c0       0x1d d:/programs/atollic truestudio/truestudio for stm32 9.3.0/armtools/bin/../lib/gcc/arm-atollic-eabi/6.3.1/armv7-m/crtn.o
OUTPUT(SupplyModule103RB.elf elf32-littlearm)

.debug_info     0x00000000    0x162e5
 .debug_info    0x00000000      0x94d Core\Src\adc.o
 .debug_info    0x0000094d      0x3c1 Core\Src\dma.o
 .debug_info    0x00000d0e      0x52b Core\Src\freertos.o
 .debug_info    0x00001239      0x5b0 Core\Src\gpio.o
 .debug_info    0x000017e9      0xd09 Core\Src\main.o
 .debug_info    0x000024f2      0x442 Core\Src\stm32f1xx_hal_msp.o
 .debug_info    0x00002934      0xa55 Core\Src\stm32f1xx_hal_timebase_tim.o
 .debug_info    0x00003389      0x7a7 Core\Src\stm32f1xx_it.o
 .debug_info    0x00003b30      0x29e Core\Src\system_stm32f1xx.o
 .debug_info    0x00003dce      0x87c Core\Src\usart.o
 .debug_info    0x0000464a      0x7e4 Drivers\STM32F1xx_HAL_Driver\Src\stm32f1xx_hal.o
 .debug_info    0x00004e2e      0xeab Drivers\STM32F1xx_HAL_Driver\Src\stm32f1xx_hal_adc.o
 .debug_info    0x00005cd9      0xcb2 Drivers\STM32F1xx_HAL_Driver\Src\stm32f1xx_hal_cortex.o
 .debug_info    0x0000698b      0x842 Drivers\STM32F1xx_HAL_Driver\Src\stm32f1xx_hal_dma.o
 .debug_info    0x000071cd      0x6ac Drivers\STM32F1xx_HAL_Driver\Src\stm32f1xx_hal_gpio.o
 .debug_info    0x00007879      0xa0c Drivers\STM32F1xx_HAL_Driver\Src\stm32f1xx_hal_rcc.o
 .debug_info    0x00008285      0x496 Drivers\STM32F1xx_HAL_Driver\Src\stm32f1xx_hal_rcc_ex.o
 .debug_info    0x0000871b     0x39ab Drivers\STM32F1xx_HAL_Driver\Src\stm32f1xx_hal_tim.o
 .debug_info    0x0000c0c6     0x163f Drivers\STM32F1xx_HAL_Driver\Src\stm32f1xx_hal_tim_ex.o
 .debug_info    0x0000d705     0x165d Drivers\STM32F1xx_HAL_Driver\Src\stm32f1xx_hal_uart.o
 .debug_info    0x0000ed62     0x296c Middlewares\Third_Party\FreeRTOS\Source\CMSIS_RTOS\cmsis_os.o
 .debug_info    0x000116ce      0xac5 Middlewares\Third_Party\FreeRTOS\Source\list.o
 .debug_info    0x00012193      0x50a Middlewares\Third_Party\FreeRTOS\Source\portable\GCC\ARM_CM3\port.o
 .debug_info    0x0001269d      0xca5 Middlewares\Third_Party\FreeRTOS\Source\portable\MemMang\heap_4.o
 .debug_info    0x00013342     0x2f33 Middlewares\Third_Party\FreeRTOS\Source\tasks.o
 .debug_info    0x00016275       0x70 startup\startup_stm32f103xb.o

.debug_abbrev   0x00000000     0x388f
 .debug_abbrev  0x00000000      0x1e3 Core\Src\adc.o
 .debug_abbrev  0x000001e3      0x139 Core\Src\dma.o
 .debug_abbrev  0x0000031c      0x152 Core\Src\freertos.o
 .debug_abbrev  0x0000046e      0x18d Core\Src\gpio.o
 .debug_abbrev  0x000005fb      0x19c Core\Src\main.o
 .debug_abbrev  0x00000797      0x137 Core\Src\stm32f1xx_hal_msp.o
 .debug_abbrev  0x000008ce      0x1e7 Core\Src\stm32f1xx_hal_timebase_tim.o
 .debug_abbrev  0x00000ab5      0x1cf Core\Src\stm32f1xx_it.o
 .debug_abbrev  0x00000c84      0x12f Core\Src\system_stm32f1xx.o
 .debug_abbrev  0x00000db3      0x1eb Core\Src\usart.o
 .debug_abbrev  0x00000f9e      0x239 Drivers\STM32F1xx_HAL_Driver\Src\stm32f1xx_hal.o
 .debug_abbrev  0x000011d7      0x299 Drivers\STM32F1xx_HAL_Driver\Src\stm32f1xx_hal_adc.o
 .debug_abbrev  0x00001470      0x2f8 Drivers\STM32F1xx_HAL_Driver\Src\stm32f1xx_hal_cortex.o
 .debug_abbrev  0x00001768      0x22d Drivers\STM32F1xx_HAL_Driver\Src\stm32f1xx_hal_dma.o
 .debug_abbrev  0x00001995      0x1e4 Drivers\STM32F1xx_HAL_Driver\Src\stm32f1xx_hal_gpio.o
 .debug_abbrev  0x00001b79      0x2c1 Drivers\STM32F1xx_HAL_Driver\Src\stm32f1xx_hal_rcc.o
 .debug_abbrev  0x00001e3a      0x1c4 Drivers\STM32F1xx_HAL_Driver\Src\stm32f1xx_hal_rcc_ex.o
 .debug_abbrev  0x00001ffe      0x335 Drivers\STM32F1xx_HAL_Driver\Src\stm32f1xx_hal_tim.o
 .debug_abbrev  0x00002333      0x2ab Drivers\STM32F1xx_HAL_Driver\Src\stm32f1xx_hal_tim_ex.o
 .debug_abbrev  0x000025de      0x300 Drivers\STM32F1xx_HAL_Driver\Src\stm32f1xx_hal_uart.o
 .debug_abbrev  0x000028de      0x43f Middlewares\Third_Party\FreeRTOS\Source\CMSIS_RTOS\cmsis_os.o
 .debug_abbrev  0x00002d1d      0x1ea Middlewares\Third_Party\FreeRTOS\Source\list.o
 .debug_abbrev  0x00002f07      0x238 Middlewares\Third_Party\FreeRTOS\Source\portable\GCC\ARM_CM3\port.o
 .debug_abbrev  0x0000313f      0x314 Middlewares\Third_Party\FreeRTOS\Source\portable\MemMang\heap_4.o
 .debug_abbrev  0x00003453      0x42a Middlewares\Third_Party\FreeRTOS\Source\tasks.o
 .debug_abbrev  0x0000387d       0x12 startup\startup_stm32f103xb.o

.debug_loc      0x00000000     0xa6df
 .debug_loc     0x00000000       0x63 Core\Src\adc.o
 .debug_loc     0x00000063       0x94 Core\Src\stm32f1xx_hal_timebase_tim.o
 .debug_loc     0x000000f7       0xcd Core\Src\system_stm32f1xx.o
 .debug_loc     0x000001c4       0x58 Core\Src\usart.o
 .debug_loc     0x0000021c      0x12e Drivers\STM32F1xx_HAL_Driver\Src\stm32f1xx_hal.o
 .debug_loc     0x0000034a      0x873 Drivers\STM32F1xx_HAL_Driver\Src\stm32f1xx_hal_adc.o
 .debug_loc     0x00000bbd      0x487 Drivers\STM32F1xx_HAL_Driver\Src\stm32f1xx_hal_cortex.o
 .debug_loc     0x00001044      0x5ed Drivers\STM32F1xx_HAL_Driver\Src\stm32f1xx_hal_dma.o
 .debug_loc     0x00001631      0x316 Drivers\STM32F1xx_HAL_Driver\Src\stm32f1xx_hal_gpio.o
 .debug_loc     0x00001947      0x478 Drivers\STM32F1xx_HAL_Driver\Src\stm32f1xx_hal_rcc.o
 .debug_loc     0x00001dbf      0x29d Drivers\STM32F1xx_HAL_Driver\Src\stm32f1xx_hal_rcc_ex.o
 .debug_loc     0x0000205c     0x39a7 Drivers\STM32F1xx_HAL_Driver\Src\stm32f1xx_hal_tim.o
 .debug_loc     0x00005a03      0xf32 Drivers\STM32F1xx_HAL_Driver\Src\stm32f1xx_hal_tim_ex.o
 .debug_loc     0x00006935     0x12c7 Drivers\STM32F1xx_HAL_Driver\Src\stm32f1xx_hal_uart.o
 .debug_loc     0x00007bfc     0x1073 Middlewares\Third_Party\FreeRTOS\Source\CMSIS_RTOS\cmsis_os.o
 .debug_loc     0x00008c6f       0x94 Middlewares\Third_Party\FreeRTOS\Source\list.o
 .debug_loc     0x00008d03       0xce Middlewares\Third_Party\FreeRTOS\Source\portable\GCC\ARM_CM3\port.o
 .debug_loc     0x00008dd1      0x390 Middlewares\Third_Party\FreeRTOS\Source\portable\MemMang\heap_4.o
 .debug_loc     0x00009161     0x157e Middlewares\Third_Party\FreeRTOS\Source\tasks.o

.debug_aranges  0x00000000      0xf10
 .debug_aranges
                0x00000000       0x30 Core\Src\adc.o
 .debug_aranges
                0x00000030       0x20 Core\Src\dma.o
 .debug_aranges
                0x00000050       0x30 Core\Src\freertos.o
 .debug_aranges
                0x00000080       0x20 Core\Src\gpio.o
 .debug_aranges
                0x000000a0       0x38 Core\Src\main.o
 .debug_aranges
                0x000000d8       0x20 Core\Src\stm32f1xx_hal_msp.o
 .debug_aranges
                0x000000f8       0x30 Core\Src\stm32f1xx_hal_timebase_tim.o
 .debug_aranges
                0x00000128       0x58 Core\Src\stm32f1xx_it.o
 .debug_aranges
                0x00000180       0x28 Core\Src\system_stm32f1xx.o
 .debug_aranges
                0x000001a8       0x30 Core\Src\usart.o
 .debug_aranges
                0x000001d8       0xd8 Drivers\STM32F1xx_HAL_Driver\Src\stm32f1xx_hal.o
 .debug_aranges
                0x000002b0       0xc8 Drivers\STM32F1xx_HAL_Driver\Src\stm32f1xx_hal_adc.o
 .debug_aranges
                0x00000378       0x90 Drivers\STM32F1xx_HAL_Driver\Src\stm32f1xx_hal_cortex.o
 .debug_aranges
                0x00000408       0x78 Drivers\STM32F1xx_HAL_Driver\Src\stm32f1xx_hal_dma.o
 .debug_aranges
                0x00000480       0x58 Drivers\STM32F1xx_HAL_Driver\Src\stm32f1xx_hal_gpio.o
 .debug_aranges
                0x000004d8       0x88 Drivers\STM32F1xx_HAL_Driver\Src\stm32f1xx_hal_rcc.o
 .debug_aranges
                0x00000560       0x30 Drivers\STM32F1xx_HAL_Driver\Src\stm32f1xx_hal_rcc_ex.o
 .debug_aranges
                0x00000590      0x298 Drivers\STM32F1xx_HAL_Driver\Src\stm32f1xx_hal_tim.o
 .debug_aranges
                0x00000828      0x118 Drivers\STM32F1xx_HAL_Driver\Src\stm32f1xx_hal_tim_ex.o
 .debug_aranges
                0x00000940      0x170 Drivers\STM32F1xx_HAL_Driver\Src\stm32f1xx_hal_uart.o
 .debug_aranges
                0x00000ab0      0x198 Middlewares\Third_Party\FreeRTOS\Source\CMSIS_RTOS\cmsis_os.o
 .debug_aranges
                0x00000c48       0x40 Middlewares\Third_Party\FreeRTOS\Source\list.o
 .debug_aranges
                0x00000c88       0x78 Middlewares\Third_Party\FreeRTOS\Source\portable\GCC\ARM_CM3\port.o
 .debug_aranges
                0x00000d00       0x48 Middlewares\Third_Party\FreeRTOS\Source\portable\MemMang\heap_4.o
 .debug_aranges
                0x00000d48      0x1a0 Middlewares\Third_Party\FreeRTOS\Source\tasks.o
 .debug_aranges
                0x00000ee8       0x28 startup\startup_stm32f103xb.o

.debug_ranges   0x00000000     0x1270
 .debug_ranges  0x00000000       0x58 Core\Src\adc.o
 .debug_ranges  0x00000058       0x40 Core\Src\dma.o
 .debug_ranges  0x00000098       0x20 Core\Src\freertos.o
 .debug_ranges  0x000000b8       0x70 Core\Src\gpio.o
 .debug_ranges  0x00000128       0x28 Core\Src\main.o
 .debug_ranges  0x00000150       0x50 Core\Src\stm32f1xx_hal_msp.o
 .debug_ranges  0x000001a0       0x48 Core\Src\stm32f1xx_hal_timebase_tim.o
 .debug_ranges  0x000001e8       0x48 Core\Src\stm32f1xx_it.o
 .debug_ranges  0x00000230       0x18 Core\Src\system_stm32f1xx.o
 .debug_ranges  0x00000248       0x40 Core\Src\usart.o
 .debug_ranges  0x00000288       0xc8 Drivers\STM32F1xx_HAL_Driver\Src\stm32f1xx_hal.o
 .debug_ranges  0x00000350       0xb8 Drivers\STM32F1xx_HAL_Driver\Src\stm32f1xx_hal_adc.o
 .debug_ranges  0x00000408      0x128 Drivers\STM32F1xx_HAL_Driver\Src\stm32f1xx_hal_cortex.o
 .debug_ranges  0x00000530       0xa8 Drivers\STM32F1xx_HAL_Driver\Src\stm32f1xx_hal_dma.o
 .debug_ranges  0x000005d8       0x60 Drivers\STM32F1xx_HAL_Driver\Src\stm32f1xx_hal_gpio.o
 .debug_ranges  0x00000638       0xa0 Drivers\STM32F1xx_HAL_Driver\Src\stm32f1xx_hal_rcc.o
 .debug_ranges  0x000006d8       0x40 Drivers\STM32F1xx_HAL_Driver\Src\stm32f1xx_hal_rcc_ex.o
 .debug_ranges  0x00000718      0x398 Drivers\STM32F1xx_HAL_Driver\Src\stm32f1xx_hal_tim.o
 .debug_ranges  0x00000ab0      0x108 Drivers\STM32F1xx_HAL_Driver\Src\stm32f1xx_hal_tim_ex.o
 .debug_ranges  0x00000bb8      0x190 Drivers\STM32F1xx_HAL_Driver\Src\stm32f1xx_hal_uart.o
 .debug_ranges  0x00000d48      0x188 Middlewares\Third_Party\FreeRTOS\Source\CMSIS_RTOS\cmsis_os.o
 .debug_ranges  0x00000ed0       0x30 Middlewares\Third_Party\FreeRTOS\Source\list.o
 .debug_ranges  0x00000f00       0x80 Middlewares\Third_Party\FreeRTOS\Source\portable\GCC\ARM_CM3\port.o
 .debug_ranges  0x00000f80       0x38 Middlewares\Third_Party\FreeRTOS\Source\portable\MemMang\heap_4.o
 .debug_ranges  0x00000fb8      0x298 Middlewares\Third_Party\FreeRTOS\Source\tasks.o
 .debug_ranges  0x00001250       0x20 startup\startup_stm32f103xb.o

.debug_line     0x00000000     0x8c02
 .debug_line    0x00000000      0x2e4 Core\Src\adc.o
 .debug_line    0x000002e4      0x1fe Core\Src\dma.o
 .debug_line    0x000004e2      0x30a Core\Src\freertos.o
 .debug_line    0x000007ec      0x243 Core\Src\gpio.o
 .debug_line    0x00000a2f      0x308 Core\Src\main.o
 .debug_line    0x00000d37      0x20e Core\Src\stm32f1xx_hal_msp.o
 .debug_line    0x00000f45      0x2af Core\Src\stm32f1xx_hal_timebase_tim.o
 .debug_line    0x000011f4      0x2b2 Core\Src\stm32f1xx_it.o
 .debug_line    0x000014a6      0x222 Core\Src\system_stm32f1xx.o
 .debug_line    0x000016c8      0x2ad Core\Src\usart.o
 .debug_line    0x00001975      0x3ed Drivers\STM32F1xx_HAL_Driver\Src\stm32f1xx_hal.o
 .debug_line    0x00001d62      0x7da Drivers\STM32F1xx_HAL_Driver\Src\stm32f1xx_hal_adc.o
 .debug_line    0x0000253c      0x3e6 Drivers\STM32F1xx_HAL_Driver\Src\stm32f1xx_hal_cortex.o
 .debug_line    0x00002922      0x5fb Drivers\STM32F1xx_HAL_Driver\Src\stm32f1xx_hal_dma.o
 .debug_line    0x00002f1d      0x3aa Drivers\STM32F1xx_HAL_Driver\Src\stm32f1xx_hal_gpio.o
 .debug_line    0x000032c7      0x582 Drivers\STM32F1xx_HAL_Driver\Src\stm32f1xx_hal_rcc.o
 .debug_line    0x00003849      0x336 Drivers\STM32F1xx_HAL_Driver\Src\stm32f1xx_hal_rcc_ex.o
 .debug_line    0x00003b7f     0x17df Drivers\STM32F1xx_HAL_Driver\Src\stm32f1xx_hal_tim.o
 .debug_line    0x0000535e      0xb1f Drivers\STM32F1xx_HAL_Driver\Src\stm32f1xx_hal_tim_ex.o
 .debug_line    0x00005e7d      0xc44 Drivers\STM32F1xx_HAL_Driver\Src\stm32f1xx_hal_uart.o
 .debug_line    0x00006ac1      0x911 Middlewares\Third_Party\FreeRTOS\Source\CMSIS_RTOS\cmsis_os.o
 .debug_line    0x000073d2      0x367 Middlewares\Third_Party\FreeRTOS\Source\list.o
 .debug_line    0x00007739      0x343 Middlewares\Third_Party\FreeRTOS\Source\portable\GCC\ARM_CM3\port.o
 .debug_line    0x00007a7c      0x411 Middlewares\Third_Party\FreeRTOS\Source\portable\MemMang\heap_4.o
 .debug_line    0x00007e8d      0xcf8 Middlewares\Third_Party\FreeRTOS\Source\tasks.o
 .debug_line    0x00008b85       0x7d startup\startup_stm32f103xb.o

.debug_str      0x00000000     0x5c9a
 .debug_str     0x00000000      0x5f7 Core\Src\adc.o
                                0x727 (size before relaxing)
 .debug_str     0x000005f7      0x31b Core\Src\dma.o
                                0x5bb (size before relaxing)
 .debug_str     0x00000912      0x3b5 Core\Src\freertos.o
                                0x5e7 (size before relaxing)
 .debug_str     0x00000cc7       0x4e Core\Src\gpio.o
                                0x65c (size before relaxing)
 .debug_str     0x00000d15      0x6c7 Core\Src\main.o
                                0xe1e (size before relaxing)
 .debug_str     0x000013dc       0x5a Core\Src\stm32f1xx_hal_msp.o
                                0x5e4 (size before relaxing)
 .debug_str     0x00001436       0xec Core\Src\stm32f1xx_hal_timebase_tim.o
                                0xbcb (size before relaxing)
 .debug_str     0x00001522      0x100 Core\Src\stm32f1xx_it.o
                                0x837 (size before relaxing)
 .debug_str     0x00001622       0x52 Core\Src\system_stm32f1xx.o
                                0x2f1 (size before relaxing)
 .debug_str     0x00001674       0x65 Core\Src\usart.o
                                0x743 (size before relaxing)
 .debug_str     0x000016d9      0x257 Drivers\STM32F1xx_HAL_Driver\Src\stm32f1xx_hal.o
                                0x86e (size before relaxing)
 .debug_str     0x00001930      0x338 Drivers\STM32F1xx_HAL_Driver\Src\stm32f1xx_hal_adc.o
                                0x98c (size before relaxing)
 .debug_str     0x00001c68      0x39f Drivers\STM32F1xx_HAL_Driver\Src\stm32f1xx_hal_cortex.o
                                0x98a (size before relaxing)
 .debug_str     0x00002007      0x1f1 Drivers\STM32F1xx_HAL_Driver\Src\stm32f1xx_hal_dma.o
                                0x6d8 (size before relaxing)
 .debug_str     0x000021f8       0xfc Drivers\STM32F1xx_HAL_Driver\Src\stm32f1xx_hal_gpio.o
                                0x4db (size before relaxing)
 .debug_str     0x000022f4      0x1ca Drivers\STM32F1xx_HAL_Driver\Src\stm32f1xx_hal_rcc.o
                                0x6c4 (size before relaxing)
 .debug_str     0x000024be       0x9e Drivers\STM32F1xx_HAL_Driver\Src\stm32f1xx_hal_rcc_ex.o
                                0x49c (size before relaxing)
 .debug_str     0x0000255c      0xe99 Drivers\STM32F1xx_HAL_Driver\Src\stm32f1xx_hal_tim.o
                               0x1713 (size before relaxing)
 .debug_str     0x000033f5      0x5bd Drivers\STM32F1xx_HAL_Driver\Src\stm32f1xx_hal_tim_ex.o
                                0xf3d (size before relaxing)
 .debug_str     0x000039b2      0x525 Drivers\STM32F1xx_HAL_Driver\Src\stm32f1xx_hal_uart.o
                                0xc6b (size before relaxing)
 .debug_str     0x00003ed7      0xf71 Middlewares\Third_Party\FreeRTOS\Source\CMSIS_RTOS\cmsis_os.o
                               0x142f (size before relaxing)
 .debug_str     0x00004e48      0x143 Middlewares\Third_Party\FreeRTOS\Source\list.o
                                0x728 (size before relaxing)
 .debug_str     0x00004f8b      0x21d Middlewares\Third_Party\FreeRTOS\Source\portable\GCC\ARM_CM3\port.o
                                0x45e (size before relaxing)
 .debug_str     0x000051a8      0x1e8 Middlewares\Third_Party\FreeRTOS\Source\portable\MemMang\heap_4.o
                                0x811 (size before relaxing)
 .debug_str     0x00005390      0x90a Middlewares\Third_Party\FreeRTOS\Source\tasks.o
                               0x143b (size before relaxing)

.comment        0x00000000       0x7c
 .comment       0x00000000       0x7c Core\Src\adc.o
                                 0x7d (size before relaxing)
 .comment       0x0000007c       0x7d Core\Src\dma.o
 .comment       0x0000007c       0x7d Core\Src\freertos.o
 .comment       0x0000007c       0x7d Core\Src\gpio.o
 .comment       0x0000007c       0x7d Core\Src\main.o
 .comment       0x0000007c       0x7d Core\Src\stm32f1xx_hal_msp.o
 .comment       0x0000007c       0x7d Core\Src\stm32f1xx_hal_timebase_tim.o
 .comment       0x0000007c       0x7d Core\Src\stm32f1xx_it.o
 .comment       0x0000007c       0x7d Core\Src\system_stm32f1xx.o
 .comment       0x0000007c       0x7d Core\Src\usart.o
 .comment       0x0000007c       0x7d Drivers\STM32F1xx_HAL_Driver\Src\stm32f1xx_hal.o
 .comment       0x0000007c       0x7d Drivers\STM32F1xx_HAL_Driver\Src\stm32f1xx_hal_adc.o
 .comment       0x0000007c       0x7d Drivers\STM32F1xx_HAL_Driver\Src\stm32f1xx_hal_cortex.o
 .comment       0x0000007c       0x7d Drivers\STM32F1xx_HAL_Driver\Src\stm32f1xx_hal_dma.o
 .comment       0x0000007c       0x7d Drivers\STM32F1xx_HAL_Driver\Src\stm32f1xx_hal_gpio.o
 .comment       0x0000007c       0x7d Drivers\STM32F1xx_HAL_Driver\Src\stm32f1xx_hal_rcc.o
 .comment       0x0000007c       0x7d Drivers\STM32F1xx_HAL_Driver\Src\stm32f1xx_hal_rcc_ex.o
 .comment       0x0000007c       0x7d Drivers\STM32F1xx_HAL_Driver\Src\stm32f1xx_hal_tim.o
 .comment       0x0000007c       0x7d Drivers\STM32F1xx_HAL_Driver\Src\stm32f1xx_hal_tim_ex.o
 .comment       0x0000007c       0x7d Drivers\STM32F1xx_HAL_Driver\Src\stm32f1xx_hal_uart.o
 .comment       0x0000007c       0x7d Middlewares\Third_Party\FreeRTOS\Source\CMSIS_RTOS\cmsis_os.o
 .comment       0x0000007c       0x7d Middlewares\Third_Party\FreeRTOS\Source\list.o
 .comment       0x0000007c       0x7d Middlewares\Third_Party\FreeRTOS\Source\portable\GCC\ARM_CM3\port.o
 .comment       0x0000007c       0x7d Middlewares\Third_Party\FreeRTOS\Source\portable\MemMang\heap_4.o
 .comment       0x0000007c       0x7d Middlewares\Third_Party\FreeRTOS\Source\tasks.o

.debug_frame    0x00000000     0x2bc0
 .debug_frame   0x00000000       0x70 Core\Src\adc.o
 .debug_frame   0x00000070       0x28 Core\Src\dma.o
 .debug_frame   0x00000098       0x80 Core\Src\freertos.o
 .debug_frame   0x00000118       0x34 Core\Src\gpio.o
 .debug_frame   0x0000014c       0x94 Core\Src\main.o
 .debug_frame   0x000001e0       0x28 Core\Src\stm32f1xx_hal_msp.o
 .debug_frame   0x00000208       0x50 Core\Src\stm32f1xx_hal_timebase_tim.o
 .debug_frame   0x00000258       0xa0 Core\Src\stm32f1xx_it.o
 .debug_frame   0x000002f8       0x30 Core\Src\system_stm32f1xx.o
 .debug_frame   0x00000328       0x60 Core\Src\usart.o
 .debug_frame   0x00000388      0x1d4 Drivers\STM32F1xx_HAL_Driver\Src\stm32f1xx_hal.o
 .debug_frame   0x0000055c      0x298 Drivers\STM32F1xx_HAL_Driver\Src\stm32f1xx_hal_adc.o
 .debug_frame   0x000007f4      0x120 Drivers\STM32F1xx_HAL_Driver\Src\stm32f1xx_hal_cortex.o
 .debug_frame   0x00000914      0x144 Drivers\STM32F1xx_HAL_Driver\Src\stm32f1xx_hal_dma.o
 .debug_frame   0x00000a58       0xd4 Drivers\STM32F1xx_HAL_Driver\Src\stm32f1xx_hal_gpio.o
 .debug_frame   0x00000b2c      0x150 Drivers\STM32F1xx_HAL_Driver\Src\stm32f1xx_hal_rcc.o
 .debug_frame   0x00000c7c       0x6c Drivers\STM32F1xx_HAL_Driver\Src\stm32f1xx_hal_rcc_ex.o
 .debug_frame   0x00000ce8      0x9d0 Drivers\STM32F1xx_HAL_Driver\Src\stm32f1xx_hal_tim.o
 .debug_frame   0x000016b8      0x3c8 Drivers\STM32F1xx_HAL_Driver\Src\stm32f1xx_hal_tim_ex.o
 .debug_frame   0x00001a80      0x4a0 Drivers\STM32F1xx_HAL_Driver\Src\stm32f1xx_hal_uart.o
 .debug_frame   0x00001f20      0x4fc Middlewares\Third_Party\FreeRTOS\Source\CMSIS_RTOS\cmsis_os.o
 .debug_frame   0x0000241c       0x6c Middlewares\Third_Party\FreeRTOS\Source\list.o
 .debug_frame   0x00002488       0xec Middlewares\Third_Party\FreeRTOS\Source\portable\GCC\ARM_CM3\port.o
 .debug_frame   0x00002574       0x98 Middlewares\Third_Party\FreeRTOS\Source\portable\MemMang\heap_4.o
 .debug_frame   0x0000260c      0x568 Middlewares\Third_Party\FreeRTOS\Source\tasks.o
 .debug_frame   0x00002b74       0x2c d:/programs/atollic truestudio/truestudio for stm32 9.3.0/armtools/bin/../lib/gcc/arm-atollic-eabi/6.3.1/../../../../arm-atollic-eabi/lib/armv7-m\libc_nano.a(lib_a-init.o)
 .debug_frame   0x00002ba0       0x20 d:/programs/atollic truestudio/truestudio for stm32 9.3.0/armtools/bin/../lib/gcc/arm-atollic-eabi/6.3.1/../../../../arm-atollic-eabi/lib/armv7-m\libc_nano.a(lib_a-memset.o)
