Archive member included to satisfy reference by file (symbol)

d:/programs/atollic truestudio/truestudio for stm32 9.3.0/armtools/bin/../lib/gcc/arm-atollic-eabi/6.3.1/../../../../arm-atollic-eabi/lib/armv7-m\libstdc++_nano.a(si_class_type_info.o)
                              Core\Src\HallSensor.o (vtable for __cxxabiv1::__si_class_type_info)
d:/programs/atollic truestudio/truestudio for stm32 9.3.0/armtools/bin/../lib/gcc/arm-atollic-eabi/6.3.1/../../../../arm-atollic-eabi/lib/armv7-m\libstdc++_nano.a(del_op.o)
                              Core\Src\BatteryManager.o (operator delete(void*))
d:/programs/atollic truestudio/truestudio for stm32 9.3.0/armtools/bin/../lib/gcc/arm-atollic-eabi/6.3.1/../../../../arm-atollic-eabi/lib/armv7-m\libstdc++_nano.a(del_opv.o)
                              Core\Src\BatteryManager.o (operator delete[](void*))
d:/programs/atollic truestudio/truestudio for stm32 9.3.0/armtools/bin/../lib/gcc/arm-atollic-eabi/6.3.1/../../../../arm-atollic-eabi/lib/armv7-m\libstdc++_nano.a(atexit_arm.o)
                              Core\Src\AllTasks.o (__aeabi_atexit)
d:/programs/atollic truestudio/truestudio for stm32 9.3.0/armtools/bin/../lib/gcc/arm-atollic-eabi/6.3.1/../../../../arm-atollic-eabi/lib/armv7-m\libstdc++_nano.a(new_op.o)
                              Core\Src\BatteryManager.o (operator new(unsigned int))
d:/programs/atollic truestudio/truestudio for stm32 9.3.0/armtools/bin/../lib/gcc/arm-atollic-eabi/6.3.1/../../../../arm-atollic-eabi/lib/armv7-m\libstdc++_nano.a(eh_arm.o)
                              Core\Src\AllTasks.o (__cxa_end_cleanup)
d:/programs/atollic truestudio/truestudio for stm32 9.3.0/armtools/bin/../lib/gcc/arm-atollic-eabi/6.3.1/../../../../arm-atollic-eabi/lib/armv7-m\libstdc++_nano.a(eh_personality.o)
                              Core\Src\AllTasks.o (__gxx_personality_v0)
d:/programs/atollic truestudio/truestudio for stm32 9.3.0/armtools/bin/../lib/gcc/arm-atollic-eabi/6.3.1/../../../../arm-atollic-eabi/lib/armv7-m\libstdc++_nano.a(del_ops.o)
                              d:/programs/atollic truestudio/truestudio for stm32 9.3.0/armtools/bin/../lib/gcc/arm-atollic-eabi/6.3.1/../../../../arm-atollic-eabi/lib/armv7-m\libstdc++_nano.a(si_class_type_info.o) (operator delete(void*, unsigned int))
d:/programs/atollic truestudio/truestudio for stm32 9.3.0/armtools/bin/../lib/gcc/arm-atollic-eabi/6.3.1/../../../../arm-atollic-eabi/lib/armv7-m\libstdc++_nano.a(new_handler.o)
                              d:/programs/atollic truestudio/truestudio for stm32 9.3.0/armtools/bin/../lib/gcc/arm-atollic-eabi/6.3.1/../../../../arm-atollic-eabi/lib/armv7-m\libstdc++_nano.a(new_op.o) (std::get_new_handler())
d:/programs/atollic truestudio/truestudio for stm32 9.3.0/armtools/bin/../lib/gcc/arm-atollic-eabi/6.3.1/../../../../arm-atollic-eabi/lib/armv7-m\libstdc++_nano.a(class_type_info.o)
                              d:/programs/atollic truestudio/truestudio for stm32 9.3.0/armtools/bin/../lib/gcc/arm-atollic-eabi/6.3.1/../../../../arm-atollic-eabi/lib/armv7-m\libstdc++_nano.a(si_class_type_info.o) (__cxxabiv1::__class_type_info::__do_upcast(__cxxabiv1::__class_type_info const*, void**) const)
d:/programs/atollic truestudio/truestudio for stm32 9.3.0/armtools/bin/../lib/gcc/arm-atollic-eabi/6.3.1/../../../../arm-atollic-eabi/lib/armv7-m\libstdc++_nano.a(tinfo.o)
                              d:/programs/atollic truestudio/truestudio for stm32 9.3.0/armtools/bin/../lib/gcc/arm-atollic-eabi/6.3.1/../../../../arm-atollic-eabi/lib/armv7-m\libstdc++_nano.a(class_type_info.o) (std::type_info::~type_info())
d:/programs/atollic truestudio/truestudio for stm32 9.3.0/armtools/bin/../lib/gcc/arm-atollic-eabi/6.3.1/../../../../arm-atollic-eabi/lib/armv7-m\libstdc++_nano.a(eh_exception.o)
                              d:/programs/atollic truestudio/truestudio for stm32 9.3.0/armtools/bin/../lib/gcc/arm-atollic-eabi/6.3.1/../../../../arm-atollic-eabi/lib/armv7-m\libstdc++_nano.a(eh_arm.o) (typeinfo for __cxxabiv1::__forced_unwind)
d:/programs/atollic truestudio/truestudio for stm32 9.3.0/armtools/bin/../lib/gcc/arm-atollic-eabi/6.3.1/../../../../arm-atollic-eabi/lib/armv7-m\libstdc++_nano.a(eh_call.o)
                              d:/programs/atollic truestudio/truestudio for stm32 9.3.0/armtools/bin/../lib/gcc/arm-atollic-eabi/6.3.1/../../../../arm-atollic-eabi/lib/armv7-m\libstdc++_nano.a(eh_personality.o) (__cxa_call_terminate)
d:/programs/atollic truestudio/truestudio for stm32 9.3.0/armtools/bin/../lib/gcc/arm-atollic-eabi/6.3.1/../../../../arm-atollic-eabi/lib/armv7-m\libstdc++_nano.a(pure.o)
                              d:/programs/atollic truestudio/truestudio for stm32 9.3.0/armtools/bin/../lib/gcc/arm-atollic-eabi/6.3.1/../../../../arm-atollic-eabi/lib/armv7-m\libstdc++_nano.a(eh_exception.o) (__cxa_pure_virtual)
[...]
Memory Configuration

Name             Origin             Length             Attributes
RAM              0x20000000         0x00005000         xrw
FLASH            0x08000000         0x00020000         xr
*default*        0x00000000         0xffffffff

Linker script and memory map

LOAD d:/programs/atollic truestudio/truestudio for stm32 9.3.0/armtools/bin/../lib/gcc/arm-atollic-eabi/6.3.1/armv7-m/crti.o
LOAD d:/programs/atollic truestudio/truestudio for stm32 9.3.0/armtools/bin/../lib/gcc/arm-atollic-eabi/6.3.1/armv7-m/crtbegin.o
LOAD Core\Src\ADC_Tools.o
LOAD Core\Src\AllTasks.o
LOAD Core\Src\Average.o
LOAD Core\Src\BatteryManager.o
LOAD Core\Src\EnergyManager.o
LOAD Core\Src\Fan.o
LOAD Core\Src\HallSensor.o
LOAD Core\Src\InternTemperature.o
LOAD Core\Src\LedNotifier.o
LOAD Core\Src\LipoCell.o
LOAD Core\Src\SectionSwitch.o
LOAD Core\Src\SupplyBranch.o
LOAD Core\Src\TimeTool.o
LOAD Core\Src\adc.o
LOAD Core\Src\dma.o
LOAD Core\Src\freertos.o
LOAD Core\Src\gpio.o
LOAD Core\Src\main.o
LOAD Core\Src\stm32f1xx_hal_msp.o
LOAD Core\Src\stm32f1xx_hal_timebase_tim.o
LOAD Core\Src\stm32f1xx_it.o
LOAD Core\Src\syscalls.o
LOAD Core\Src\system_stm32f1xx.o
LOAD Core\Src\tim.o
LOAD Core\Src\usart.o
LOAD Drivers\STM32F1xx_HAL_Driver\Src\stm32f1xx_hal.o
LOAD Drivers\STM32F1xx_HAL_Driver\Src\stm32f1xx_hal_adc.o
LOAD Drivers\STM32F1xx_HAL_Driver\Src\stm32f1xx_hal_adc_ex.o
LOAD Drivers\STM32F1xx_HAL_Driver\Src\stm32f1xx_hal_cortex.o
LOAD Drivers\STM32F1xx_HAL_Driver\Src\stm32f1xx_hal_dma.o
LOAD Drivers\STM32F1xx_HAL_Driver\Src\stm32f1xx_hal_exti.o
LOAD Drivers\STM32F1xx_HAL_Driver\Src\stm32f1xx_hal_flash.o
LOAD Drivers\STM32F1xx_HAL_Driver\Src\stm32f1xx_hal_flash_ex.o
LOAD Drivers\STM32F1xx_HAL_Driver\Src\stm32f1xx_hal_gpio.o
LOAD Drivers\STM32F1xx_HAL_Driver\Src\stm32f1xx_hal_gpio_ex.o
LOAD Drivers\STM32F1xx_HAL_Driver\Src\stm32f1xx_hal_pwr.o
LOAD Drivers\STM32F1xx_HAL_Driver\Src\stm32f1xx_hal_rcc.o
LOAD Drivers\STM32F1xx_HAL_Driver\Src\stm32f1xx_hal_rcc_ex.o
LOAD Drivers\STM32F1xx_HAL_Driver\Src\stm32f1xx_hal_tim.o
LOAD Drivers\STM32F1xx_HAL_Driver\Src\stm32f1xx_hal_tim_ex.o
LOAD Drivers\STM32F1xx_HAL_Driver\Src\stm32f1xx_hal_uart.o
LOAD Middlewares\Third_Party\FreeRTOS\Source\CMSIS_RTOS\cmsis_os.o
LOAD Middlewares\Third_Party\FreeRTOS\Source\croutine.o
LOAD Middlewares\Third_Party\FreeRTOS\Source\event_groups.o
LOAD Middlewares\Third_Party\FreeRTOS\Source\list.o
LOAD Middlewares\Third_Party\FreeRTOS\Source\portable\GCC\ARM_CM3\port.o
LOAD Middlewares\Third_Party\FreeRTOS\Source\portable\MemMang\heap_4.o
LOAD Middlewares\Third_Party\FreeRTOS\Source\queue.o
LOAD Middlewares\Third_Party\FreeRTOS\Source\stream_buffer.o
LOAD Middlewares\Third_Party\FreeRTOS\Source\tasks.o
LOAD Middlewares\Third_Party\FreeRTOS\Source\timers.o
LOAD startup\startup_stm32f103xb.o
                0x00001000                malloc_getpagesize_P = 0x1000
START GROUP
LOAD d:/programs/atollic truestudio/truestudio for stm32 9.3.0/armtools/bin/../lib/gcc/arm-atollic-eabi/6.3.1/../../../../arm-atollic-eabi/lib/armv7-m\libstdc++_nano.a
LOAD d:/programs/atollic truestudio/truestudio for stm32 9.3.0/armtools/bin/../lib/gcc/arm-atollic-eabi/6.3.1/../../../../arm-atollic-eabi/lib/armv7-m\libsupc++_nano.a
END GROUP
LOAD d:/programs/atollic truestudio/truestudio for stm32 9.3.0/armtools/bin/../lib/gcc/arm-atollic-eabi/6.3.1/../../../../arm-atollic-eabi/lib/armv7-m\libstdc++_nano.a
LOAD d:/programs/atollic truestudio/truestudio for stm32 9.3.0/armtools/bin/../lib/gcc/arm-atollic-eabi/6.3.1/../../../../arm-atollic-eabi/lib/armv7-m\libm.a
LOAD d:/programs/atollic truestudio/truestudio for stm32 9.3.0/armtools/bin/../lib/gcc/arm-atollic-eabi/6.3.1/../../../../arm-atollic-eabi/lib/armv7-m\libc_nano.a
START GROUP
LOAD d:/programs/atollic truestudio/truestudio for stm32 9.3.0/armtools/bin/../lib/gcc/arm-atollic-eabi/6.3.1/armv7-m\libgcc.a
LOAD d:/programs/atollic truestudio/truestudio for stm32 9.3.0/armtools/bin/../lib/gcc/arm-atollic-eabi/6.3.1/../../../../arm-atollic-eabi/lib/armv7-m\libc_nano.a
END GROUP
START GROUP
LOAD d:/programs/atollic truestudio/truestudio for stm32 9.3.0/armtools/bin/../lib/gcc/arm-atollic-eabi/6.3.1/armv7-m\libgcc.a
LOAD d:/programs/atollic truestudio/truestudio for stm32 9.3.0/armtools/bin/../lib/gcc/arm-atollic-eabi/6.3.1/../../../../arm-atollic-eabi/lib/armv7-m\libc_nano.a
LOAD d:/programs/atollic truestudio/truestudio for stm32 9.3.0/armtools/bin/../lib/gcc/arm-atollic-eabi/6.3.1/../../../../arm-atollic-eabi/lib/armv7-m\libnosys.a
END GROUP
START GROUP
LOAD d:/programs/atollic truestudio/truestudio for stm32 9.3.0/armtools/bin/../lib/gcc/arm-atollic-eabi/6.3.1/armv7-m\libgcc.a
LOAD d:/programs/atollic truestudio/truestudio for stm32 9.3.0/armtools/bin/../lib/gcc/arm-atollic-eabi/6.3.1/../../../../arm-atollic-eabi/lib/armv7-m\libc_nano.a
LOAD d:/programs/atollic truestudio/truestudio for stm32 9.3.0/armtools/bin/../lib/gcc/arm-atollic-eabi/6.3.1/../../../../arm-atollic-eabi/lib/armv7-m\libnosys.a
END GROUP
LOAD d:/programs/atollic truestudio/truestudio for stm32 9.3.0/armtools/bin/../lib/gcc/arm-atollic-eabi/6.3.1/armv7-m/crtend.o
LOAD d:/programs/atollic truestudio/truestudio for stm32 9.3.0/armtools/bin/../lib/gcc/arm-atollic-eabi/6.3.1/armv7-m/crtn.o
                0x20005000                _estack = 0x20005000
                0x00000200                _Min_Heap_Size = 0x200
                0x00000400                _Min_Stack_Size = 0x400

.isr_vector     0x08000000      0x10c
                0x08000000                . = ALIGN (0x4)
 *(.isr_vector)
 .isr_vector    0x08000000      0x10c startup\startup_stm32f103xb.o
                0x08000000                g_pfnVectors
                0x0800010c                . = ALIGN (0x4)

.text           0x08000110     0x55f4
                0x08000110                . = ALIGN (0x4)
 *(.text)
 .text          0x08000110       0x40 d:/programs/atollic truestudio/truestudio for stm32 9.3.0/armtools/bin/../lib/gcc/arm-atollic-eabi/6.3.1/armv7-m/crtbegin.o
 .text          0x08000150       0x14 d:/programs/atollic truestudio/truestudio for stm32 9.3.0/armtools/bin/../lib/gcc/arm-atollic-eabi/6.3.1/../../../../arm-atollic-eabi/lib/armv7-m\libc_nano.a(lib_a-strcmp.o)
                0x08000150                strcmp
 .text          0x08000164      0x21c d:/programs/atollic truestudio/truestudio for stm32 9.3.0/armtools/bin/../lib/gcc/arm-atollic-eabi/6.3.1/armv7-m\libgcc.a(_arm_addsubsf3.o)
                0x08000164                __aeabi_frsub
                0x0800016c                __subsf3
                0x0800016c                __aeabi_fsub
                0x08000170                __aeabi_fadd
                0x08000170                __addsf3
                0x080002d0                __aeabi_ui2f
                0x080002d0                __floatunsisf
                0x080002d8                __aeabi_i2f
                0x080002d8                __floatsisf
                0x080002f4                __aeabi_ul2f
                0x080002f4                __floatundisf
                0x08000304                __aeabi_l2f
                0x08000304                __floatdisf
 .text          0x08000380      0x2a0 d:/programs/atollic truestudio/truestudio for stm32 9.3.0/armtools/bin/../lib/gcc/arm-atollic-eabi/6.3.1/armv7-m\libgcc.a(_arm_muldivsf3.o)
                0x08000380                __mulsf3
                0x08000380                __aeabi_fmul
                0x080004e8                __aeabi_fdiv
                0x080004e8                __divsf3
 .text          0x08000620       0xec d:/programs/atollic truestudio/truestudio for stm32 9.3.0/armtools/bin/../lib/gcc/arm-atollic-eabi/6.3.1/armv7-m\libgcc.a(_arm_cmpsf2.o)
                0x08000620                __gesf2
                0x08000620                __gtsf2
                0x08000628                __lesf2
                0x08000628                __ltsf2
                0x08000630                __nesf2
                0x08000630                __eqsf2
                0x08000630                __cmpsf2
                0x08000690                __aeabi_cfrcmple
                0x08000698                __aeabi_cfcmpeq
                0x08000698                __aeabi_cfcmple
                0x080006a8                __aeabi_fcmpeq
                0x080006bc                __aeabi_fcmplt
                0x080006d0                __aeabi_fcmple
                0x080006e4                __aeabi_fcmpge
                0x080006f8                __aeabi_fcmpgt
 .text          0x0800070c      0x9dc d:/programs/atollic truestudio/truestudio for stm32 9.3.0/armtools/bin/../lib/gcc/arm-atollic-eabi/6.3.1/armv7-m\libgcc.a(unwind-arm.o)
                0x080009d0                _Unwind_GetCFA
                0x080009d4                __gnu_Unwind_RaiseException
                0x08000a34                __gnu_Unwind_ForcedUnwind
                0x08000a48                __gnu_Unwind_Resume
                0x08000a8c                __gnu_Unwind_Resume_or_Rethrow
                0x08000aa0                _Unwind_Complete
                0x08000aa4                _Unwind_DeleteException
                0x08000ab0                _Unwind_VRS_Get
                0x08000afc                _Unwind_VRS_Set
                0x08000b4c                __gnu_Unwind_Backtrace
                0x08000e90                __aeabi_unwind_cpp_pr0
                0x08000e94                __aeabi_unwind_cpp_pr1
                0x08000e98                __aeabi_unwind_cpp_pr2
                0x08000e9c                _Unwind_VRS_Pop
 .text          0x080010e8      0x1ac d:/programs/atollic truestudio/truestudio for stm32 9.3.0/armtools/bin/../lib/gcc/arm-atollic-eabi/6.3.1/armv7-m\libgcc.a(libunwind.o)
                0x080010e8                __restore_core_regs
                0x080010e8                restore_core_regs
                0x08001100                __gnu_Unwind_Restore_VFP
                0x08001108                __gnu_Unwind_Save_VFP
                0x08001110                __gnu_Unwind_Restore_VFP_D
                0x08001118                __gnu_Unwind_Save_VFP_D
                0x08001120                __gnu_Unwind_Restore_VFP_D_16_to_31
                0x08001128                __gnu_Unwind_Save_VFP_D_16_to_31
                0x08001130                __gnu_Unwind_Restore_WMMXD
                0x08001174                __gnu_Unwind_Save_WMMXD
                0x080011b8                __gnu_Unwind_Restore_WMMXC
                0x080011cc                __gnu_Unwind_Save_WMMXC
                0x080011e0                ___Unwind_RaiseException
                0x080011e0                _Unwind_RaiseException
                0x08001204                _Unwind_Resume
                0x08001204                ___Unwind_Resume
                0x08001228                _Unwind_Resume_or_Rethrow
                0x08001228                ___Unwind_Resume_or_Rethrow
                0x0800124c                _Unwind_ForcedUnwind
                0x0800124c                ___Unwind_ForcedUnwind
                0x08001270                ___Unwind_Backtrace
                0x08001270                _Unwind_Backtrace
 .text          0x08001294      0x384 d:/programs/atollic truestudio/truestudio for stm32 9.3.0/armtools/bin/../lib/gcc/arm-atollic-eabi/6.3.1/armv7-m\libgcc.a(pr-support.o)
                0x080012ec                __gnu_unwind_execute
                0x080015bc                __gnu_unwind_frame
                0x080015e8                _Unwind_GetRegionStart
                0x080015f4                _Unwind_GetLanguageSpecificData
                0x08001608                _Unwind_GetTextRelBase
                0x08001610                _Unwind_GetDataRelBase
 *(.text*)
 .text._ZN9ADC_Tools14getVoltageAvrgEv
                0x08001618       0x16 Core\Src\ADC_Tools.o
                0x08001618                ADC_Tools::getVoltageAvrg()
 .text._ZNK9ADC_Tools13getPercentageEv
                0x0800162e       0x16 Core\Src\ADC_Tools.o
                0x0800162e                ADC_Tools::getPercentage() const
 .text._ZN9ADC_Tools17getPercentageAvrgEv
                0x08001644       0x16 Core\Src\ADC_Tools.o
                0x08001644                ADC_Tools::getPercentageAvrg()
 *fill*         0x0800165a        0x2 
 .text._ZN9ADC_ToolsC2Effm
                0x0800165c       0x5c Core\Src\ADC_Tools.o
                0x0800165c                ADC_Tools::ADC_Tools(float, float, unsigned long)
                0x0800165c                ADC_Tools::ADC_Tools(float, float, unsigned long)
 .text._ZN9ADC_Tools17updateMeasurmentsEm
                0x080016b8       0x32 Core\Src\ADC_Tools.o
                0x080016b8                ADC_Tools::updateMeasurments(unsigned long)
 .text._ZN9ADC_Tools16convertToVoltageEm
                0x080016ea       0x40 Core\Src\ADC_Tools.o
                0x080016ea                ADC_Tools::convertToVoltage(unsigned long)
 *fill*         0x0800172a        0x2 
 .text._ZN9ADC_Tools19convertToPercentageEf
                0x0800172c       0x4c Core\Src\ADC_Tools.o
                0x0800172c                ADC_Tools::convertToPercentage(float)
 .text._ZNK9ADC_Tools10getVoltageEv
                0x08001778       0x16 Core\Src\AllTasks.o
                0x08001778                ADC_Tools::getVoltage() const
 *fill*         0x0800178e        0x2 
 .text._Z13AllTasks_initv
                0x08001790       0x78 Core\Src\AllTasks.o
                0x08001790                AllTasks_init()
 .text._ZN8LipoCellD2Ev
                0x08001808       0x28 Core\Src\AllTasks.o
                0x08001808                LipoCell::~LipoCell()
                0x08001808                LipoCell::~LipoCell()
 .text._Z23StartBatteryManagerTaskPKv
                0x08001830      0x100 Core\Src\AllTasks.o
                0x08001830                StartBatteryManagerTask(void const*)
 .text._Z14StartLedUpTaskPKv
                0x08001930       0x6c Core\Src\AllTasks.o
                0x08001930                StartLedUpTask(void const*)
 .text.HAL_UART_RxCpltCallback
                0x0800199c       0x24 Core\Src\AllTasks.o
                0x0800199c                HAL_UART_RxCpltCallback
 .text.HAL_TIM_PeriodElapsedCallback
                0x080019c0       0x24 Core\Src\AllTasks.o
                0x080019c0                HAL_TIM_PeriodElapsedCallback
 .text._ZN7AverageIfLh10EED2Ev
                0x080019e4       0x14 Core\Src\AllTasks.o
                0x080019e4                Average<float, (unsigned char)10>::~Average()
                0x080019e4                Average<float, (unsigned char)10>::~Average()
 .text._Z41__static_initialization_and_destruction_0ii
                0x080019f8       0x84 Core\Src\AllTasks.o
 .text._GLOBAL__sub_I_BatteryManagerHandle
                0x08001a7c       0x10 Core\Src\AllTasks.o
 .text._ZN7AverageIfLh10EEC2Ev
                0x08001a8c       0x18 Core\Src\HallSensor.o
                0x08001a8c                Average<float, (unsigned char)10>::Average()
                0x08001a8c                Average<float, (unsigned char)10>::Average()
 .text._ZN7AverageIfLh10EEclEv
                0x08001aa4       0x1a Core\Src\HallSensor.o
                0x08001aa4                Average<float, (unsigned char)10>::operator()()
 .text._ZN7AverageIfLh10EE6insertEf
                0x08001abe       0x28 Core\Src\HallSensor.o
                0x08001abe                Average<float, (unsigned char)10>::insert(float)
 .text._ZN7AverageIfLh10EE5clearEv
                0x08001ae6       0x40 Core\Src\HallSensor.o
                0x08001ae6                Average<float, (unsigned char)10>::clear()
 .text._ZN7AverageIfLh10EE9calculateEv
                0x08001b26       0x60 Core\Src\HallSensor.o
                0x08001b26                Average<float, (unsigned char)10>::calculate()
 .text._ZN7AverageIfLh10EE12indexIterateEv
                0x08001b86       0x50 Core\Src\HallSensor.o
                0x08001b86                Average<float, (unsigned char)10>::indexIterate()
 .text._ZN11LedNotifier13getONPinStateEv
                0x08001bd6       0x16 Core\Src\LedNotifier.o
                0x08001bd6                LedNotifier::getONPinState()
 .text._ZN11LedNotifier2onEv
                0x08001bec       0x30 Core\Src\LedNotifier.o
                0x08001bec                LedNotifier::on()
 .text._ZN11LedNotifier5blinkEt
                0x08001c1c       0x20 Core\Src\LedNotifier.o
                0x08001c1c                LedNotifier::blink(unsigned short)
 .text._ZN11LedNotifier5blinkEtt
                0x08001c3c       0x3c Core\Src\LedNotifier.o
                0x08001c3c                LedNotifier::blink(unsigned short, unsigned short)
 .text._ZN11LedNotifier13blink_processEv
                0x08001c78       0x4a Core\Src\LedNotifier.o
                0x08001c78                LedNotifier::blink_process()
 *fill*         0x08001cc2        0x2 
 .text._ZN11LedNotifier21getTimeFromLastToggleEv
                0x08001cc4       0x2c Core\Src\LedNotifier.o
                0x08001cc4                LedNotifier::getTimeFromLastToggle()
 .text._ZN11LedNotifier6toggleEv
                0x08001cf0       0x20 Core\Src\LedNotifier.o
                0x08001cf0                LedNotifier::toggle()
 .text._ZN11LedNotifier20updateLastToggleTimeEv
                0x08001d10       0x24 Core\Src\LedNotifier.o
                0x08001d10                LedNotifier::updateLastToggleTime()
 .text._ZN11LedNotifier17toggle_blinkstateEv
                0x08001d34       0x28 Core\Src\LedNotifier.o
                0x08001d34                LedNotifier::toggle_blinkstate()
 .text._ZN11LedNotifier9getPeriodEv
                0x08001d5c       0x24 Core\Src\LedNotifier.o
                0x08001d5c                LedNotifier::getPeriod()
 .text._ZN11LedNotifierC2EP12GPIO_TypeDefth
                0x08001d80       0x60 Core\Src\LedNotifier.o
                0x08001d80                LedNotifier::LedNotifier(GPIO_TypeDef*, unsigned short, unsigned char)
                0x08001d80                LedNotifier::LedNotifier(GPIO_TypeDef*, unsigned short, unsigned char)
 .text._ZN11LedNotifierD2Ev
                0x08001de0       0x20 Core\Src\LedNotifier.o
                0x08001de0                LedNotifier::~LedNotifier()
                0x08001de0                LedNotifier::~LedNotifier()
 .text._ZN11LedNotifierD0Ev
                0x08001e00       0x1e Core\Src\LedNotifier.o
                0x08001e00                LedNotifier::~LedNotifier()
 *fill*         0x08001e1e        0x2 
 .text._ZN8LipoCellC2Ef
                0x08001e20       0x44 Core\Src\LipoCell.o
                0x08001e20                LipoCell::LipoCell(float)
                0x08001e20                LipoCell::LipoCell(float)
 .text._ZN8LipoCell6updateEm
                0x08001e64       0x34 Core\Src\LipoCell.o
                0x08001e64                LipoCell::update(unsigned long)
 .text._ZN8LipoCell14getVoltageAvrgEv
                0x08001e98       0x1e Core\Src\LipoCell.o
                0x08001e98                LipoCell::getVoltageAvrg()
 .text._ZN8LipoCell17getPercentageAvrgEv
                0x08001eb6       0x2a Core\Src\LipoCell.o
                0x08001eb6                LipoCell::getPercentageAvrg()
 .text._ZN8TimeTool9getMicrosEv
                0x08001ee0       0x20 Core\Src\TimeTool.o
                0x08001ee0                TimeTool::getMicros()
 .text._ZN8TimeTool13compareMicrosEtt
                0x08001f00       0x4a Core\Src\TimeTool.o
                0x08001f00                TimeTool::compareMicros(unsigned short, unsigned short)
 *fill*         0x08001f4a        0x2 
 .text._ZN8TimeTool4initEv
                0x08001f4c       0x28 Core\Src\TimeTool.o
                0x08001f4c                TimeTool::init()
 .text._ZN8TimeToolC2Ev
                0x08001f74       0x2c Core\Src\TimeTool.o
                0x08001f74                TimeTool::TimeTool()
                0x08001f74                TimeTool::TimeTool()
 .text._ZN8TimeToolD2Ev
                0x08001fa0       0x20 Core\Src\TimeTool.o
                0x08001fa0                TimeTool::~TimeTool()
                0x08001fa0                TimeTool::~TimeTool()
 .text._ZN8TimeToolD0Ev
                0x08001fc0       0x1e Core\Src\TimeTool.o
                0x08001fc0                TimeTool::~TimeTool()
 *fill*         0x08001fde        0x2 
 .text._Z41__static_initialization_and_destruction_0ii
                0x08001fe0       0x40 Core\Src\TimeTool.o
 .text._GLOBAL__sub_I_time_tool
                0x08002020       0x10 Core\Src\TimeTool.o
 .text.MX_ADC1_Init
                0x08002030       0x70 Core\Src\adc.o
                0x08002030                MX_ADC1_Init
 .text.HAL_ADC_MspInit
                0x080020a0       0x94 Core\Src\adc.o
                0x080020a0                HAL_ADC_MspInit
 .text.MX_DMA_Init
                0x08002134       0x30 Core\Src\dma.o
                0x08002134                MX_DMA_Init
 .text.vApplicationGetIdleTaskMemory
                0x08002164       0x30 Core\Src\freertos.o
                0x08002164                vApplicationGetIdleTaskMemory
 .text.MX_FREERTOS_Init
                0x08002194       0x3c Core\Src\freertos.o
                0x08002194                MX_FREERTOS_Init
 .text.StartDefaultTask
                0x080021d0       0x10 Core\Src\freertos.o
                0x080021d0                StartDefaultTask
 .text.MX_GPIO_Init
                0x080021e0       0xf4 Core\Src\gpio.o
                0x080021e0                MX_GPIO_Init
 .text.main     0x080022d4       0x2a Core\Src\main.o
                0x080022d4                main
 .text.SystemClock_Config
                0x080022fe       0xc8 Core\Src\main.o
                0x080022fe                SystemClock_Config
 .text.Error_Handler
                0x080023c6        0xc Core\Src\main.o
                0x080023c6                Error_Handler
 *fill*         0x080023d2        0x2 
 .text.HAL_MspInit
                0x080023d4       0x50 Core\Src\stm32f1xx_hal_msp.o
                0x080023d4                HAL_MspInit
 .text.HAL_InitTick
                0x08002424       0x78 Core\Src\stm32f1xx_hal_timebase_tim.o
                0x08002424                HAL_InitTick
 .text.NMI_Handler
                0x0800249c        0x2 Core\Src\stm32f1xx_it.o
                0x0800249c                NMI_Handler
 .text.HardFault_Handler
                0x0800249e        0x2 Core\Src\stm32f1xx_it.o
                0x0800249e                HardFault_Handler
 .text.MemManage_Handler
                0x080024a0        0x2 Core\Src\stm32f1xx_it.o
                0x080024a0                MemManage_Handler
 .text.BusFault_Handler
                0x080024a2        0x2 Core\Src\stm32f1xx_it.o
                0x080024a2                BusFault_Handler
 .text.UsageFault_Handler
                0x080024a4        0x2 Core\Src\stm32f1xx_it.o
                0x080024a4                UsageFault_Handler
 .text.DebugMon_Handler
                0x080024a6        0x2 Core\Src\stm32f1xx_it.o
                0x080024a6                DebugMon_Handler
 .text.DMA1_Channel1_IRQHandler
                0x080024a8        0xc Core\Src\stm32f1xx_it.o
                0x080024a8                DMA1_Channel1_IRQHandler
 .text.TIM1_UP_IRQHandler
                0x080024b4        0xc Core\Src\stm32f1xx_it.o
                0x080024b4                TIM1_UP_IRQHandler
 .text.USART3_IRQHandler
                0x080024c0        0xc Core\Src\stm32f1xx_it.o
                0x080024c0                USART3_IRQHandler
 .text.EXTI15_10_IRQHandler
                0x080024cc        0x8 Core\Src\stm32f1xx_it.o
                0x080024cc                EXTI15_10_IRQHandler
 .text._getpid  0x080024d4        0x4 Core\Src\syscalls.o
                0x080024d4                _getpid
 .text._kill    0x080024d8       0x10 Core\Src\syscalls.o
                0x080024d8                _kill
 .text._exit    0x080024e8        0xc Core\Src\syscalls.o
                0x080024e8                _exit
 .text.SystemInit
                0x080024f4        0x2 Core\Src\system_stm32f1xx.o
                0x080024f4                SystemInit
 *fill*         0x080024f6        0x2 
 .text.MX_TIM4_Init
                0x080024f8       0x6c Core\Src\tim.o
                0x080024f8                MX_TIM4_Init
 .text.HAL_TIM_Base_MspInit
                0x08002564       0x28 Core\Src\tim.o
                0x08002564                HAL_TIM_Base_MspInit
 .text.MX_USART3_UART_Init
                0x0800258c       0x38 Core\Src\usart.o
                0x0800258c                MX_USART3_UART_Init
 .text.HAL_UART_MspInit
                0x080025c4       0x88 Core\Src\usart.o
                0x080025c4                HAL_UART_MspInit
 .text.HAL_Init
                0x0800264c       0x24 Drivers\STM32F1xx_HAL_Driver\Src\stm32f1xx_hal.o
                0x0800264c                HAL_Init
 .text.HAL_IncTick
                0x08002670       0x18 Drivers\STM32F1xx_HAL_Driver\Src\stm32f1xx_hal.o
                0x08002670                HAL_IncTick
 .text.HAL_GetTick
                0x08002688        0xc Drivers\STM32F1xx_HAL_Driver\Src\stm32f1xx_hal.o
                0x08002688                HAL_GetTick
 .text.HAL_ADC_ConvCpltCallback
                0x08002694        0x2 Drivers\STM32F1xx_HAL_Driver\Src\stm32f1xx_hal_adc.o
                0x08002694                HAL_ADC_ConvCpltCallback
 .text.ADC_DMAConvCplt
                0x08002696       0x4e Drivers\STM32F1xx_HAL_Driver\Src\stm32f1xx_hal_adc.o
                0x08002696                ADC_DMAConvCplt
 .text.HAL_ADC_ConvHalfCpltCallback
                0x080026e4        0x2 Drivers\STM32F1xx_HAL_Driver\Src\stm32f1xx_hal_adc.o
                0x080026e4                HAL_ADC_ConvHalfCpltCallback
 .text.ADC_DMAHalfConvCplt
                0x080026e6        0xa Drivers\STM32F1xx_HAL_Driver\Src\stm32f1xx_hal_adc.o
                0x080026e6                ADC_DMAHalfConvCplt
 .text.HAL_ADC_ErrorCallback
                0x080026f0        0x2 Drivers\STM32F1xx_HAL_Driver\Src\stm32f1xx_hal_adc.o
                0x080026f0                HAL_ADC_ErrorCallback
 .text.ADC_DMAError
                0x080026f2       0x1a Drivers\STM32F1xx_HAL_Driver\Src\stm32f1xx_hal_adc.o
                0x080026f2                ADC_DMAError
 .text.HAL_ADC_ConfigChannel
                0x0800270c      0x108 Drivers\STM32F1xx_HAL_Driver\Src\stm32f1xx_hal_adc.o
                0x0800270c                HAL_ADC_ConfigChannel
 .text.ADC_Enable
                0x08002814       0x70 Drivers\STM32F1xx_HAL_Driver\Src\stm32f1xx_hal_adc.o
                0x08002814                ADC_Enable
 .text.HAL_ADC_Start
                0x08002884       0xc4 Drivers\STM32F1xx_HAL_Driver\Src\stm32f1xx_hal_adc.o
                0x08002884                HAL_ADC_Start
 .text.HAL_ADC_Start_DMA
                0x08002948      0x11c Drivers\STM32F1xx_HAL_Driver\Src\stm32f1xx_hal_adc.o
                0x08002948                HAL_ADC_Start_DMA
 .text.ADC_ConversionStop_Disable
                0x08002a64       0x44 Drivers\STM32F1xx_HAL_Driver\Src\stm32f1xx_hal_adc.o
                0x08002a64                ADC_ConversionStop_Disable
 .text.HAL_ADC_Init
                0x08002aa8      0x100 Drivers\STM32F1xx_HAL_Driver\Src\stm32f1xx_hal_adc.o
                0x08002aa8                HAL_ADC_Init
 .text.HAL_NVIC_SetPriorityGrouping
                0x08002ba8       0x24 Drivers\STM32F1xx_HAL_Driver\Src\stm32f1xx_hal_cortex.o
                0x08002ba8                HAL_NVIC_SetPriorityGrouping
 .text.HAL_NVIC_SetPriority
                0x08002bcc       0x68 Drivers\STM32F1xx_HAL_Driver\Src\stm32f1xx_hal_cortex.o
                0x08002bcc                HAL_NVIC_SetPriority
 .text.HAL_NVIC_EnableIRQ
                0x08002c34       0x1c Drivers\STM32F1xx_HAL_Driver\Src\stm32f1xx_hal_cortex.o
                0x08002c34                HAL_NVIC_EnableIRQ
 .text.HAL_DMA_Init
                0x08002c50       0x60 Drivers\STM32F1xx_HAL_Driver\Src\stm32f1xx_hal_dma.o
                0x08002c50                HAL_DMA_Init
 .text.HAL_DMA_Start_IT
                0x08002cb0       0x7a Drivers\STM32F1xx_HAL_Driver\Src\stm32f1xx_hal_dma.o
                0x08002cb0                HAL_DMA_Start_IT
 *fill*         0x08002d2a        0x2 
 .text.HAL_DMA_Abort_IT
                0x08002d2c       0x90 Drivers\STM32F1xx_HAL_Driver\Src\stm32f1xx_hal_dma.o
                0x08002d2c                HAL_DMA_Abort_IT
 .text.HAL_DMA_IRQHandler
                0x08002dbc      0x128 Drivers\STM32F1xx_HAL_Driver\Src\stm32f1xx_hal_dma.o
                0x08002dbc                HAL_DMA_IRQHandler
 .text.HAL_GPIO_Init
                0x08002ee4      0x1c4 Drivers\STM32F1xx_HAL_Driver\Src\stm32f1xx_hal_gpio.o
                0x08002ee4                HAL_GPIO_Init
 .text.HAL_GPIO_WritePin
                0x080030a8        0xa Drivers\STM32F1xx_HAL_Driver\Src\stm32f1xx_hal_gpio.o
                0x080030a8                HAL_GPIO_WritePin
 .text.HAL_GPIO_TogglePin
                0x080030b2       0x12 Drivers\STM32F1xx_HAL_Driver\Src\stm32f1xx_hal_gpio.o
                0x080030b2                HAL_GPIO_TogglePin
 .text.HAL_GPIO_EXTI_Callback
                0x080030c4        0x2 Drivers\STM32F1xx_HAL_Driver\Src\stm32f1xx_hal_gpio.o
                0x080030c4                HAL_GPIO_EXTI_Callback
 *fill*         0x080030c6        0x2 
 .text.HAL_GPIO_EXTI_IRQHandler
                0x080030c8       0x18 Drivers\STM32F1xx_HAL_Driver\Src\stm32f1xx_hal_gpio.o
                0x080030c8                HAL_GPIO_EXTI_IRQHandler
 .text.HAL_RCC_OscConfig
                0x080030e0      0x33c Drivers\STM32F1xx_HAL_Driver\Src\stm32f1xx_hal_rcc.o
                0x080030e0                HAL_RCC_OscConfig
 .text.HAL_RCC_GetSysClockFreq
                0x0800341c       0x78 Drivers\STM32F1xx_HAL_Driver\Src\stm32f1xx_hal_rcc.o
                0x0800341c                HAL_RCC_GetSysClockFreq
 .text.HAL_RCC_ClockConfig
                0x08003494      0x13c Drivers\STM32F1xx_HAL_Driver\Src\stm32f1xx_hal_rcc.o
                0x08003494                HAL_RCC_ClockConfig
 .text.HAL_RCC_GetPCLK1Freq
                0x080035d0       0x20 Drivers\STM32F1xx_HAL_Driver\Src\stm32f1xx_hal_rcc.o
                0x080035d0                HAL_RCC_GetPCLK1Freq
 .text.HAL_RCC_GetPCLK2Freq
                0x080035f0       0x20 Drivers\STM32F1xx_HAL_Driver\Src\stm32f1xx_hal_rcc.o
                0x080035f0                HAL_RCC_GetPCLK2Freq
 .text.HAL_RCC_GetClockConfig
                0x08003610       0x3c Drivers\STM32F1xx_HAL_Driver\Src\stm32f1xx_hal_rcc.o
                0x08003610                HAL_RCC_GetClockConfig
 .text.HAL_RCCEx_PeriphCLKConfig
                0x0800364c       0xf0 Drivers\STM32F1xx_HAL_Driver\Src\stm32f1xx_hal_rcc_ex.o
                0x0800364c                HAL_RCCEx_PeriphCLKConfig
 .text.HAL_TIM_Base_Start
                0x0800373c       0x4c Drivers\STM32F1xx_HAL_Driver\Src\stm32f1xx_hal_tim.o
                0x0800373c                HAL_TIM_Base_Start
 .text.HAL_TIM_Base_Start_IT
                0x08003788       0x54 Drivers\STM32F1xx_HAL_Driver\Src\stm32f1xx_hal_tim.o
                0x08003788                HAL_TIM_Base_Start_IT
 .text.HAL_TIM_OC_DelayElapsedCallback
                0x080037dc        0x2 Drivers\STM32F1xx_HAL_Driver\Src\stm32f1xx_hal_tim.o
                0x080037dc                HAL_TIM_OC_DelayElapsedCallback
 .text.HAL_TIM_IC_CaptureCallback
                0x080037de        0x2 Drivers\STM32F1xx_HAL_Driver\Src\stm32f1xx_hal_tim.o
                0x080037de                HAL_TIM_IC_CaptureCallback
 .text.HAL_TIM_PWM_PulseFinishedCallback
                0x080037e0        0x2 Drivers\STM32F1xx_HAL_Driver\Src\stm32f1xx_hal_tim.o
                0x080037e0                HAL_TIM_PWM_PulseFinishedCallback
 .text.HAL_TIM_TriggerCallback
                0x080037e2        0x2 Drivers\STM32F1xx_HAL_Driver\Src\stm32f1xx_hal_tim.o
                0x080037e2                HAL_TIM_TriggerCallback
 .text.HAL_TIM_IRQHandler
                0x080037e4      0x144 Drivers\STM32F1xx_HAL_Driver\Src\stm32f1xx_hal_tim.o
                0x080037e4                HAL_TIM_IRQHandler
 .text.TIM_Base_SetConfig
                0x08003928       0x70 Drivers\STM32F1xx_HAL_Driver\Src\stm32f1xx_hal_tim.o
                0x08003928                TIM_Base_SetConfig
 .text.HAL_TIM_Base_Init
                0x08003998       0x58 Drivers\STM32F1xx_HAL_Driver\Src\stm32f1xx_hal_tim.o
                0x08003998                HAL_TIM_Base_Init
 .text.TIM_ETR_SetConfig
                0x080039f0       0x14 Drivers\STM32F1xx_HAL_Driver\Src\stm32f1xx_hal_tim.o
                0x080039f0                TIM_ETR_SetConfig
 .text.HAL_TIM_ConfigClockSource
                0x08003a04      0x128 Drivers\STM32F1xx_HAL_Driver\Src\stm32f1xx_hal_tim.o
                0x08003a04                HAL_TIM_ConfigClockSource
 .text.HAL_TIMEx_MasterConfigSynchronization
                0x08003b2c       0x64 Drivers\STM32F1xx_HAL_Driver\Src\stm32f1xx_hal_tim_ex.o
                0x08003b2c                HAL_TIMEx_MasterConfigSynchronization
 .text.HAL_TIMEx_CommutCallback
                0x08003b90        0x2 Drivers\STM32F1xx_HAL_Driver\Src\stm32f1xx_hal_tim_ex.o
                0x08003b90                HAL_TIMEx_CommutCallback
 .text.HAL_TIMEx_BreakCallback
                0x08003b92        0x2 Drivers\STM32F1xx_HAL_Driver\Src\stm32f1xx_hal_tim_ex.o
                0x08003b92                HAL_TIMEx_BreakCallback
 .text.UART_EndRxTransfer
                0x08003b94       0x1a Drivers\STM32F1xx_HAL_Driver\Src\stm32f1xx_hal_uart.o
 *fill*         0x08003bae        0x2 
 .text.UART_SetConfig
                0x08003bb0       0x74 Drivers\STM32F1xx_HAL_Driver\Src\stm32f1xx_hal_uart.o
 .text.HAL_UART_Init
                0x08003c24       0x5c Drivers\STM32F1xx_HAL_Driver\Src\stm32f1xx_hal_uart.o
                0x08003c24                HAL_UART_Init
 .text.HAL_UART_Receive_IT
                0x08003c80       0x4e Drivers\STM32F1xx_HAL_Driver\Src\stm32f1xx_hal_uart.o
                0x08003c80                HAL_UART_Receive_IT
 .text.HAL_UART_TxCpltCallback
                0x08003cce        0x2 Drivers\STM32F1xx_HAL_Driver\Src\stm32f1xx_hal_uart.o
                0x08003cce                HAL_UART_TxCpltCallback
 .text.UART_Receive_IT
                0x08003cd0       0x74 Drivers\STM32F1xx_HAL_Driver\Src\stm32f1xx_hal_uart.o
 .text.HAL_UART_ErrorCallback
                0x08003d44        0x2 Drivers\STM32F1xx_HAL_Driver\Src\stm32f1xx_hal_uart.o
                0x08003d44                HAL_UART_ErrorCallback
 *fill*         0x08003d46        0x2 
 .text.HAL_UART_IRQHandler
                0x08003d48      0x140 Drivers\STM32F1xx_HAL_Driver\Src\stm32f1xx_hal_uart.o
                0x08003d48                HAL_UART_IRQHandler
 .text.UART_DMAAbortOnError
                0x08003e88       0x10 Drivers\STM32F1xx_HAL_Driver\Src\stm32f1xx_hal_uart.o
 .text.osKernelStart
                0x08003e98        0xa Middlewares\Third_Party\FreeRTOS\Source\CMSIS_RTOS\cmsis_os.o
                0x08003e98                osKernelStart
 .text.osThreadCreate
                0x08003ea2       0x50 Middlewares\Third_Party\FreeRTOS\Source\CMSIS_RTOS\cmsis_os.o
                0x08003ea2                osThreadCreate
 .text.osDelay  0x08003ef2       0x10 Middlewares\Third_Party\FreeRTOS\Source\CMSIS_RTOS\cmsis_os.o
                0x08003ef2                osDelay
 .text.vListInitialise
                0x08003f02       0x16 Middlewares\Third_Party\FreeRTOS\Source\list.o
                0x08003f02                vListInitialise
 .text.vListInitialiseItem
                0x08003f18        0x6 Middlewares\Third_Party\FreeRTOS\Source\list.o
                0x08003f18                vListInitialiseItem
 .text.vListInsertEnd
                0x08003f1e       0x18 Middlewares\Third_Party\FreeRTOS\Source\list.o
                0x08003f1e                vListInsertEnd
 .text.vListInsert
                0x08003f36       0x2e Middlewares\Third_Party\FreeRTOS\Source\list.o
                0x08003f36                vListInsert
 .text.uxListRemove
                0x08003f64       0x22 Middlewares\Third_Party\FreeRTOS\Source\list.o
                0x08003f64                uxListRemove
 *fill*         0x08003f86        0x2 
 .text.prvTaskExitError
                0x08003f88       0x40 Middlewares\Third_Party\FreeRTOS\Source\portable\GCC\ARM_CM3\port.o
 .text.unlikely.prvPortStartFirstTask
                0x08003fc8       0x20 Middlewares\Third_Party\FreeRTOS\Source\portable\GCC\ARM_CM3\port.o
 .text.pxPortInitialiseStack
                0x08003fe8       0x24 Middlewares\Third_Party\FreeRTOS\Source\portable\GCC\ARM_CM3\port.o
                0x08003fe8                pxPortInitialiseStack
 *fill*         0x0800400c        0x4 
 .text.SVC_Handler
                0x08004010       0x24 Middlewares\Third_Party\FreeRTOS\Source\portable\GCC\ARM_CM3\port.o
                0x08004010                SVC_Handler
 .text.vPortEnterCritical
                0x08004034       0x44 Middlewares\Third_Party\FreeRTOS\Source\portable\GCC\ARM_CM3\port.o
                0x08004034                vPortEnterCritical
 .text.vPortExitCritical
                0x08004078       0x28 Middlewares\Third_Party\FreeRTOS\Source\portable\GCC\ARM_CM3\port.o
                0x08004078                vPortExitCritical
 .text.PendSV_Handler
                0x080040a0       0x44 Middlewares\Third_Party\FreeRTOS\Source\portable\GCC\ARM_CM3\port.o
                0x080040a0                PendSV_Handler
 .text.SysTick_Handler
                0x080040e4       0x2c Middlewares\Third_Party\FreeRTOS\Source\portable\GCC\ARM_CM3\port.o
                0x080040e4                SysTick_Handler
 .text.vPortSetupTimerInterrupt
                0x08004110       0x34 Middlewares\Third_Party\FreeRTOS\Source\portable\GCC\ARM_CM3\port.o
                0x08004110                vPortSetupTimerInterrupt
 .text.xPortStartScheduler
                0x08004144       0xb4 Middlewares\Third_Party\FreeRTOS\Source\portable\GCC\ARM_CM3\port.o
                0x08004144                xPortStartScheduler
 .text.unlikely.prvInsertBlockIntoFreeList
                0x080041f8       0x48 Middlewares\Third_Party\FreeRTOS\Source\portable\MemMang\heap_4.o
 .text.pvPortMalloc
                0x08004240      0x11c Middlewares\Third_Party\FreeRTOS\Source\portable\MemMang\heap_4.o
                0x08004240                pvPortMalloc
 .text.vPortFree
                0x0800435c       0x70 Middlewares\Third_Party\FreeRTOS\Source\portable\MemMang\heap_4.o
                0x0800435c                vPortFree
 .text.prvAddNewTaskToReadyList
                0x080043cc       0xf8 Middlewares\Third_Party\FreeRTOS\Source\tasks.o
 .text.prvResetNextTaskUnblockTime
                0x080044c4       0x24 Middlewares\Third_Party\FreeRTOS\Source\tasks.o
 .text.prvInitialiseNewTask.isra.2
                0x080044e8       0x82 Middlewares\Third_Party\FreeRTOS\Source\tasks.o
 .text.prvDeleteTCB
                0x0800456a       0x36 Middlewares\Third_Party\FreeRTOS\Source\tasks.o
 .text.prvIdleTask
                0x080045a0       0x64 Middlewares\Third_Party\FreeRTOS\Source\tasks.o
 .text.prvAddCurrentTaskToDelayedList
                0x08004604       0x8c Middlewares\Third_Party\FreeRTOS\Source\tasks.o
 .text.xTaskCreateStatic
                0x08004690       0x6e Middlewares\Third_Party\FreeRTOS\Source\tasks.o
                0x08004690                xTaskCreateStatic
 .text.xTaskCreate
                0x080046fe       0x5a Middlewares\Third_Party\FreeRTOS\Source\tasks.o
                0x080046fe                xTaskCreate
 .text.vTaskStartScheduler
                0x08004758       0x6c Middlewares\Third_Party\FreeRTOS\Source\tasks.o
                0x08004758                vTaskStartScheduler
 .text.vTaskSuspendAll
                0x080047c4       0x10 Middlewares\Third_Party\FreeRTOS\Source\tasks.o
                0x080047c4                vTaskSuspendAll
 .text.xTaskIncrementTick
                0x080047d4      0x124 Middlewares\Third_Party\FreeRTOS\Source\tasks.o
                0x080047d4                xTaskIncrementTick
 .text.xTaskResumeAll
                0x080048f8       0xf0 Middlewares\Third_Party\FreeRTOS\Source\tasks.o
                0x080048f8                xTaskResumeAll
 .text.vTaskDelay
                0x080049e8       0x48 Middlewares\Third_Party\FreeRTOS\Source\tasks.o
                0x080049e8                vTaskDelay
 .text.vTaskSwitchContext
                0x08004a30       0x74 Middlewares\Third_Party\FreeRTOS\Source\tasks.o
                0x08004a30                vTaskSwitchContext
 .text.Reset_Handler
                0x08004aa4       0x48 startup\startup_stm32f103xb.o
                0x08004aa4                Reset_Handler
 .text.Default_Handler
                0x08004aec        0x2 startup\startup_stm32f103xb.o
                0x08004aec                RTC_Alarm_IRQHandler
                0x08004aec                EXTI2_IRQHandler
                0x08004aec                TIM1_CC_IRQHandler
                0x08004aec                PVD_IRQHandler
                0x08004aec                EXTI3_IRQHandler
                0x08004aec                EXTI0_IRQHandler
                0x08004aec                I2C2_EV_IRQHandler
                0x08004aec                ADC1_2_IRQHandler
                0x08004aec                SPI1_IRQHandler
                0x08004aec                TAMPER_IRQHandler
                0x08004aec                DMA1_Channel4_IRQHandler
                0x08004aec                RTC_IRQHandler
                0x08004aec                DMA1_Channel7_IRQHandler
                0x08004aec                CAN1_RX1_IRQHandler
                0x08004aec                TIM4_IRQHandler
                0x08004aec                I2C1_EV_IRQHandler
                0x08004aec                DMA1_Channel6_IRQHandler
                0x08004aec                TIM3_IRQHandler
                0x08004aec                RCC_IRQHandler
                0x08004aec                TIM1_TRG_COM_IRQHandler
                0x08004aec                Default_Handler
                0x08004aec                EXTI9_5_IRQHandler
                0x08004aec                SPI2_IRQHandler
                0x08004aec                DMA1_Channel5_IRQHandler
                0x08004aec                EXTI4_IRQHandler
                0x08004aec                USB_LP_CAN1_RX0_IRQHandler
                0x08004aec                USB_HP_CAN1_TX_IRQHandler
                0x08004aec                DMA1_Channel3_IRQHandler
                0x08004aec                WWDG_IRQHandler
                0x08004aec                TIM2_IRQHandler
                0x08004aec                TIM1_BRK_IRQHandler
                0x08004aec                EXTI1_IRQHandler
                0x08004aec                USART2_IRQHandler
                0x08004aec                I2C2_ER_IRQHandler
                0x08004aec                DMA1_Channel2_IRQHandler
                0x08004aec                CAN1_SCE_IRQHandler
                0x08004aec                FLASH_IRQHandler
                0x08004aec                USART1_IRQHandler
                0x08004aec                I2C1_ER_IRQHandler
                0x08004aec                USBWakeUp_IRQHandler
 *fill*         0x08004aee        0x2 
 .text._ZN10__cxxabiv120__si_class_type_infoD2Ev
                0x08004af0       0x14 d:/programs/atollic truestudio/truestudio for stm32 9.3.0/armtools/bin/../lib/gcc/arm-atollic-eabi/6.3.1/../../../../arm-atollic-eabi/lib/armv7-m\libstdc++_nano.a(si_class_type_info.o)
                0x08004af0                __cxxabiv1::__si_class_type_info::~__si_class_type_info()
                0x08004af0                __cxxabiv1::__si_class_type_info::~__si_class_type_info()
 .text._ZN10__cxxabiv120__si_class_type_infoD0Ev
                0x08004b04       0x14 d:/programs/atollic truestudio/truestudio for stm32 9.3.0/armtools/bin/../lib/gcc/arm-atollic-eabi/6.3.1/../../../../arm-atollic-eabi/lib/armv7-m\libstdc++_nano.a(si_class_type_info.o)
                0x08004b04                __cxxabiv1::__si_class_type_info::~__si_class_type_info()
 .text._ZNK10__cxxabiv120__si_class_type_info20__do_find_public_srcEiPKvPKNS_17__class_type_infoES2_
                0x08004b18       0x38 d:/programs/atollic truestudio/truestudio for stm32 9.3.0/armtools/bin/../lib/gcc/arm-atollic-eabi/6.3.1/../../../../arm-atollic-eabi/lib/armv7-m\libstdc++_nano.a(si_class_type_info.o)
                0x08004b18                __cxxabiv1::__si_class_type_info::__do_find_public_src(int, void const*, __cxxabiv1::__class_type_info const*, void const*) const
 .text._ZNK10__cxxabiv120__si_class_type_info12__do_dyncastEiNS_17__class_type_info10__sub_kindEPKS1_PKvS4_S6_RNS1_16__dyncast_resultE
                0x08004b50       0x7c d:/programs/atollic truestudio/truestudio for stm32 9.3.0/armtools/bin/../lib/gcc/arm-atollic-eabi/6.3.1/../../../../arm-atollic-eabi/lib/armv7-m\libstdc++_nano.a(si_class_type_info.o)
                0x08004b50                __cxxabiv1::__si_class_type_info::__do_dyncast(int, __cxxabiv1::__class_type_info::__sub_kind, __cxxabiv1::__class_type_info const*, void const*, __cxxabiv1::__class_type_info const*, void const*, __cxxabiv1::__class_type_info::__dyncast_result&) const
 .text._ZNK10__cxxabiv120__si_class_type_info11__do_upcastEPKNS_17__class_type_infoEPKvRNS1_15__upcast_resultE
                0x08004bcc       0x2a d:/programs/atollic truestudio/truestudio for stm32 9.3.0/armtools/bin/../lib/gcc/arm-atollic-eabi/6.3.1/../../../../arm-atollic-eabi/lib/armv7-m\libstdc++_nano.a(si_class_type_info.o)
                0x08004bcc                __cxxabiv1::__si_class_type_info::__do_upcast(__cxxabiv1::__class_type_info const*, void const*, __cxxabiv1::__class_type_info::__upcast_result&) const
 .text._ZdlPv   0x08004bf6        0x4 d:/programs/atollic truestudio/truestudio for stm32 9.3.0/armtools/bin/../lib/gcc/arm-atollic-eabi/6.3.1/../../../../arm-atollic-eabi/lib/armv7-m\libstdc++_nano.a(del_op.o)
                0x08004bf6                operator delete(void*)
 .text.__aeabi_atexit
                0x08004bfa        0xa d:/programs/atollic truestudio/truestudio for stm32 9.3.0/armtools/bin/../lib/gcc/arm-atollic-eabi/6.3.1/../../../../arm-atollic-eabi/lib/armv7-m\libstdc++_nano.a(atexit_arm.o)
                0x08004bfa                __aeabi_atexit
 .text.__cxa_end_cleanup
                0x08004c04        0xc d:/programs/atollic truestudio/truestudio for stm32 9.3.0/armtools/bin/../lib/gcc/arm-atollic-eabi/6.3.1/../../../../arm-atollic-eabi/lib/armv7-m\libstdc++_nano.a(eh_arm.o)
                0x08004c04                __cxa_end_cleanup
 .text._ZN10__cxxabiv1L24__is_gxx_exception_classEPc
                0x08004c10       0x3a d:/programs/atollic truestudio/truestudio for stm32 9.3.0/armtools/bin/../lib/gcc/arm-atollic-eabi/6.3.1/../../../../arm-atollic-eabi/lib/armv7-m\libstdc++_nano.a(eh_arm.o)
 *fill*         0x08004c4a        0x2 
 .text.__cxa_type_match
                0x08004c4c       0xbc d:/programs/atollic truestudio/truestudio for stm32 9.3.0/armtools/bin/../lib/gcc/arm-atollic-eabi/6.3.1/../../../../arm-atollic-eabi/lib/armv7-m\libstdc++_nano.a(eh_arm.o)
                0x08004c4c                __cxa_type_match
 .text.__cxa_begin_cleanup
                0x08004d08       0x3a d:/programs/atollic truestudio/truestudio for stm32 9.3.0/armtools/bin/../lib/gcc/arm-atollic-eabi/6.3.1/../../../../arm-atollic-eabi/lib/armv7-m\libstdc++_nano.a(eh_arm.o)
                0x08004d08                __cxa_begin_cleanup
 .text.__gnu_end_cleanup
                0x08004d42       0x32 d:/programs/atollic truestudio/truestudio for stm32 9.3.0/armtools/bin/../lib/gcc/arm-atollic-eabi/6.3.1/../../../../arm-atollic-eabi/lib/armv7-m\libstdc++_nano.a(eh_arm.o)
                0x08004d42                __gnu_end_cleanup
 .text._ZL12read_uleb128PKhPm
                0x08004d74       0x22 d:/programs/atollic truestudio/truestudio for stm32 9.3.0/armtools/bin/../lib/gcc/arm-atollic-eabi/6.3.1/../../../../arm-atollic-eabi/lib/armv7-m\libstdc++_nano.a(eh_personality.o)
 .text._ZL12read_sleb128PKhPl
                0x08004d96       0x30 d:/programs/atollic truestudio/truestudio for stm32 9.3.0/armtools/bin/../lib/gcc/arm-atollic-eabi/6.3.1/../../../../arm-atollic-eabi/lib/armv7-m\libstdc++_nano.a(eh_personality.o)
 .text._ZL28read_encoded_value_with_basehjPKhPj
                0x08004dc6       0x88 d:/programs/atollic truestudio/truestudio for stm32 9.3.0/armtools/bin/../lib/gcc/arm-atollic-eabi/6.3.1/../../../../arm-atollic-eabi/lib/armv7-m\libstdc++_nano.a(eh_personality.o)
 .text._ZL21base_of_encoded_valuehP15_Unwind_Context
                0x08004e4e       0x46 d:/programs/atollic truestudio/truestudio for stm32 9.3.0/armtools/bin/../lib/gcc/arm-atollic-eabi/6.3.1/../../../../arm-atollic-eabi/lib/armv7-m\libstdc++_nano.a(eh_personality.o)
 .text._ZL18read_encoded_valueP15_Unwind_ContexthPKhPj
                0x08004e94       0x20 d:/programs/atollic truestudio/truestudio for stm32 9.3.0/armtools/bin/../lib/gcc/arm-atollic-eabi/6.3.1/../../../../arm-atollic-eabi/lib/armv7-m\libstdc++_nano.a(eh_personality.o)
 .text._ZL17parse_lsda_headerP15_Unwind_ContextPKhP16lsda_header_info
                0x08004eb4       0x5c d:/programs/atollic truestudio/truestudio for stm32 9.3.0/armtools/bin/../lib/gcc/arm-atollic-eabi/6.3.1/../../../../arm-atollic-eabi/lib/armv7-m\libstdc++_nano.a(eh_personality.o)
 .text._Unwind_GetGR
                0x08004f10       0x18 d:/programs/atollic truestudio/truestudio for stm32 9.3.0/armtools/bin/../lib/gcc/arm-atollic-eabi/6.3.1/../../../../arm-atollic-eabi/lib/armv7-m\libstdc++_nano.a(eh_personality.o)
 .text.__gxx_personality_v0
                0x08004f28      0x370 d:/programs/atollic truestudio/truestudio for stm32 9.3.0/armtools/bin/../lib/gcc/arm-atollic-eabi/6.3.1/../../../../arm-atollic-eabi/lib/armv7-m\libstdc++_nano.a(eh_personality.o)
                0x08004f28                __gxx_personality_v0
 .text._ZdlPvj  0x08005298        0x4 d:/programs/atollic truestudio/truestudio for stm32 9.3.0/armtools/bin/../lib/gcc/arm-atollic-eabi/6.3.1/../../../../arm-atollic-eabi/lib/armv7-m\libstdc++_nano.a(del_ops.o)
                0x08005298                operator delete(void*, unsigned int)
 .text._ZNK10__cxxabiv117__class_type_info11__do_upcastEPKS0_PPv
                0x0800529c       0x34 d:/programs/atollic truestudio/truestudio for stm32 9.3.0/armtools/bin/../lib/gcc/arm-atollic-eabi/6.3.1/../../../../arm-atollic-eabi/lib/armv7-m\libstdc++_nano.a(class_type_info.o)
                0x0800529c                __cxxabiv1::__class_type_info::__do_upcast(__cxxabiv1::__class_type_info const*, void**) const
 .text._ZNK10__cxxabiv117__class_type_info20__do_find_public_srcEiPKvPKS0_S2_
                0x080052d0        0xc d:/programs/atollic truestudio/truestudio for stm32 9.3.0/armtools/bin/../lib/gcc/arm-atollic-eabi/6.3.1/../../../../arm-atollic-eabi/lib/armv7-m\libstdc++_nano.a(class_type_info.o)
                0x080052d0                __cxxabiv1::__class_type_info::__do_find_public_src(int, void const*, __cxxabiv1::__class_type_info const*, void const*) const
 .text._ZN10__cxxabiv117__class_type_infoD2Ev
                0x080052dc       0x14 d:/programs/atollic truestudio/truestudio for stm32 9.3.0/armtools/bin/../lib/gcc/arm-atollic-eabi/6.3.1/../../../../arm-atollic-eabi/lib/armv7-m\libstdc++_nano.a(class_type_info.o)
                0x080052dc                __cxxabiv1::__class_type_info::~__class_type_info()
                0x080052dc                __cxxabiv1::__class_type_info::~__class_type_info()
 .text._ZN10__cxxabiv117__class_type_infoD0Ev
                0x080052f0       0x14 d:/programs/atollic truestudio/truestudio for stm32 9.3.0/armtools/bin/../lib/gcc/arm-atollic-eabi/6.3.1/../../../../arm-atollic-eabi/lib/armv7-m\libstdc++_nano.a(class_type_info.o)
                0x080052f0                __cxxabiv1::__class_type_info::~__class_type_info()
 .text._ZNK10__cxxabiv117__class_type_info11__do_upcastEPKS0_PKvRNS0_15__upcast_resultE
                0x08005304       0x18 d:/programs/atollic truestudio/truestudio for stm32 9.3.0/armtools/bin/../lib/gcc/arm-atollic-eabi/6.3.1/../../../../arm-atollic-eabi/lib/armv7-m\libstdc++_nano.a(class_type_info.o)
                0x08005304                __cxxabiv1::__class_type_info::__do_upcast(__cxxabiv1::__class_type_info const*, void const*, __cxxabiv1::__class_type_info::__upcast_result&) const
 .text._ZNK10__cxxabiv117__class_type_info10__do_catchEPKSt9type_infoPPvj
                0x0800531c       0x2a d:/programs/atollic truestudio/truestudio for stm32 9.3.0/armtools/bin/../lib/gcc/arm-atollic-eabi/6.3.1/../../../../arm-atollic-eabi/lib/armv7-m\libstdc++_nano.a(class_type_info.o)
                0x0800531c                __cxxabiv1::__class_type_info::__do_catch(std::type_info const*, void**, unsigned int) const
 .text._ZNK10__cxxabiv117__class_type_info12__do_dyncastEiNS0_10__sub_kindEPKS0_PKvS3_S5_RNS0_16__dyncast_resultE
                0x08005346       0x38 d:/programs/atollic truestudio/truestudio for stm32 9.3.0/armtools/bin/../lib/gcc/arm-atollic-eabi/6.3.1/../../../../arm-atollic-eabi/lib/armv7-m\libstdc++_nano.a(class_type_info.o)
                0x08005346                __cxxabiv1::__class_type_info::__do_dyncast(int, __cxxabiv1::__class_type_info::__sub_kind, __cxxabiv1::__class_type_info const*, void const*, __cxxabiv1::__class_type_info const*, void const*, __cxxabiv1::__class_type_info::__dyncast_result&) const
 .text._ZNSt9type_infoD2Ev
                0x0800537e        0x2 d:/programs/atollic truestudio/truestudio for stm32 9.3.0/armtools/bin/../lib/gcc/arm-atollic-eabi/6.3.1/../../../../arm-atollic-eabi/lib/armv7-m\libstdc++_nano.a(tinfo.o)
                0x0800537e                std::type_info::~type_info()
                0x0800537e                std::type_info::~type_info()
 .text._ZNKSt9type_info15__is_function_pEv
                0x08005380        0x4 d:/programs/atollic truestudio/truestudio for stm32 9.3.0/armtools/bin/../lib/gcc/arm-atollic-eabi/6.3.1/../../../../arm-atollic-eabi/lib/armv7-m\libstdc++_nano.a(tinfo.o)
                0x08005380                std::type_info::__is_pointer_p() const
                0x08005380                std::type_info::__is_function_p() const
 .text._ZNKSt9type_infoeqERKS_
                0x08005384       0x2c d:/programs/atollic truestudio/truestudio for stm32 9.3.0/armtools/bin/../lib/gcc/arm-atollic-eabi/6.3.1/../../../../arm-atollic-eabi/lib/armv7-m\libstdc++_nano.a(tinfo.o)
                0x08005384                std::type_info::operator==(std::type_info const&) const
 .text._ZN10__cxxabiv1L24__is_gxx_exception_classEPc
                0x080053b0       0x3a d:/programs/atollic truestudio/truestudio for stm32 9.3.0/armtools/bin/../lib/gcc/arm-atollic-eabi/6.3.1/../../../../arm-atollic-eabi/lib/armv7-m\libstdc++_nano.a(eh_call.o)
 .text.__cxa_call_terminate
                0x080053ea       0x1e d:/programs/atollic truestudio/truestudio for stm32 9.3.0/armtools/bin/../lib/gcc/arm-atollic-eabi/6.3.1/../../../../arm-atollic-eabi/lib/armv7-m\libstdc++_nano.a(eh_call.o)
                0x080053ea                __cxa_call_terminate
 .text.__cxa_call_unexpected
                0x08005408       0x28 d:/programs/atollic truestudio/truestudio for stm32 9.3.0/armtools/bin/../lib/gcc/arm-atollic-eabi/6.3.1/../../../../arm-atollic-eabi/lib/armv7-m\libstdc++_nano.a(eh_call.o)
                0x08005408                __cxa_call_unexpected
 .text._ZN10__cxxabiv1L24__is_gxx_exception_classEPc
                0x08005430       0x3a d:/programs/atollic truestudio/truestudio for stm32 9.3.0/armtools/bin/../lib/gcc/arm-atollic-eabi/6.3.1/../../../../arm-atollic-eabi/lib/armv7-m\libstdc++_nano.a(eh_catch.o)
 .text.__cxa_begin_catch
                0x0800546a       0x54 d:/programs/atollic truestudio/truestudio for stm32 9.3.0/armtools/bin/../lib/gcc/arm-atollic-eabi/6.3.1/../../../../arm-atollic-eabi/lib/armv7-m\libstdc++_nano.a(eh_catch.o)
                0x0800546a                __cxa_begin_catch
 .text._ZN10__cxxabiv111__terminateEPFvvE
                0x080054be        0x8 d:/programs/atollic truestudio/truestudio for stm32 9.3.0/armtools/bin/../lib/gcc/arm-atollic-eabi/6.3.1/../../../../arm-atollic-eabi/lib/armv7-m\libstdc++_nano.a(eh_terminate.o)
                0x080054be                __cxxabiv1::__terminate(void (*)())
 *fill*         0x080054c6        0x2 
 .text._ZSt13get_terminatev
                0x080054c8       0x10 d:/programs/atollic truestudio/truestudio for stm32 9.3.0/armtools/bin/../lib/gcc/arm-atollic-eabi/6.3.1/../../../../arm-atollic-eabi/lib/armv7-m\libstdc++_nano.a(eh_terminate.o)
                0x080054c8                std::get_terminate()
 .text._ZSt9terminatev
                0x080054d8        0xa d:/programs/atollic truestudio/truestudio for stm32 9.3.0/armtools/bin/../lib/gcc/arm-atollic-eabi/6.3.1/../../../../arm-atollic-eabi/lib/armv7-m\libstdc++_nano.a(eh_terminate.o)
                0x080054d8                std::terminate()
 .text._ZN10__cxxabiv112__unexpectedEPFvvE
                0x080054e2        0x8 d:/programs/atollic truestudio/truestudio for stm32 9.3.0/armtools/bin/../lib/gcc/arm-atollic-eabi/6.3.1/../../../../arm-atollic-eabi/lib/armv7-m\libstdc++_nano.a(eh_terminate.o)
                0x080054e2                __cxxabiv1::__unexpected(void (*)())
 *fill*         0x080054ea        0x2 
 .text._ZSt14get_unexpectedv
                0x080054ec       0x10 d:/programs/atollic truestudio/truestudio for stm32 9.3.0/armtools/bin/../lib/gcc/arm-atollic-eabi/6.3.1/../../../../arm-atollic-eabi/lib/armv7-m\libstdc++_nano.a(eh_terminate.o)
                0x080054ec                std::get_unexpected()
 .text._ZSt10unexpectedv
                0x080054fc        0xa d:/programs/atollic truestudio/truestudio for stm32 9.3.0/armtools/bin/../lib/gcc/arm-atollic-eabi/6.3.1/../../../../arm-atollic-eabi/lib/armv7-m\libstdc++_nano.a(eh_terminate.o)
                0x080054fc                std::unexpected()
 *fill*         0x08005506        0x2 
 .text.__cxa_get_globals
                0x08005508        0x8 d:/programs/atollic truestudio/truestudio for stm32 9.3.0/armtools/bin/../lib/gcc/arm-atollic-eabi/6.3.1/../../../../arm-atollic-eabi/lib/armv7-m\libstdc++_nano.a(eh_globals.o)
                0x08005508                __cxa_get_globals
 .text.abort    0x08005510        0xe d:/programs/atollic truestudio/truestudio for stm32 9.3.0/armtools/bin/../lib/gcc/arm-atollic-eabi/6.3.1/../../../../arm-atollic-eabi/lib/armv7-m\libc_nano.a(lib_a-abort.o)
                0x08005510                abort
 *fill*         0x0800551e        0x2 
 .text.__cxa_atexit
                0x08005520       0x1c d:/programs/atollic truestudio/truestudio for stm32 9.3.0/armtools/bin/../lib/gcc/arm-atollic-eabi/6.3.1/../../../../arm-atollic-eabi/lib/armv7-m\libc_nano.a(lib_a-cxa_atexit.o)
                0x08005520                __cxa_atexit
 .text.__errno  0x0800553c        0xc d:/programs/atollic truestudio/truestudio for stm32 9.3.0/armtools/bin/../lib/gcc/arm-atollic-eabi/6.3.1/../../../../arm-atollic-eabi/lib/armv7-m\libc_nano.a(lib_a-errno.o)
                0x0800553c                __errno
 .text.__libc_init_array
                0x08005548       0x48 d:/programs/atollic truestudio/truestudio for stm32 9.3.0/armtools/bin/../lib/gcc/arm-atollic-eabi/6.3.1/../../../../arm-atollic-eabi/lib/armv7-m\libc_nano.a(lib_a-init.o)
                0x08005548                __libc_init_array
 .text.free     0x08005590       0x10 d:/programs/atollic truestudio/truestudio for stm32 9.3.0/armtools/bin/../lib/gcc/arm-atollic-eabi/6.3.1/../../../../arm-atollic-eabi/lib/armv7-m\libc_nano.a(lib_a-malloc.o)
                0x08005590                free
 .text.memcpy   0x080055a0       0x16 d:/programs/atollic truestudio/truestudio for stm32 9.3.0/armtools/bin/../lib/gcc/arm-atollic-eabi/6.3.1/../../../../arm-atollic-eabi/lib/armv7-m\libc_nano.a(lib_a-memcpy-stub.o)
                0x080055a0                memcpy
 .text.memset   0x080055b6       0x10 d:/programs/atollic truestudio/truestudio for stm32 9.3.0/armtools/bin/../lib/gcc/arm-atollic-eabi/6.3.1/../../../../arm-atollic-eabi/lib/armv7-m\libc_nano.a(lib_a-memset.o)
                0x080055b6                memset
 *fill*         0x080055c6        0x2 
 .text._free_r  0x080055c8       0x98 d:/programs/atollic truestudio/truestudio for stm32 9.3.0/armtools/bin/../lib/gcc/arm-atollic-eabi/6.3.1/../../../../arm-atollic-eabi/lib/armv7-m\libc_nano.a(lib_a-nano-freer.o)
                0x080055c8                _free_r
 .text._raise_r
                0x08005660       0x50 d:/programs/atollic truestudio/truestudio for stm32 9.3.0/armtools/bin/../lib/gcc/arm-atollic-eabi/6.3.1/../../../../arm-atollic-eabi/lib/armv7-m\libc_nano.a(lib_a-signal.o)
                0x08005660                _raise_r
 .text.raise    0x080056b0       0x10 d:/programs/atollic truestudio/truestudio for stm32 9.3.0/armtools/bin/../lib/gcc/arm-atollic-eabi/6.3.1/../../../../arm-atollic-eabi/lib/armv7-m\libc_nano.a(lib_a-signal.o)
                0x080056b0                raise
 .text._kill_r  0x080056c0       0x24 d:/programs/atollic truestudio/truestudio for stm32 9.3.0/armtools/bin/../lib/gcc/arm-atollic-eabi/6.3.1/../../../../arm-atollic-eabi/lib/armv7-m\libc_nano.a(lib_a-signalr.o)
                0x080056c0                _kill_r
 .text._getpid_r
                0x080056e4        0x4 d:/programs/atollic truestudio/truestudio for stm32 9.3.0/armtools/bin/../lib/gcc/arm-atollic-eabi/6.3.1/../../../../arm-atollic-eabi/lib/armv7-m\libc_nano.a(lib_a-signalr.o)
                0x080056e4                _getpid_r
 .text.__malloc_lock
                0x080056e8        0x2 d:/programs/atollic truestudio/truestudio for stm32 9.3.0/armtools/bin/../lib/gcc/arm-atollic-eabi/6.3.1/../../../../arm-atollic-eabi/lib/armv7-m\libc_nano.a(lib_a-mlock.o)
                0x080056e8                __malloc_lock
 .text.__malloc_unlock
                0x080056ea        0x2 d:/programs/atollic truestudio/truestudio for stm32 9.3.0/armtools/bin/../lib/gcc/arm-atollic-eabi/6.3.1/../../../../arm-atollic-eabi/lib/armv7-m\libc_nano.a(lib_a-mlock.o)
                0x080056ea                __malloc_unlock
 *(.glue_7)
 .glue_7        0x080056ec        0x0 linker stubs
 *(.glue_7t)
 .glue_7t       0x080056ec        0x0 linker stubs
 *(.eh_frame)
 .eh_frame      0x080056ec        0x0 d:/programs/atollic truestudio/truestudio for stm32 9.3.0/armtools/bin/../lib/gcc/arm-atollic-eabi/6.3.1/armv7-m/crtbegin.o
 *(.init)
 .init          0x080056ec        0x4 d:/programs/atollic truestudio/truestudio for stm32 9.3.0/armtools/bin/../lib/gcc/arm-atollic-eabi/6.3.1/armv7-m/crti.o
                0x080056ec                _init
 .init          0x080056f0        0x8 d:/programs/atollic truestudio/truestudio for stm32 9.3.0/armtools/bin/../lib/gcc/arm-atollic-eabi/6.3.1/armv7-m/crtn.o
 *(.fini)
 .fini          0x080056f8        0x4 d:/programs/atollic truestudio/truestudio for stm32 9.3.0/armtools/bin/../lib/gcc/arm-atollic-eabi/6.3.1/armv7-m/crti.o
                0x080056f8                _fini
 .fini          0x080056fc        0x8 d:/programs/atollic truestudio/truestudio for stm32 9.3.0/armtools/bin/../lib/gcc/arm-atollic-eabi/6.3.1/armv7-m/crtn.o
                0x08005704                . = ALIGN (0x4)
                0x08005704                _etext = .

.vfp11_veneer   0x08005704        0x0
 .vfp11_veneer  0x08005704        0x0 linker stubs

.v4_bx          0x08005704        0x0
 .v4_bx         0x08005704        0x0 linker stubs

.iplt           0x08005704        0x0
 .iplt          0x08005704        0x0 d:/programs/atollic truestudio/truestudio for stm32 9.3.0/armtools/bin/../lib/gcc/arm-atollic-eabi/6.3.1/armv7-m/crtbegin.o

.rodata         0x08005704      0x274
                0x08005704                . = ALIGN (0x4)
 *(.rodata)
 .rodata        0x08005704       0x58 Core\Src\AllTasks.o
 .rodata        0x0800575c       0x26 Core\Src\LedNotifier.o
                0x0800575c                vtable for LedNotifier
                0x0800576c                typeinfo for LedNotifier
                0x08005774                typeinfo name for LedNotifier
 *fill*         0x08005782        0x2 
 .rodata        0x08005784       0x2a Core\Src\LipoCell.o
                0x08005784                vtable for LipoCell
                0x08005798                typeinfo for LipoCell
                0x080057a4                typeinfo name for LipoCell
 *fill*         0x080057ae        0x2 
 .rodata        0x080057b0       0x22 Core\Src\TimeTool.o
                0x080057b0                vtable for TimeTool
                0x080057c0                typeinfo for TimeTool
                0x080057c8                typeinfo name for TimeTool
 *fill*         0x080057d2        0x2 
 .rodata        0x080057d4       0x28 Core\Src\freertos.o
 .rodata        0x080057fc       0x10 Drivers\STM32F1xx_HAL_Driver\Src\stm32f1xx_hal_rcc.o
 *(.rodata*)
 .rodata._ZTV9ADC_Tools
                0x0800580c       0x14 Core\Src\ADC_Tools.o
                0x0800580c                vtable for ADC_Tools
 .rodata._ZTI9ADC_Tools
                0x08005820        0x8 Core\Src\ADC_Tools.o
                0x08005820                typeinfo for ADC_Tools
 .rodata._ZTS9ADC_Tools
                0x08005828        0xb Core\Src\ADC_Tools.o
                0x08005828                typeinfo name for ADC_Tools
 .rodata.AHBPrescTable
                0x08005833       0x10 Core\Src\system_stm32f1xx.o
                0x08005833                AHBPrescTable
 .rodata.APBPrescTable
                0x08005843        0x8 Core\Src\system_stm32f1xx.o
                0x08005843                APBPrescTable
 .rodata.vTaskStartScheduler.str1.1
                0x0800584b        0x5 Middlewares\Third_Party\FreeRTOS\Source\tasks.o
 .rodata._ZTIN10__cxxabiv120__si_class_type_infoE
                0x08005850        0xc d:/programs/atollic truestudio/truestudio for stm32 9.3.0/armtools/bin/../lib/gcc/arm-atollic-eabi/6.3.1/../../../../arm-atollic-eabi/lib/armv7-m\libstdc++_nano.a(si_class_type_info.o)
                0x08005850                typeinfo for __cxxabiv1::__si_class_type_info
 .rodata._ZTSN10__cxxabiv120__si_class_type_infoE
                0x0800585c       0x25 d:/programs/atollic truestudio/truestudio for stm32 9.3.0/armtools/bin/../lib/gcc/arm-atollic-eabi/6.3.1/../../../../arm-atollic-eabi/lib/armv7-m\libstdc++_nano.a(si_class_type_info.o)
                0x0800585c                typeinfo name for __cxxabiv1::__si_class_type_info
 *fill*         0x08005881        0x3 
 .rodata._ZTVN10__cxxabiv120__si_class_type_infoE
                0x08005884       0x2c d:/programs/atollic truestudio/truestudio for stm32 9.3.0/armtools/bin/../lib/gcc/arm-atollic-eabi/6.3.1/../../../../arm-atollic-eabi/lib/armv7-m\libstdc++_nano.a(si_class_type_info.o)
                0x08005884                vtable for __cxxabiv1::__si_class_type_info
 .rodata._ZTIN10__cxxabiv117__class_type_infoE
                0x080058b0        0xc d:/programs/atollic truestudio/truestudio for stm32 9.3.0/armtools/bin/../lib/gcc/arm-atollic-eabi/6.3.1/../../../../arm-atollic-eabi/lib/armv7-m\libstdc++_nano.a(class_type_info.o)
                0x080058b0                typeinfo for __cxxabiv1::__class_type_info
 .rodata._ZTSN10__cxxabiv117__class_type_infoE
                0x080058bc       0x22 d:/programs/atollic truestudio/truestudio for stm32 9.3.0/armtools/bin/../lib/gcc/arm-atollic-eabi/6.3.1/../../../../arm-atollic-eabi/lib/armv7-m\libstdc++_nano.a(class_type_info.o)
                0x080058bc                typeinfo name for __cxxabiv1::__class_type_info
 *fill*         0x080058de        0x2 
 .rodata._ZTVN10__cxxabiv117__class_type_infoE
                0x080058e0       0x2c d:/programs/atollic truestudio/truestudio for stm32 9.3.0/armtools/bin/../lib/gcc/arm-atollic-eabi/6.3.1/../../../../arm-atollic-eabi/lib/armv7-m\libstdc++_nano.a(class_type_info.o)
                0x080058e0                vtable for __cxxabiv1::__class_type_info
 .rodata._ZTISt9type_info
                0x0800590c        0x8 d:/programs/atollic truestudio/truestudio for stm32 9.3.0/armtools/bin/../lib/gcc/arm-atollic-eabi/6.3.1/../../../../arm-atollic-eabi/lib/armv7-m\libstdc++_nano.a(tinfo.o)
                0x0800590c                typeinfo for std::type_info
 .rodata._ZTSSt9type_info
                0x08005914        0xd d:/programs/atollic truestudio/truestudio for stm32 9.3.0/armtools/bin/../lib/gcc/arm-atollic-eabi/6.3.1/../../../../arm-atollic-eabi/lib/armv7-m\libstdc++_nano.a(tinfo.o)
                0x08005914                typeinfo name for std::type_info
 *fill*         0x08005921        0x3 
 .rodata._ZTIN10__cxxabiv115__forced_unwindE
                0x08005924        0x8 d:/programs/atollic truestudio/truestudio for stm32 9.3.0/armtools/bin/../lib/gcc/arm-atollic-eabi/6.3.1/../../../../arm-atollic-eabi/lib/armv7-m\libstdc++_nano.a(eh_exception.o)
                0x08005924                typeinfo for __cxxabiv1::__forced_unwind
 .rodata._ZTIN10__cxxabiv119__foreign_exceptionE
                0x0800592c        0x8 d:/programs/atollic truestudio/truestudio for stm32 9.3.0/armtools/bin/../lib/gcc/arm-atollic-eabi/6.3.1/../../../../arm-atollic-eabi/lib/armv7-m\libstdc++_nano.a(eh_exception.o)
                0x0800592c                typeinfo for __cxxabiv1::__foreign_exception
 .rodata._ZTSN10__cxxabiv115__forced_unwindE
                0x08005934       0x20 d:/programs/atollic truestudio/truestudio for stm32 9.3.0/armtools/bin/../lib/gcc/arm-atollic-eabi/6.3.1/../../../../arm-atollic-eabi/lib/armv7-m\libstdc++_nano.a(eh_exception.o)
                0x08005934                typeinfo name for __cxxabiv1::__forced_unwind
 .rodata._ZTSN10__cxxabiv119__foreign_exceptionE
                0x08005954       0x24 d:/programs/atollic truestudio/truestudio for stm32 9.3.0/armtools/bin/../lib/gcc/arm-atollic-eabi/6.3.1/../../../../arm-atollic-eabi/lib/armv7-m\libstdc++_nano.a(eh_exception.o)
                0x08005954                typeinfo name for __cxxabiv1::__foreign_exception
                0x08005978                . = ALIGN (0x4)

.ARM.extab      0x08005978      0x11c
 *(.ARM.extab* .gnu.linkonce.armextab.*)
 .ARM.extab.text._ZN9ADC_Tools14getVoltageAvrgEv
                0x08005978        0x0 Core\Src\ADC_Tools.o
 .ARM.extab.text._ZNK9ADC_Tools13getPercentageEv
                0x08005978        0x0 Core\Src\ADC_Tools.o
 .ARM.extab.text._ZN9ADC_Tools17getPercentageAvrgEv
                0x08005978        0x0 Core\Src\ADC_Tools.o
 .ARM.extab.text._ZNK9ADC_Tools10getVoltageEv
                0x08005978        0x0 Core\Src\AllTasks.o
 .ARM.extab.text._Z13AllTasks_initv
                0x08005978        0xc Core\Src\AllTasks.o
 .ARM.extab.text._ZN8LipoCellD2Ev
                0x08005984        0x0 Core\Src\AllTasks.o
 .ARM.extab.text._Z23StartBatteryManagerTaskPKv
                0x08005984       0x1f Core\Src\AllTasks.o
 *fill*         0x080059a3        0x1 
 .ARM.extab.text._Z14StartLedUpTaskPKv
                0x080059a4        0xc Core\Src\AllTasks.o
 .ARM.extab.text.HAL_UART_RxCpltCallback
                0x080059b0        0xc Core\Src\AllTasks.o
 .ARM.extab.text.HAL_TIM_PeriodElapsedCallback
                0x080059bc        0xc Core\Src\AllTasks.o
 .ARM.extab.text._ZN7AverageIfLh10EED2Ev
                0x080059c8        0x0 Core\Src\AllTasks.o
 .ARM.extab.text._ZN7AverageIfLh10EEC2Ev
                0x080059c8        0x0 Core\Src\HallSensor.o
 .ARM.extab.text._ZN7AverageIfLh10EEclEv
                0x080059c8        0x0 Core\Src\HallSensor.o
 .ARM.extab.text._ZN7AverageIfLh10EE6insertEf
                0x080059c8        0x0 Core\Src\HallSensor.o
 .ARM.extab.text._ZN7AverageIfLh10EE5clearEv
                0x080059c8        0x0 Core\Src\HallSensor.o
 .ARM.extab.text._ZN7AverageIfLh10EE9calculateEv
                0x080059c8        0x0 Core\Src\HallSensor.o
 .ARM.extab.text._ZN7AverageIfLh10EE12indexIterateEv
                0x080059c8        0x0 Core\Src\HallSensor.o
 .ARM.extab.text._ZN11LedNotifier13getONPinStateEv
                0x080059c8        0x0 Core\Src\LedNotifier.o
 .ARM.extab.text._ZN11LedNotifier2onEv
                0x080059c8        0xc Core\Src\LedNotifier.o
 .ARM.extab.text._ZN11LedNotifier5blinkEt
                0x080059d4        0xc Core\Src\LedNotifier.o
 .ARM.extab.text._ZN11LedNotifier5blinkEtt
                0x080059e0        0xc Core\Src\LedNotifier.o
 .ARM.extab.text._ZN11LedNotifier13blink_processEv
                0x080059ec        0xc Core\Src\LedNotifier.o
 .ARM.extab.text._ZN11LedNotifier21getTimeFromLastToggleEv
                0x080059f8        0xc Core\Src\LedNotifier.o
 .ARM.extab.text._ZN11LedNotifier6toggleEv
                0x08005a04        0xc Core\Src\LedNotifier.o
 .ARM.extab.text._ZN11LedNotifier20updateLastToggleTimeEv
                0x08005a10        0xc Core\Src\LedNotifier.o
 .ARM.extab.text._ZN8LipoCellC2Ef
                0x08005a1c        0xc Core\Src\LipoCell.o
 .ARM.extab.text._ZN8LipoCell6updateEm
                0x08005a28        0xc Core\Src\LipoCell.o
 .ARM.extab.text._ZN8LipoCell14getVoltageAvrgEv
                0x08005a34        0xc Core\Src\LipoCell.o
 .ARM.extab.text._ZN8LipoCell17getPercentageAvrgEv
                0x08005a40        0xc Core\Src\LipoCell.o
 .ARM.extab.text._ZN8TimeTool4initEv
                0x08005a4c        0xc Core\Src\TimeTool.o
 .ARM.extab.text.MX_FREERTOS_Init
                0x08005a58        0xc Core\Src\freertos.o
 .ARM.extab.text.StartDefaultTask
                0x08005a64        0xc Core\Src\freertos.o
 .ARM.extab.text.SystemClock_Config
                0x08005a70        0xc Core\Src\main.o
 .ARM.extab     0x08005a7c       0x18 d:/programs/atollic truestudio/truestudio for stm32 9.3.0/armtools/bin/../lib/gcc/arm-atollic-eabi/6.3.1/armv7-m\libgcc.a(pr-support.o)

.ARM            0x08005a94      0x198
                0x08005a94                __exidx_start = .
 *(.ARM.exidx*)
 .ARM.exidx.text._ZN9ADC_Tools14getVoltageAvrgEv
                0x08005b4c        0x0 Core\Src\ADC_Tools.o
                                  0x8 (size before relaxing)
 .ARM.exidx.text._ZNK9ADC_Tools13getPercentageEv
                0x08005b4c        0x0 Core\Src\ADC_Tools.o
                                  0x8 (size before relaxing)
 .ARM.exidx.text._ZN9ADC_Tools17getPercentageAvrgEv
                0x08005b4c        0x0 Core\Src\ADC_Tools.o
                                  0x8 (size before relaxing)
 .ARM.exidx.text._ZN9ADC_ToolsC2Effm
                0x08005b4c        0x0 Core\Src\ADC_Tools.o
                                  0x8 (size before relaxing)
 .ARM.exidx.text._ZN9ADC_Tools17updateMeasurmentsEm
                0x08005b4c        0x0 Core\Src\ADC_Tools.o
                                  0x8 (size before relaxing)
 .ARM.exidx.text._ZN9ADC_Tools16convertToVoltageEm
                0x08005b4c        0x0 Core\Src\ADC_Tools.o
                                  0x8 (size before relaxing)
 .ARM.exidx.text._ZN9ADC_Tools19convertToPercentageEf
                0x08005b4c        0x0 Core\Src\ADC_Tools.o
                                  0x8 (size before relaxing)
 .ARM.exidx.text._ZNK9ADC_Tools10getVoltageEv
                0x08005b4c        0x0 Core\Src\AllTasks.o
                                  0x8 (size before relaxing)
 .ARM.exidx.text._Z13AllTasks_initv
                0x08005b4c        0x8 Core\Src\AllTasks.o
 .ARM.exidx.text._ZN8LipoCellD2Ev
                0x08005b54        0x8 Core\Src\AllTasks.o
 .ARM.exidx.text._Z23StartBatteryManagerTaskPKv
                0x08005b5c        0x8 Core\Src\AllTasks.o
 .ARM.exidx.text._Z14StartLedUpTaskPKv
                0x08005b64        0x8 Core\Src\AllTasks.o
 .ARM.exidx.text.HAL_UART_RxCpltCallback
                0x08005b6c        0x8 Core\Src\AllTasks.o
 .ARM.exidx.text.HAL_TIM_PeriodElapsedCallback
                0x08005b74        0x8 Core\Src\AllTasks.o
 .ARM.exidx.text._ZN7AverageIfLh10EED2Ev
                0x08005b7c        0x8 Core\Src\AllTasks.o
 .ARM.exidx.text._Z41__static_initialization_and_destruction_0ii
                0x08005b84        0x0 Core\Src\AllTasks.o
                                  0x8 (size before relaxing)
 .ARM.exidx.text._GLOBAL__sub_I_BatteryManagerHandle
                0x08005b84        0x0 Core\Src\AllTasks.o
                                  0x8 (size before relaxing)
 .ARM.exidx.text._ZN7AverageIfLh10EEC2Ev
                0x08005b84        0x0 Core\Src\HallSensor.o
                                  0x8 (size before relaxing)
 .ARM.exidx.text._ZN7AverageIfLh10EEclEv
                0x08005b84        0x0 Core\Src\HallSensor.o
                                  0x8 (size before relaxing)
 .ARM.exidx.text._ZN7AverageIfLh10EE6insertEf
                0x08005b84        0x0 Core\Src\HallSensor.o
                                  0x8 (size before relaxing)
 .ARM.exidx.text._ZN7AverageIfLh10EE5clearEv
                0x08005b84        0x0 Core\Src\HallSensor.o
                                  0x8 (size before relaxing)
 .ARM.exidx.text._ZN7AverageIfLh10EE9calculateEv
                0x08005b84        0x0 Core\Src\HallSensor.o
                                  0x8 (size before relaxing)
 .ARM.exidx.text._ZN7AverageIfLh10EE12indexIterateEv
                0x08005b84        0x0 Core\Src\HallSensor.o
                                  0x8 (size before relaxing)
 .ARM.exidx.text._ZN11LedNotifier13getONPinStateEv
                0x08005b84        0x0 Core\Src\LedNotifier.o
                                  0x8 (size before relaxing)
 .ARM.exidx.text._ZN11LedNotifier2onEv
                0x08005b84        0x8 Core\Src\LedNotifier.o
 .ARM.exidx.text._ZN11LedNotifier5blinkEt
                0x08005b8c        0x8 Core\Src\LedNotifier.o
 .ARM.exidx.text._ZN11LedNotifier5blinkEtt
                0x08005b94        0x8 Core\Src\LedNotifier.o
 .ARM.exidx.text._ZN11LedNotifier13blink_processEv
                0x08005b9c        0x8 Core\Src\LedNotifier.o
 .ARM.exidx.text._ZN11LedNotifier21getTimeFromLastToggleEv
                0x08005ba4        0x8 Core\Src\LedNotifier.o
 .ARM.exidx.text._ZN11LedNotifier6toggleEv
                0x08005bac        0x8 Core\Src\LedNotifier.o
 .ARM.exidx.text._ZN11LedNotifier20updateLastToggleTimeEv
                0x08005bb4        0x8 Core\Src\LedNotifier.o
 .ARM.exidx.text._ZN11LedNotifier17toggle_blinkstateEv
                0x08005bbc        0x8 Core\Src\LedNotifier.o
 .ARM.exidx.text._ZN11LedNotifier9getPeriodEv
                0x08005bc4        0x0 Core\Src\LedNotifier.o
                                  0x8 (size before relaxing)
 .ARM.exidx.text._ZN11LedNotifierC2EP12GPIO_TypeDefth
                0x08005bc4        0x0 Core\Src\LedNotifier.o
                                  0x8 (size before relaxing)
 .ARM.exidx.text._ZN11LedNotifierD2Ev
                0x08005bc4        0x0 Core\Src\LedNotifier.o
                                  0x8 (size before relaxing)
 .ARM.exidx.text._ZN11LedNotifierD0Ev
                0x08005bc4        0x0 Core\Src\LedNotifier.o
                                  0x8 (size before relaxing)
 .ARM.exidx.text._ZN8LipoCellC2Ef
                0x08005bc4        0x8 Core\Src\LipoCell.o
 .ARM.exidx.text._ZN8LipoCell6updateEm
                0x08005bcc        0x8 Core\Src\LipoCell.o
 .ARM.exidx.text._ZN8LipoCell14getVoltageAvrgEv
                0x08005bd4        0x8 Core\Src\LipoCell.o
 .ARM.exidx.text._ZN8LipoCell17getPercentageAvrgEv
                0x08005bdc        0x8 Core\Src\LipoCell.o
 .ARM.exidx.text._ZN8TimeTool9getMicrosEv
                0x08005be4        0x8 Core\Src\TimeTool.o
 .ARM.exidx.text._ZN8TimeTool13compareMicrosEtt
                0x08005bec        0x0 Core\Src\TimeTool.o
                                  0x8 (size before relaxing)
 .ARM.exidx.text._ZN8TimeTool4initEv
                0x08005bec        0x8 Core\Src\TimeTool.o
 .ARM.exidx.text._ZN8TimeToolC2Ev
                0x08005bf4        0x8 Core\Src\TimeTool.o
 .ARM.exidx.text._ZN8TimeToolD2Ev
                0x08005bfc        0x0 Core\Src\TimeTool.o
                                  0x8 (size before relaxing)
 .ARM.exidx.text._ZN8TimeToolD0Ev
                0x08005bfc        0x0 Core\Src\TimeTool.o
                                  0x8 (size before relaxing)
 .ARM.exidx.text._Z41__static_initialization_and_destruction_0ii
                0x08005bfc        0x0 Core\Src\TimeTool.o
                                  0x8 (size before relaxing)
 .ARM.exidx.text._GLOBAL__sub_I_time_tool
                0x08005bfc        0x0 Core\Src\TimeTool.o
                                  0x8 (size before relaxing)
 .ARM.exidx.text.vApplicationGetIdleTaskMemory
                0x08005bfc        0x0 Core\Src\freertos.o
                                  0x8 (size before relaxing)
 .ARM.exidx.text.MX_FREERTOS_Init
                0x08005bfc        0x8 Core\Src\freertos.o
 .ARM.exidx.text.StartDefaultTask
                0x08005c04       0x10 Core\Src\freertos.o
                                  0x8 (size before relaxing)
 .ARM.exidx.text.main
                0x08005c14        0x8 Core\Src\main.o
 .ARM.exidx.text.SystemClock_Config
                0x08005c1c        0x8 Core\Src\main.o
 .ARM.exidx.text.Error_Handler
                0x08005c24        0x8 Core\Src\main.o
 .ARM.exidx     0x08005a94       0x80 d:/programs/atollic truestudio/truestudio for stm32 9.3.0/armtools/bin/../lib/gcc/arm-atollic-eabi/6.3.1/armv7-m\libgcc.a(unwind-arm.o)
                                 0xd8 (size before relaxing)
 .ARM.exidx     0x08005b14       0x38 d:/programs/atollic truestudio/truestudio for stm32 9.3.0/armtools/bin/../lib/gcc/arm-atollic-eabi/6.3.1/armv7-m\libgcc.a(pr-support.o)
                                 0x48 (size before relaxing)
                0x08005c2c                __exidx_end = .

.rel.dyn        0x08005c2c        0x0
 .rel.iplt      0x08005c2c        0x0 d:/programs/atollic truestudio/truestudio for stm32 9.3.0/armtools/bin/../lib/gcc/arm-atollic-eabi/6.3.1/armv7-m/crtbegin.o

.preinit_array  0x08005c2c        0x0
                0x08005c2c                PROVIDE (__preinit_array_start, .)
 *(.preinit_array*)
                0x08005c2c                PROVIDE (__preinit_array_end, .)

.init_array     0x08005c2c        0xc
                0x08005c2c                PROVIDE (__init_array_start, .)
 *(SORT(.init_array.*))
 *(.init_array*)
 .init_array    0x08005c2c        0x4 d:/programs/atollic truestudio/truestudio for stm32 9.3.0/armtools/bin/../lib/gcc/arm-atollic-eabi/6.3.1/armv7-m/crtbegin.o
 .init_array    0x08005c30        0x4 Core\Src\AllTasks.o
 .init_array    0x08005c34        0x4 Core\Src\TimeTool.o
                0x08005c38                PROVIDE (__init_array_end, .)

.fini_array     0x08005c38        0x4
                [!provide]                PROVIDE (__fini_array_start, .)
 *(SORT(.fini_array.*))
 *(.fini_array*)
 .fini_array    0x08005c38        0x4 d:/programs/atollic truestudio/truestudio for stm32 9.3.0/armtools/bin/../lib/gcc/arm-atollic-eabi/6.3.1/armv7-m/crtbegin.o
                [!provide]                PROVIDE (__fini_array_end, .)
                0x08005c3c                _sidata = LOADADDR (.data)

.data           0x20000000       0x80 load address 0x08005c3c
                0x20000000                . = ALIGN (0x4)
                0x20000000                _sdata = .
 *(.data)
 .data          0x20000000        0x4 d:/programs/atollic truestudio/truestudio for stm32 9.3.0/armtools/bin/../lib/gcc/arm-atollic-eabi/6.3.1/armv7-m/crtbegin.o
                0x20000000                __dso_handle
 *(.data*)
 .data.SystemCoreClock
                0x20000004        0x4 Core\Src\system_stm32f1xx.o
                0x20000004                SystemCoreClock
 .data.uwTickFreq
                0x20000008        0x1 Drivers\STM32F1xx_HAL_Driver\Src\stm32f1xx_hal.o
                0x20000008                uwTickFreq
 *fill*         0x20000009        0x3 
 .data.uwTickPrio
                0x2000000c        0x4 Drivers\STM32F1xx_HAL_Driver\Src\stm32f1xx_hal.o
                0x2000000c                uwTickPrio
 .data.uxCriticalNesting
                0x20000010        0x4 Middlewares\Third_Party\FreeRTOS\Source\portable\GCC\ARM_CM3\port.o
 .data._ZN10__cxxabiv119__terminate_handlerE
                0x20000014        0x4 d:/programs/atollic truestudio/truestudio for stm32 9.3.0/armtools/bin/../lib/gcc/arm-atollic-eabi/6.3.1/../../../../arm-atollic-eabi/lib/armv7-m\libstdc++_nano.a(eh_term_handler.o)
                0x20000014                __cxxabiv1::__terminate_handler
 .data._ZN10__cxxabiv120__unexpected_handlerE
                0x20000018        0x4 d:/programs/atollic truestudio/truestudio for stm32 9.3.0/armtools/bin/../lib/gcc/arm-atollic-eabi/6.3.1/../../../../arm-atollic-eabi/lib/armv7-m\libstdc++_nano.a(eh_unex_handler.o)
                0x20000018                __cxxabiv1::__unexpected_handler
 .data._impure_ptr
                0x2000001c        0x4 d:/programs/atollic truestudio/truestudio for stm32 9.3.0/armtools/bin/../lib/gcc/arm-atollic-eabi/6.3.1/../../../../arm-atollic-eabi/lib/armv7-m\libc_nano.a(lib_a-impure.o)
                0x2000001c                _impure_ptr
 .data.impure_data
                0x20000020       0x60 d:/programs/atollic truestudio/truestudio for stm32 9.3.0/armtools/bin/../lib/gcc/arm-atollic-eabi/6.3.1/../../../../arm-atollic-eabi/lib/armv7-m\libc_nano.a(lib_a-impure.o)
                0x20000080                . = ALIGN (0x4)
                0x20000080                _edata = .

.igot.plt       0x20000080        0x0 load address 0x08005cbc
 .igot.plt      0x20000080        0x0 d:/programs/atollic truestudio/truestudio for stm32 9.3.0/armtools/bin/../lib/gcc/arm-atollic-eabi/6.3.1/armv7-m/crtbegin.o
                0x20000080                . = ALIGN (0x4)

.bss            0x20000080     0x1190 load address 0x08005cbc
                0x20000080                _sbss = .
                0x20000080                __bss_start__ = _sbss
 *(.bss)
 .bss           0x20000080       0x1c d:/programs/atollic truestudio/truestudio for stm32 9.3.0/armtools/bin/../lib/gcc/arm-atollic-eabi/6.3.1/armv7-m/crtbegin.o
 .bss           0x2000009c       0x70 Core\Src\AllTasks.o
                0x2000009c                BatteryManagerHandle
                0x200000a0                LedUpHandle
                0x200000a4                receiveADC
                0x200000ac                per
                0x200000b0                volt
                0x200000b4                perAvrg
                0x200000b8                voltAvrg
                0x200000bc                currentTime
                0x200000c2                RXdata
                0x200000c4                led
                0x200000dc                led1
                0x200000f4                led2
 .bss           0x2000010c        0x8 Core\Src\TimeTool.o
                0x2000010c                time_tool
 .bss           0x20000114      0x258 Core\Src\freertos.o
                0x20000114                defaultTaskHandle
 *(.bss*)
 .bss.ucMaxSysCallPriority
                0x2000036c        0x1 Middlewares\Third_Party\FreeRTOS\Source\portable\GCC\ARM_CM3\port.o
 *fill*         0x2000036d        0x3 
 .bss.ulMaxPRIGROUPValue
                0x20000370        0x4 Middlewares\Third_Party\FreeRTOS\Source\portable\GCC\ARM_CM3\port.o
 .bss.pxEnd     0x20000374        0x4 Middlewares\Third_Party\FreeRTOS\Source\portable\MemMang\heap_4.o
 .bss.ucHeap    0x20000378      0xc00 Middlewares\Third_Party\FreeRTOS\Source\portable\MemMang\heap_4.o
 .bss.xBlockAllocatedBit
                0x20000f78        0x4 Middlewares\Third_Party\FreeRTOS\Source\portable\MemMang\heap_4.o
 .bss.xFreeBytesRemaining
                0x20000f7c        0x4 Middlewares\Third_Party\FreeRTOS\Source\portable\MemMang\heap_4.o
 .bss.xMinimumEverFreeBytesRemaining
                0x20000f80        0x4 Middlewares\Third_Party\FreeRTOS\Source\portable\MemMang\heap_4.o
 .bss.xStart    0x20000f84        0x8 Middlewares\Third_Party\FreeRTOS\Source\portable\MemMang\heap_4.o
 .bss.pxCurrentTCB
                0x20000f8c        0x4 Middlewares\Third_Party\FreeRTOS\Source\tasks.o
                0x20000f8c                pxCurrentTCB
 .bss.pxDelayedTaskList
                0x20000f90        0x4 Middlewares\Third_Party\FreeRTOS\Source\tasks.o
 .bss.pxOverflowDelayedTaskList
                0x20000f94        0x4 Middlewares\Third_Party\FreeRTOS\Source\tasks.o
 .bss.pxReadyTasksLists
                0x20000f98       0x8c Middlewares\Third_Party\FreeRTOS\Source\tasks.o
 .bss.uxCurrentNumberOfTasks
                0x20001024        0x4 Middlewares\Third_Party\FreeRTOS\Source\tasks.o
 .bss.uxDeletedTasksWaitingCleanUp
                0x20001028        0x4 Middlewares\Third_Party\FreeRTOS\Source\tasks.o
 .bss.uxPendedTicks
                0x2000102c        0x4 Middlewares\Third_Party\FreeRTOS\Source\tasks.o
 .bss.uxSchedulerSuspended
                0x20001030        0x4 Middlewares\Third_Party\FreeRTOS\Source\tasks.o
 .bss.uxTaskNumber
                0x20001034        0x4 Middlewares\Third_Party\FreeRTOS\Source\tasks.o
 .bss.uxTopReadyPriority
                0x20001038        0x4 Middlewares\Third_Party\FreeRTOS\Source\tasks.o
 .bss.xDelayedTaskList1
                0x2000103c       0x14 Middlewares\Third_Party\FreeRTOS\Source\tasks.o
 .bss.xDelayedTaskList2
                0x20001050       0x14 Middlewares\Third_Party\FreeRTOS\Source\tasks.o
 .bss.xNextTaskUnblockTime
                0x20001064        0x4 Middlewares\Third_Party\FreeRTOS\Source\tasks.o
 .bss.xNumOfOverflows
                0x20001068        0x4 Middlewares\Third_Party\FreeRTOS\Source\tasks.o
 .bss.xPendingReadyList
                0x2000106c       0x14 Middlewares\Third_Party\FreeRTOS\Source\tasks.o
 .bss.xSchedulerRunning
                0x20001080        0x4 Middlewares\Third_Party\FreeRTOS\Source\tasks.o
 .bss.xSuspendedTaskList
                0x20001084       0x14 Middlewares\Third_Party\FreeRTOS\Source\tasks.o
 .bss.xTasksWaitingTermination
                0x20001098       0x14 Middlewares\Third_Party\FreeRTOS\Source\tasks.o
 .bss.xTickCount
                0x200010ac        0x4 Middlewares\Third_Party\FreeRTOS\Source\tasks.o
 .bss.xYieldPending
                0x200010b0        0x4 Middlewares\Third_Party\FreeRTOS\Source\tasks.o
 .bss._ZL10eh_globals
                0x200010b4        0xc d:/programs/atollic truestudio/truestudio for stm32 9.3.0/armtools/bin/../lib/gcc/arm-atollic-eabi/6.3.1/../../../../arm-atollic-eabi/lib/armv7-m\libstdc++_nano.a(eh_globals.o)
 .bss.__malloc_free_list
                0x200010c0        0x4 d:/programs/atollic truestudio/truestudio for stm32 9.3.0/armtools/bin/../lib/gcc/arm-atollic-eabi/6.3.1/../../../../arm-atollic-eabi/lib/armv7-m\libc_nano.a(lib_a-nano-mallocr.o)
                0x200010c0                __malloc_free_list
 *(COMMON)
 COMMON         0x200010c4       0x74 Core\Src\adc.o
                0x200010c4                hadc1
                0x200010f4                hdma_adc1
 COMMON         0x20001138       0x48 Core\Src\stm32f1xx_hal_timebase_tim.o
                0x20001138                htim1
 COMMON         0x20001180       0x48 Core\Src\tim.o
                0x20001180                htim4
 COMMON         0x200011c8       0x40 Core\Src\usart.o
                0x200011c8                huart3
 COMMON         0x20001208        0x4 Drivers\STM32F1xx_HAL_Driver\Src\stm32f1xx_hal.o
                0x20001208                uwTick
 COMMON         0x2000120c        0x4 d:/programs/atollic truestudio/truestudio for stm32 9.3.0/armtools/bin/../lib/gcc/arm-atollic-eabi/6.3.1/../../../../arm-atollic-eabi/lib/armv7-m\libc_nano.a(lib_a-reent.o)
                0x2000120c                errno
                0x20001210                . = ALIGN (0x4)
                0x20001210                _ebss = .
                0x20001210                __bss_end__ = _ebss

._user_heap_stack
                0x20001210      0x600 load address 0x08005cbc
                0x20001210                . = ALIGN (0x4)
                0x20001210                PROVIDE (end, .)
                [!provide]                PROVIDE (_end, .)
                0x20001410                . = (. + _Min_Heap_Size)
 *fill*         0x20001210      0x200 
                0x20001810                . = (. + _Min_Stack_Size)
 *fill*         0x20001410      0x400 
                0x20001810                . = ALIGN (0x4)

/DISCARD/
 libc.a(*)
 libm.a(*)
 libgcc.a(*)

.ARM.attributes
                0x00000000       0x29
 *(.ARM.attributes)
 .ARM.attributes
                0x00000000       0x1d d:/programs/atollic truestudio/truestudio for stm32 9.3.0/armtools/bin/../lib/gcc/arm-atollic-eabi/6.3.1/armv7-m/crti.o
 .ARM.attributes
                0x0000001d       0x2d d:/programs/atollic truestudio/truestudio for stm32 9.3.0/armtools/bin/../lib/gcc/arm-atollic-eabi/6.3.1/armv7-m/crtbegin.o
 .ARM.attributes
                0x0000004a       0x33 Core\Src\ADC_Tools.o
 .ARM.attributes
                0x0000007d       0x33 Core\Src\AllTasks.o
 .ARM.attributes
                0x000000b0       0x33 Core\Src\HallSensor.o
 .ARM.attributes
                0x000000e3       0x33 Core\Src\LedNotifier.o
 .ARM.attributes
                0x00000116       0x33 Core\Src\LipoCell.o
 .ARM.attributes
                0x00000149       0x33 Core\Src\TimeTool.o
 .ARM.attributes
                0x0000017c       0x33 Core\Src\adc.o
 .ARM.attributes
                0x000001af       0x33 Core\Src\dma.o
 .ARM.attributes
                0x000001e2       0x33 Core\Src\freertos.o
 .ARM.attributes
                0x00000215       0x33 Core\Src\gpio.o
 .ARM.attributes
                0x00000248       0x33 Core\Src\main.o
 .ARM.attributes
                0x0000027b       0x33 Core\Src\stm32f1xx_hal_msp.o
 .ARM.attributes
                0x000002ae       0x33 Core\Src\stm32f1xx_hal_timebase_tim.o
 .ARM.attributes
                0x000002e1       0x33 Core\Src\stm32f1xx_it.o
 .ARM.attributes
                0x00000314       0x33 Core\Src\syscalls.o
 .ARM.attributes
                0x00000347       0x33 Core\Src\system_stm32f1xx.o
 .ARM.attributes
                0x0000037a       0x33 Core\Src\tim.o
 .ARM.attributes
                0x000003ad       0x33 Core\Src\usart.o
 .ARM.attributes
                0x000003e0       0x33 Drivers\STM32F1xx_HAL_Driver\Src\stm32f1xx_hal.o
 .ARM.attributes
                0x00000413       0x33 Drivers\STM32F1xx_HAL_Driver\Src\stm32f1xx_hal_adc.o
 .ARM.attributes