LedNotifier.h:81:16:GPIO_PinState LedNotifier::getONPinState()	16	static
LedNotifier.h:82:16:GPIO_PinState LedNotifier::getOFFPinState()	16	static
LedNotifier.cpp:10:6:void LedNotifier::on()	24	static
LedNotifier.cpp:17:6:void LedNotifier::off()	24	static
LedNotifier.cpp:24:6:void LedNotifier::blink_config(uint32_t)	16	static
LedNotifier.cpp:28:6:void LedNotifier::blink_config(uint32_t, uint32_t)	24	static
LedNotifier.cpp:42:6:void LedNotifier::blink_process()	16	static
LedNotifier.cpp:52:6:void LedNotifier::toggle()	16	static
LedNotifier.cpp:56:6:void LedNotifier::toggle_blinkstate()	16	static
LedNotifier.cpp:61:10:uint32_t LedNotifier::getPeriod()	16	static
LedNotifier.cpp:67:6:void LedNotifier::timerSTOP()	16	static
LedNotifier.cpp:72:6:void LedNotifier::timerSTART()	24	static
LedNotifier.cpp:77:23:LedNotifier::LedState LedNotifier::getState()	16	static
LedNotifier.cpp:82:1:LedNotifier::LedNotifier(GPIO_TypeDef*, uint16_t, TIM_HandleTypeDef*, uint8_t)	24	static
LedNotifier.cpp:90:1:LedNotifier::~LedNotifier()	16	static
LedNotifier.cpp:90:1:virtual LedNotifier::~LedNotifier()	16	static
