new:146:14:void* operator new(std::size_t, void*)	16	static
LedNotifierManager.cpp:11:6:void LedNotifierManager::init()	48	static
LedNotifierManager.cpp:17:6:void LedNotifierManager::process(osEvent&)	16	static
LedNotifierManager.cpp:50:1:LedNotifierManager::LedNotifierManager()	16	static
LedNotifierManager.cpp:55:1:LedNotifierManager::~LedNotifierManager()	16	static
LedNotifierManager.cpp:55:1:virtual LedNotifierManager::~LedNotifierManager()	16	static
stl_vector.h:914:7:void std::vector<_Tp, _Alloc>::push_back(const value_type&) [with _Tp = LedNotifier*; _Alloc = std::allocator<LedNotifier*>]	16	static
stl_vector.h:780:7:std::vector<_Tp, _Alloc>::reference std::vector<_Tp, _Alloc>::operator[](std::vector<_Tp, _Alloc>::size_type) [with _Tp = LedNotifier*; _Alloc = std::allocator<LedNotifier*>]	16	static
stl_vector.h:255:7:std::vector<_Tp, _Alloc>::vector() [with _Tp = LedNotifier*; _Alloc = std::allocator<LedNotifier*>]	16	static
stl_vector.h:425:7:std::vector<_Tp, _Alloc>::~vector() [with _Tp = LedNotifier*; _Alloc = std::allocator<LedNotifier*>]	24	static
alloc_traits.h:136:19:static void __gnu_cxx::__alloc_traits<_Alloc>::construct(_Alloc&, __gnu_cxx::__alloc_traits<_Alloc>::pointer, const _Tp&) [with _Tp = LedNotifier*; _Alloc = std::allocator<LedNotifier*>]	24	static
vector.tcc:326:5:void std::vector<_Tp, _Alloc>::_M_insert_aux(std::vector<_Tp, _Alloc>::iterator, const _Tp&) [with _Tp = LedNotifier*; _Alloc = std::allocator<LedNotifier*>]	56	static
stl_vector.h:566:7:std::vector<_Tp, _Alloc>::iterator std::vector<_Tp, _Alloc>::end() [with _Tp = LedNotifier*; _Alloc = std::allocator<LedNotifier*>]	24	static
stl_vector.h:79:14:std::_Vector_base<LedNotifier*, std::allocator<LedNotifier*> >::_Vector_impl::~_Vector_impl()	16	static
stl_vector.h:124:7:std::_Vector_base<_Tp, _Alloc>::_Vector_base() [with _Tp = LedNotifier*; _Alloc = std::allocator<LedNotifier*>]	16	static
stl_vector.h:159:7:std::_Vector_base<_Tp, _Alloc>::~_Vector_base() [with _Tp = LedNotifier*; _Alloc = std::allocator<LedNotifier*>]	16	static
stl_vector.h:113:7:std::_Vector_base<_Tp, _Alloc>::_Tp_alloc_type& std::_Vector_base<_Tp, _Alloc>::_M_get_Tp_allocator() [with _Tp = LedNotifier*; _Alloc = std::allocator<LedNotifier*>]	16	static
stl_construct.h:148:5:void std::_Destroy(_ForwardIterator, _ForwardIterator, std::allocator<_T2>&) [with _ForwardIterator = LedNotifier**; _Tp = LedNotifier*]	24	static
new_allocator.h:129:7:void __gnu_cxx::new_allocator<_Tp>::construct(__gnu_cxx::new_allocator<_Tp>::pointer, const _Tp&) [with _Tp = LedNotifier*]	24	static
stl_iterator.h:841:7:const _Iterator& __gnu_cxx::__normal_iterator<_Iterator, _Container>::base() const [with _Iterator = LedNotifier**; _Container = std::vector<LedNotifier*>]	16	static
stl_algobase.h:622:5:_BI2 std::copy_backward(_BI1, _BI1, _BI2) [with _BI1 = LedNotifier**; _BI2 = LedNotifier**]	32	static
stl_iterator.h:789:7:__gnu_cxx::__normal_iterator<_Iterator, _Container>::reference __gnu_cxx::__normal_iterator<_Iterator, _Container>::operator*() const [with _Iterator = LedNotifier**; _Container = std::vector<LedNotifier*>]	16	static
stl_vector.h:1420:7:std::vector<_Tp, _Alloc>::size_type std::vector<_Tp, _Alloc>::_M_check_len(std::vector<_Tp, _Alloc>::size_type, const char*) const [with _Tp = LedNotifier*; _Alloc = std::allocator<LedNotifier*>]	40	static
stl_vector.h:548:7:std::vector<_Tp, _Alloc>::iterator std::vector<_Tp, _Alloc>::begin() [with _Tp = LedNotifier*; _Alloc = std::allocator<LedNotifier*>]	24	static
stl_iterator.h:959:5:typename __gnu_cxx::__normal_iterator<_Iterator, _Container>::difference_type __gnu_cxx::operator-(const __gnu_cxx::__normal_iterator<_Iterator, _Container>&, const __gnu_cxx::__normal_iterator<_Iterator, _Container>&) [with _Iterator = LedNotifier**; _Container = std::vector<LedNotifier*>]	24	static
stl_vector.h:167:7:std::_Vector_base<_Tp, _Alloc>::pointer std::_Vector_base<_Tp, _Alloc>::_M_allocate(std::size_t) [with _Tp = LedNotifier*; _Alloc = std::allocator<LedNotifier*>]	16	static
stl_uninitialized.h:297:5:_ForwardIterator std::__uninitialized_move_if_noexcept_a(_InputIterator, _InputIterator, _ForwardIterator, _Allocator&) [with _InputIterator = LedNotifier**; _ForwardIterator = LedNotifier**; _Allocator = std::allocator<LedNotifier*>]	24	static
alloc_traits.h:139:17:static void __gnu_cxx::__alloc_traits<_Alloc>::destroy(_Alloc&, __gnu_cxx::__alloc_traits<_Alloc>::pointer) [with _Alloc = std::allocator<LedNotifier*>]	16	static
stl_vector.h:174:7:void std::_Vector_base<_Tp, _Alloc>::_M_deallocate(std::_Vector_base<_Tp, _Alloc>::pointer, std::size_t) [with _Tp = LedNotifier*; _Alloc = std::allocator<LedNotifier*>]	24	static
stl_iterator.h:776:7:__gnu_cxx::__normal_iterator<_Iterator, _Container>::__normal_iterator(const _Iterator&) [with _Iterator = LedNotifier**; _Container = std::vector<LedNotifier*>]	16	static
stl_vector.h:86:2:std::_Vector_base<_Tp, _Alloc>::_Vector_impl::_Vector_impl() [with _Tp = LedNotifier*; _Alloc = std::allocator<LedNotifier*>]	16	static
allocator.h:139:7:std::allocator< <template-parameter-1-1> >::~allocator() [with _Tp = LedNotifier*]	16	static
stl_construct.h:122:5:void std::_Destroy(_ForwardIterator, _ForwardIterator) [with _ForwardIterator = LedNotifier**]	16	static
cpp_type_traits.h:408:5:_Iterator std::__miter_base(_Iterator) [with _Iterator = LedNotifier**]	16	static
stl_algobase.h:595:5:_BI2 std::__copy_move_backward_a2(_BI1, _BI1, _BI2) [with bool _IsMove = false; _BI1 = LedNotifier**; _BI2 = LedNotifier**]	32	static
stl_vector.h:660:7:std::vector<_Tp, _Alloc>::size_type std::vector<_Tp, _Alloc>::max_size() const [with _Tp = LedNotifier*; _Alloc = std::allocator<LedNotifier*>]	16	static
stl_vector.h:655:7:std::vector<_Tp, _Alloc>::size_type std::vector<_Tp, _Alloc>::size() const [with _Tp = LedNotifier*; _Alloc = std::allocator<LedNotifier*>]	16	static
stl_algobase.h:219:5:const _Tp& std::max(const _Tp&, const _Tp&) [with _Tp = unsigned int]	16	static
alloc_traits.h:129:5:static __gnu_cxx::__alloc_traits<_Alloc>::pointer __gnu_cxx::__alloc_traits<_Alloc>::allocate(_Alloc&, __gnu_cxx::__alloc_traits<_Alloc>::size_type) [with _Alloc = std::allocator<LedNotifier*>]	16	static
stl_uninitialized.h:279:5:_ForwardIterator std::__uninitialized_copy_a(_InputIterator, _InputIterator, _ForwardIterator, std::allocator<_Tp>&) [with _InputIterator = LedNotifier**; _ForwardIterator = LedNotifier**; _Tp = LedNotifier*]	24	static
new_allocator.h:133:7:void __gnu_cxx::new_allocator<_Tp>::destroy(__gnu_cxx::new_allocator<_Tp>::pointer) [with _Tp = LedNotifier*]	16	static
alloc_traits.h:132:17:static void __gnu_cxx::__alloc_traits<_Alloc>::deallocate(_Alloc&, __gnu_cxx::__alloc_traits<_Alloc>::pointer, __gnu_cxx::__alloc_traits<_Alloc>::size_type) [with _Alloc = std::allocator<LedNotifier*>]	24	static
allocator.h:131:7:std::allocator< <template-parameter-1-1> >::allocator() [with _Tp = LedNotifier*]	16	static
new_allocator.h:86:7:__gnu_cxx::new_allocator<_Tp>::~new_allocator() [with _Tp = LedNotifier*]	16	static
stl_construct.h:112:9:static void std::_Destroy_aux<true>::__destroy(_ForwardIterator, _ForwardIterator) [with _ForwardIterator = LedNotifier**]	16	static
stl_algobase.h:277:5:_Iterator std::__niter_base(_Iterator) [with _Iterator = LedNotifier**]	16	static
stl_algobase.h:577:5:_BI2 std::__copy_move_backward_a(_BI1, _BI1, _BI2) [with bool _IsMove = false; _BI1 = LedNotifier**; _BI2 = LedNotifier**]	32	static
alloc_traits.h:142:22:static __gnu_cxx::__alloc_traits<_Alloc>::size_type __gnu_cxx::__alloc_traits<_Alloc>::max_size(const _Alloc&) [with _Alloc = std::allocator<LedNotifier*>]	16	static
stl_vector.h:117:7:const _Tp_alloc_type& std::_Vector_base<_Tp, _Alloc>::_M_get_Tp_allocator() const [with _Tp = LedNotifier*; _Alloc = std::allocator<LedNotifier*>]	16	static
new_allocator.h:99:7:_Tp* __gnu_cxx::new_allocator<_Tp>::allocate(__gnu_cxx::new_allocator<_Tp>::size_type, const void*) [with _Tp = LedNotifier*]	24	static
stl_uninitialized.h:107:5:_ForwardIterator std::uninitialized_copy(_InputIterator, _InputIterator, _ForwardIterator) [with _InputIterator = LedNotifier**; _ForwardIterator = LedNotifier**]	32	static
new_allocator.h:109:7:void __gnu_cxx::new_allocator<_Tp>::deallocate(__gnu_cxx::new_allocator<_Tp>::pointer, __gnu_cxx::new_allocator<_Tp>::size_type) [with _Tp = LedNotifier*]	24	static
new_allocator.h:79:7:__gnu_cxx::new_allocator<_Tp>::new_allocator() [with _Tp = LedNotifier*]	16	static
stl_algobase.h:559:9:static _Tp* std::__copy_move_backward<_IsMove, true, std::random_access_iterator_tag>::__copy_move_b(const _Tp*, const _Tp*, _Tp*) [with _Tp = LedNotifier*; bool _IsMove = false]	32	static
new_allocator.h:113:7:__gnu_cxx::new_allocator<_Tp>::size_type __gnu_cxx::new_allocator<_Tp>::max_size() const [with _Tp = LedNotifier*]	16	static
stl_uninitialized.h:91:9:static _ForwardIterator std::__uninitialized_copy<true>::__uninit_copy(_InputIterator, _InputIterator, _ForwardIterator) [with _InputIterator = LedNotifier**; _ForwardIterator = LedNotifier**]	24	static
stl_algobase.h:446:5:_OI std::copy(_II, _II, _OI) [with _II = LedNotifier**; _OI = LedNotifier**]	32	static
stl_algobase.h:420:5:_OI std::__copy_move_a2(_II, _II, _OI) [with bool _IsMove = false; _II = LedNotifier**; _OI = LedNotifier**]	32	static
stl_algobase.h:375:5:_OI std::__copy_move_a(_II, _II, _OI) [with bool _IsMove = false; _II = LedNotifier**; _OI = LedNotifier**]	32	static
stl_algobase.h:357:9:static _Tp* std::__copy_move<_IsMove, true, std::random_access_iterator_tag>::__copy_m(const _Tp*, const _Tp*, _Tp*) [with _Tp = LedNotifier*; bool _IsMove = false]	32	static
