ADC_Tools.h:13:8:float ADC_Tools::getVoltage() const	16	static
ADC_Tools.h:15:16:virtual float ADC_Tools::getPercentage() const	16	static
SupplyBranch.cpp:10:1:SupplyBranch::SupplyBranch(float, float)	24	static
SupplyBranch.cpp:15:1:SupplyBranch::~SupplyBranch()	16	static
SupplyBranch.cpp:15:1:virtual SupplyBranch::~SupplyBranch()	16	static
SupplyBranch.cpp:19:6:void SupplyBranch::update(uint32_t)	24	static
SupplyBranch.cpp:24:7:virtual float SupplyBranch::getVoltageAvrg()	16	static
SupplyBranch.cpp:28:7:virtual float SupplyBranch::getPercentageAvrg()	24	static
SupplyBranch.cpp:34:9:uint8_t SupplyBranch::isCloseToZero()	24	static
Average.h:31:2:Average<T, s>::Average() [with T = float; unsigned char s = 10u]	16	static
Average.h:34:2:Average<T, s>::~Average() [with T = float; unsigned char s = 10u]	16	static
Average.h:38:7:void Average<T, s>::insert(T) [with T = float; unsigned char s = 10u]	16	static
Average.h:49:5:T& Average<T, s>::operator()() [with T = float; unsigned char s = 10u]	16	static
Average.h:42:7:void Average<T, s>::clear() [with T = float; unsigned char s = 10u]	24	static
Average.h:16:7:void Average<T, s>::indexIterate() [with T = float; unsigned char s = 10u]	16	static
Average.h:24:7:void Average<T, s>::calculate() [with T = float; unsigned char s = 10u]	24	static
